ARM Linker, 5.03 [Build 76] [MDK-ARM Lite]

==============================================================================

Section Cross References

    keil_freertos_startup_lpc17xx40xx.o(STACK) refers (Special) to heapauxi.o(.text) for __use_two_region_memory
    keil_freertos_startup_lpc17xx40xx.o(HEAP) refers (Special) to heapauxi.o(.text) for __use_two_region_memory
    keil_freertos_startup_lpc17xx40xx.o(RESET) refers (Special) to heapauxi.o(.text) for __use_two_region_memory
    keil_freertos_startup_lpc17xx40xx.o(RESET) refers to keil_freertos_startup_lpc17xx40xx.o(STACK) for __initial_sp
    keil_freertos_startup_lpc17xx40xx.o(RESET) refers to keil_freertos_startup_lpc17xx40xx.o(.text) for Reset_Handler
    keil_freertos_startup_lpc17xx40xx.o(RESET) refers to port.o(.emb_text) for vPortSVCHandler
    keil_freertos_startup_lpc17xx40xx.o(RESET) refers to port.o(i.xPortSysTickHandler) for xPortSysTickHandler
    keil_freertos_startup_lpc17xx40xx.o(.text) refers (Special) to heapauxi.o(.text) for __use_two_region_memory
    keil_freertos_startup_lpc17xx40xx.o(.text) refers to sysinit_lpc1766stk.o(i.SystemInit) for SystemInit
    keil_freertos_startup_lpc17xx40xx.o(.text) refers to __main.o(!!!main) for __main
    keil_freertos_startup_lpc17xx40xx.o(.text) refers to keil_freertos_startup_lpc17xx40xx.o(HEAP) for Heap_Mem
    keil_freertos_startup_lpc17xx40xx.o(.text) refers to keil_freertos_startup_lpc17xx40xx.o(STACK) for Stack_Mem
    port.o(.emb_text) refers to tasks.o(i.vTaskSwitchContext) for vTaskSwitchContext
    port.o(.emb_text) refers to tasks.o(.data) for pxCurrentTCB
    port.o(i.prvTaskExitError) refers to port.o(.emb_text) for ulPortSetInterruptMask
    port.o(i.pxPortInitialiseStack) refers to port.o(i.prvTaskExitError) for prvTaskExitError
    port.o(i.vPortEnterCritical) refers to port.o(.emb_text) for ulPortSetInterruptMask
    port.o(i.vPortEnterCritical) refers to port.o(.data) for .data
    port.o(i.vPortExitCritical) refers to port.o(.emb_text) for vPortClearInterruptMask
    port.o(i.vPortExitCritical) refers to port.o(.data) for .data
    port.o(i.vPortSetupTimerInterrupt) refers to board_lpc1766stk.o(.data) for SystemCoreClock
    port.o(i.vPortSetupTimerInterrupt) refers to port.o(.data) for .data
    port.o(i.vPortSuppressTicksAndSleep) refers to tasks.o(i.eTaskConfirmSleepModeStatus) for eTaskConfirmSleepModeStatus
    port.o(i.vPortSuppressTicksAndSleep) refers to port.o(i.vPortEnterCritical) for vPortEnterCritical
    port.o(i.vPortSuppressTicksAndSleep) refers to tasks.o(i.vTaskStepTick) for vTaskStepTick
    port.o(i.vPortSuppressTicksAndSleep) refers to port.o(i.vPortExitCritical) for vPortExitCritical
    port.o(i.vPortSuppressTicksAndSleep) refers to port.o(.data) for .data
    port.o(i.xPortStartScheduler) refers to port.o(i.vPortSetupTimerInterrupt) for vPortSetupTimerInterrupt
    port.o(i.xPortStartScheduler) refers to port.o(.emb_text) for __asm___6_port_c_39a90d8d__prvStartFirstTask
    port.o(i.xPortStartScheduler) refers to port.o(.data) for .data
    port.o(i.xPortSysTickHandler) refers to port.o(.emb_text) for ulPortSetInterruptMask
    port.o(i.xPortSysTickHandler) refers to tasks.o(i.xTaskIncrementTick) for xTaskIncrementTick
    croutine.o(i.prvCheckDelayedList) refers to tasks.o(i.xTaskGetTickCount) for xTaskGetTickCount
    croutine.o(i.prvCheckDelayedList) refers to port.o(.emb_text) for ulPortSetInterruptMask
    croutine.o(i.prvCheckDelayedList) refers to list.o(i.uxListRemove) for uxListRemove
    croutine.o(i.prvCheckDelayedList) refers to list.o(i.vListInsertEnd) for vListInsertEnd
    croutine.o(i.prvCheckDelayedList) refers to croutine.o(.data) for .data
    croutine.o(i.prvCheckDelayedList) refers to croutine.o(.bss) for .bss
    croutine.o(i.vCoRoutineAddToDelayedList) refers to list.o(i.uxListRemove) for uxListRemove
    croutine.o(i.vCoRoutineAddToDelayedList) refers to list.o(i.vListInsert) for vListInsert
    croutine.o(i.vCoRoutineAddToDelayedList) refers to croutine.o(.data) for .data
    croutine.o(i.vCoRoutineSchedule) refers to port.o(.emb_text) for ulPortSetInterruptMask
    croutine.o(i.vCoRoutineSchedule) refers to list.o(i.uxListRemove) for uxListRemove
    croutine.o(i.vCoRoutineSchedule) refers to list.o(i.vListInsertEnd) for vListInsertEnd
    croutine.o(i.vCoRoutineSchedule) refers to croutine.o(i.prvCheckDelayedList) for prvCheckDelayedList
    croutine.o(i.vCoRoutineSchedule) refers to croutine.o(.bss) for .bss
    croutine.o(i.vCoRoutineSchedule) refers to croutine.o(.data) for .data
    croutine.o(i.xCoRoutineCreate) refers to heap_3.o(i.pvPortMalloc) for pvPortMalloc
    croutine.o(i.xCoRoutineCreate) refers to list.o(i.vListInitialise) for vListInitialise
    croutine.o(i.xCoRoutineCreate) refers to list.o(i.vListInitialiseItem) for vListInitialiseItem
    croutine.o(i.xCoRoutineCreate) refers to list.o(i.vListInsertEnd) for vListInsertEnd
    croutine.o(i.xCoRoutineCreate) refers to croutine.o(.data) for .data
[...]
    heap2.o(i._malloc$realtime) refers to fdtree.o(i._FDTree_FindFirst) for _FDTree_FindFirst
    heap2.o(i._malloc$realtime) refers to init_alloc.o(.text) for __Heap_Full
    heap2.o(i._malloc$realtime) refers to fdtree.o(i._FDTree_RemoveNode) for _FDTree_RemoveNode
    heap2.o(i._malloc$realtime) refers to fdtree.o(i._FDTree_Insert) for _FDTree_Insert
    heap2.o(i._posix_memalign$realtime) refers to rt_heap_descriptor_intlibspace.o(.text) for __rt_heap_descriptor
    heap2.o(i._posix_memalign$realtime) refers to fdtree.o(i._FDTree_FindFirst) for _FDTree_FindFirst
    heap2.o(i._posix_memalign$realtime) refers to init_alloc.o(.text) for __Heap_Full
    heap2.o(i._posix_memalign$realtime) refers to fdtree.o(i._FDTree_RemoveNode) for _FDTree_RemoveNode
    heap2.o(i._posix_memalign$realtime) refers to fdtree.o(i._FDTree_Insert) for _FDTree_Insert
    heap2.o(i._realloc$realtime) refers to rt_heap_descriptor_intlibspace.o(.text) for __rt_heap_descriptor
    heap2.o(i._realloc$realtime) refers to fdtree.o(i._FDTree_Insert) for _FDTree_Insert
    heap2.o(i._realloc$realtime) refers to h1_free.o(.text) for free
    heap2.o(i._realloc$realtime) refers to h1_alloc.o(.text) for malloc
    heap2.o(i._realloc$realtime) refers to fdtree.o(i._FDTree_Delete) for _FDTree_Delete
    heap2.o(i._realloc$realtime) refers to rt_memcpy_w.o(.text) for __aeabi_memcpy4
    heap2mt.o(i._FDIterate) refers to heap2mt.o(.constdata) for .constdata
    heap2mt.o(i.___Heap_Initialize$realtime$concurrent) refers to mutex_dummy.o(.text) for _mutex_initialize
    heap2mt.o(i.___Heap_ProvideMemory$realtime$concurrent) refers to fdtree.o(i._FDTree_Delete) for _FDTree_Delete
    heap2mt.o(i.___Heap_ProvideMemory$realtime$concurrent) refers to fdtree.o(i._FDTree_Insert) for _FDTree_Insert
    heap2mt.o(i.___Heap_Stats$realtime$concurrent) refers to heap2mt.o(i._Heap2_StatsIterate) for _Heap2_StatsIterate
    heap2mt.o(i.___Heap_Valid$realtime$concurrent) refers to heap2mt.o(i._FDIterate) for _FDIterate
    heap2mt.o(i.___Heap_Valid$realtime$concurrent) refers to heap2mt.o(.constdata) for .constdata
    heap2mt.o(i._free$realtime$concurrent) refers to rt_heap_descriptor_intlibspace.o(.text) for __rt_heap_descriptor
    heap2mt.o(i._free$realtime$concurrent) refers to fdtree.o(i._FDTree_Delete) for _FDTree_Delete
    heap2mt.o(i._free$realtime$concurrent) refers to fdtree.o(i._FDTree_Insert) for _FDTree_Insert
    heap2mt.o(i._malloc$realtime$concurrent) refers to rt_heap_descriptor_intlibspace.o(.text) for __rt_heap_descriptor
    heap2mt.o(i._malloc$realtime$concurrent) refers to fdtree.o(i._FDTree_FindFirst) for _FDTree_FindFirst
    heap2mt.o(i._malloc$realtime$concurrent) refers to init_alloc.o(.text) for __Heap_Full
    heap2mt.o(i._malloc$realtime$concurrent) refers to fdtree.o(i._FDTree_RemoveNode) for _FDTree_RemoveNode
    heap2mt.o(i._malloc$realtime$concurrent) refers to fdtree.o(i._FDTree_Insert) for _FDTree_Insert
    heap2mt.o(i._posix_memalign$realtime$concurrent) refers to rt_heap_descriptor_intlibspace.o(.text) for __rt_heap_descriptor
    heap2mt.o(i._posix_memalign$realtime$concurrent) refers to fdtree.o(i._FDTree_FindFirst) for _FDTree_FindFirst
    heap2mt.o(i._posix_memalign$realtime$concurrent) refers to init_alloc.o(.text) for __Heap_Full
    heap2mt.o(i._posix_memalign$realtime$concurrent) refers to fdtree.o(i._FDTree_RemoveNode) for _FDTree_RemoveNode
    heap2mt.o(i._posix_memalign$realtime$concurrent) refers to fdtree.o(i._FDTree_Insert) for _FDTree_Insert
    heap2mt.o(i._realloc$realtime$concurrent) refers to rt_heap_descriptor_intlibspace.o(.text) for __rt_heap_descriptor
    heap2mt.o(i._realloc$realtime$concurrent) refers to fdtree.o(i._FDTree_Insert) for _FDTree_Insert
    heap2mt.o(i._realloc$realtime$concurrent) refers to h1_free.o(.text) for free
    heap2mt.o(i._realloc$realtime$concurrent) refers to h1_alloc.o(.text) for malloc
    heap2mt.o(i._realloc$realtime$concurrent) refers to fdtree.o(i._FDTree_Delete) for _FDTree_Delete
    heap2mt.o(i._realloc$realtime$concurrent) refers to rt_memcpy_w.o(.text) for __aeabi_memcpy4
    __2printf.o(.text) refers to _printf_char_file.o(.text) for _printf_char_file
    __2printf.o(.text) refers to board_lpc1766stk.o(.data) for __stdout
    noretval__2printf.o(.text) refers to _printf_char_file.o(.text) for _printf_char_file
    noretval__2printf.o(.text) refers to board_lpc1766stk.o(.data) for __stdout
    __printf.o(.text) refers to _printf_percent.o(.ARM.Collect$$_printf_percent$$00000000) for _printf_percent
    _printf_str.o(.text) refers (Special) to _printf_char.o(.text) for _printf_cs_common
    __printf_flags.o(.text) refers to _printf_percent.o(.ARM.Collect$$_printf_percent$$00000000) for _printf_percent
    __printf_flags.o(.text) refers to __printf_flags.o(.constdata) for .constdata
    __printf_ss.o(.text) refers to _printf_percent.o(.ARM.Collect$$_printf_percent$$00000000) for _printf_percent
    __printf_flags_ss.o(.text) refers to _printf_percent.o(.ARM.Collect$$_printf_percent$$00000000) for _printf_percent
    __printf_flags_ss.o(.text) refers to __printf_flags_ss.o(.constdata) for .constdata
    __printf_wp.o(.text) refers to __printf_wp.o(i._is_digit) for _is_digit
    __printf_wp.o(.text) refers to _printf_percent.o(.ARM.Collect$$_printf_percent$$00000000) for _printf_percent
    __printf_flags_wp.o(.text) refers to __printf_wp.o(i._is_digit) for _is_digit
    __printf_flags_wp.o(.text) refers to _printf_percent.o(.ARM.Collect$$_printf_percent$$00000000) for _printf_percent
    __printf_flags_wp.o(.text) refers to __printf_flags_wp.o(.constdata) for .constdata
    __printf_ss_wp.o(.text) refers to __printf_wp.o(i._is_digit) for _is_digit
    __printf_ss_wp.o(.text) refers to _printf_percent.o(.ARM.Collect$$_printf_percent$$00000000) for _printf_percent
    __printf_flags_ss_wp.o(.text) refers to __printf_wp.o(i._is_digit) for _is_digit
    __printf_flags_ss_wp.o(.text) refers to _printf_percent.o(.ARM.Collect$$_printf_percent$$00000000) for _printf_percent
    __printf_flags_ss_wp.o(.text) refers to __printf_flags_ss_wp.o(.constdata) for .constdata
    _printf_s.o(.ARM.Collect$$_printf_percent$$00000014) refers (Weak) to _printf_char.o(.text) for _printf_string
    _printf_percent.o(.ARM.Collect$$_printf_percent$$00000000) refers (Special) to _printf_percent_end.o(.ARM.Collect$$_printf_percent$$00000017) for _printf_percent_end
    rt_memcpy_v6.o(.text) refers to rt_memcpy_w.o(.text) for __aeabi_memcpy4
    aeabi_memset.o(.text) refers to rt_memclr.o(.text) for _memset
    __main.o(!!!main) refers to rtentry.o(.ARM.Collect$$rtentry$$00000000) for __rt_entry
    rtentry.o(.ARM.Collect$$rtentry$$00000000) refers (Special) to rtentry2.o(.ARM.Collect$$rtentry$$0000000A) for __rt_entry_li
    rtentry.o(.ARM.Collect$$rtentry$$00000000) refers (Special) to rtentry2.o(.ARM.Collect$$rtentry$$0000000D) for __rt_entry_main
    rtentry.o(.ARM.Collect$$rtentry$$00000000) refers (Special) to rtentry2.o(.ARM.Collect$$rtentry$$0000000C) for __rt_entry_postli_1
    rtentry.o(.ARM.Collect$$rtentry$$00000000) refers (Special) to rtentry2.o(.ARM.Collect$$rtentry$$00000009) for __rt_entry_postsh_1
    rtentry.o(.ARM.Collect$$rtentry$$00000000) refers (Special) to rtentry2.o(.ARM.Collect$$rtentry$$00000002) for __rt_entry_presh_1
    rtentry.o(.ARM.Collect$$rtentry$$00000000) refers (Special) to rtentry4.o(.ARM.Collect$$rtentry$$00000004) for __rt_entry_sh
    aeabi_ldiv0_sigfpe.o(.text) refers to rt_div0.o(.text) for __rt_div0
    rt_heap_descriptor.o(.text) refers to rt_heap_descriptor.o(.bss) for __rt_heap_descriptor_data
    rt_heap_descriptor_intlibspace.o(.text) refers to libspace.o(.bss) for __libspace_start
    init_alloc.o(.text) refers (Special) to hguard.o(.text) for __heap$guard
    init_alloc.o(.text) refers (Special) to libinit2.o(.ARM.Collect$$libinit$$00000003) for __rt_lib_init_heap_2
    init_alloc.o(.text) refers (Special) to maybetermalloc1.o(.emb_text) for _maybe_terminate_alloc
    init_alloc.o(.text) refers to h1_extend.o(.text) for __Heap_ProvideMemory
    init_alloc.o(.text) refers to defsig_rtmem_outer.o(.text) for __rt_SIGRTMEM
    init_alloc.o(.text) refers to rt_heap_descriptor_intlibspace.o(.text) for __rt_heap_descriptor
    init_alloc.o(.text) refers to h1_init.o(.text) for __Heap_Initialize
    h1_init_mt.o(.text) refers to mutex_dummy.o(.text) for _mutex_initialize
    _printf_char.o(.text) refers (Weak) to _printf_str.o(.text) for _printf_str
    _printf_char_file.o(.text) refers to _printf_char_common.o(.text) for _printf_char_common
    _printf_char_file.o(.text) refers to board_lpc1766stk.o(i.ferror) for ferror
    _printf_char_file.o(.text) refers to board_lpc1766stk.o(i.fputc) for fputc
    rt_memclr.o(.text) refers to rt_memclr_w.o(.text) for _memset_w
    _get_argv.o(.text) refers (Special) to hrguard.o(.text) for __heap_region$guard
    _get_argv.o(.text) refers to h1_alloc.o(.text) for malloc
    _get_argv.o(.text) refers to defsig_rtmem_outer.o(.text) for __rt_SIGRTMEM
    _get_argv.o(.text) refers to sys_command.o(.text) for _sys_command_string
    libinit2.o(.ARM.Collect$$libinit$$00000003) refers (Weak) to init_alloc.o(.text) for _init_alloc
    libinit2.o(.ARM.Collect$$libinit$$0000000E) refers to libinit2.o(.ARM.Collect$$libinit$$0000000D) for .ARM.Collect$$libinit$$0000000D
    libinit2.o(.ARM.Collect$$libinit$$00000010) refers to libinit2.o(.ARM.Collect$$libinit$$0000000D) for .ARM.Collect$$libinit$$0000000D
    libinit2.o(.ARM.Collect$$libinit$$00000012) refers to libinit2.o(.ARM.Collect$$libinit$$0000000D) for .ARM.Collect$$libinit$$0000000D
    libinit2.o(.ARM.Collect$$libinit$$00000014) refers to libinit2.o(.ARM.Collect$$libinit$$0000000D) for .ARM.Collect$$libinit$$0000000D
    libinit2.o(.ARM.Collect$$libinit$$00000016) refers to libinit2.o(.ARM.Collect$$libinit$$0000000D) for .ARM.Collect$$libinit$$0000000D
    libinit2.o(.ARM.Collect$$libinit$$00000024) refers to argv_veneer.o(.emb_text) for __ARM_argv_veneer
    libinit2.o(.ARM.Collect$$libinit$$00000025) refers to argv_veneer.o(.emb_text) for __ARM_argv_veneer
    sys_command.o(.text) refers (Special) to use_no_semi.o(.text) for __I$use$semihosting
    sys_command.o(.text) refers (Special) to indicate_semi.o(.text) for __semihosting_library_function
    libspace.o(.text) refers to libspace.o(.bss) for __libspace_start
    rtentry2.o(.ARM.Collect$$rtentry$$00000008) refers to boardinit2.o(.text) for _platform_post_stackheap_init
    rtentry2.o(.ARM.Collect$$rtentry$$0000000A) refers to libinit.o(.ARM.Collect$$libinit$$00000000) for __rt_lib_init
    rtentry2.o(.ARM.Collect$$rtentry$$0000000B) refers to boardinit3.o(.text) for _platform_post_lib_init
    rtentry2.o(.ARM.Collect$$rtentry$$0000000D) refers to main.o(i.main) for main
    rtentry2.o(.ARM.Collect$$rtentry$$0000000D) refers to exit.o(.text) for exit
    rtentry2.o(.ARM.exidx) refers to rtentry2.o(.ARM.Collect$$rtentry$$00000001) for .ARM.Collect$$rtentry$$00000001
    rtentry2.o(.ARM.exidx) refers to rtentry2.o(.ARM.Collect$$rtentry$$00000008) for .ARM.Collect$$rtentry$$00000008
    rtentry2.o(.ARM.exidx) refers to rtentry2.o(.ARM.Collect$$rtentry$$0000000A) for .ARM.Collect$$rtentry$$0000000A
    rtentry2.o(.ARM.exidx) refers to rtentry2.o(.ARM.Collect$$rtentry$$0000000B) for .ARM.Collect$$rtentry$$0000000B
    rtentry2.o(.ARM.exidx) refers to rtentry2.o(.ARM.Collect$$rtentry$$0000000D) for .ARM.Collect$$rtentry$$0000000D
    rtentry4.o(.ARM.Collect$$rtentry$$00000004) refers to sys_stackheap_outer.o(.text) for __user_setup_stackheap
    rtentry4.o(.ARM.exidx) refers to rtentry4.o(.ARM.Collect$$rtentry$$00000004) for .ARM.Collect$$rtentry$$00000004
    rt_div0.o(.text) refers to defsig_fpe_outer.o(.text) for __rt_SIGFPE
    maybetermalloc2.o(.emb_text) refers (Special) to term_alloc.o(.text) for _terminate_alloc
    h1_extend.o(.text) refers to h1_free.o(.text) for free
    h1_extend_mt.o(.text) refers to h1_free_mt.o(.text) for _free_internal
    _printf_char_common.o(.text) refers to __printf.o(.text) for __printf
    defsig_rtmem_outer.o(.text) refers to defsig_rtmem_inner.o(.text) for __rt_SIGRTMEM_inner
    defsig_rtmem_outer.o(.text) refers to defsig_exit.o(.text) for __sig_exit
    defsig_rtmem_formal.o(.text) refers to rt_raise.o(.text) for __rt_raise
    heapauxa.o(.text) refers to heapauxa.o(.data) for .data
    argv_veneer.o(.emb_text) refers to no_argv.o(.text) for __ARM_get_argv
    sys_stackheap_outer.o(.text) refers to libspace.o(.text) for __user_perproc_libspace
    sys_stackheap_outer.o(.text) refers to keil_freertos_startup_lpc17xx40xx.o(.text) for __user_initial_stackheap
    rt_raise.o(.text) refers to __raise.o(.text) for __raise
    rt_raise.o(.text) refers to board_lpc1766stk.o(i._sys_exit) for _sys_exit
    term_alloc.o(.text) refers (Special) to libshutdown2.o(.ARM.Collect$$libshutdown$$0000000D) for __rt_lib_shutdown_heap_2
    term_alloc.o(.text) refers to rt_heap_descriptor_intlibspace.o(.text) for __rt_heap_descriptor
    term_alloc.o(.text) refers to h1_final.o(.text) for __Heap_Finalize
    exit.o(.text) refers to rtexit.o(.ARM.Collect$$rtexit$$00000000) for __rt_exit
    defsig_exit.o(.text) refers to board_lpc1766stk.o(i._sys_exit) for _sys_exit
    defsig_fpe_outer.o(.text) refers to defsig_fpe_inner.o(.text) for __rt_SIGFPE_inner
    defsig_fpe_outer.o(.text) refers to defsig_exit.o(.text) for __sig_exit
    defsig_fpe_formal.o(.text) refers to rt_raise.o(.text) for __rt_raise
    defsig_rtmem_inner.o(.text) refers to defsig_general.o(.text) for __default_signal_display
    _get_argv_nomalloc.o(.text) refers (Special) to hrguard.o(.text) for __heap_region$guard
    _get_argv_nomalloc.o(.text) refers to defsig_rtmem_outer.o(.text) for __rt_SIGRTMEM
    _get_argv_nomalloc.o(.text) refers to sys_command.o(.text) for _sys_command_string
    libinit.o(.ARM.Collect$$libinit$$00000000) refers (Special) to libinit2.o(.ARM.Collect$$libinit$$0000002C) for __rt_lib_init_alloca_1
    libinit.o(.ARM.Collect$$libinit$$00000000) refers (Special) to libinit2.o(.ARM.Collect$$libinit$$0000002A) for __rt_lib_init_argv_1
    libinit.o(.ARM.Collect$$libinit$$00000000) refers (Special) to libinit2.o(.ARM.Collect$$libinit$$00000019) for __rt_lib_init_atexit_1
    libinit.o(.ARM.Collect$$libinit$$00000000) refers (Special) to libinit2.o(.ARM.Collect$$libinit$$0000001F) for __rt_lib_init_clock_1
    libinit.o(.ARM.Collect$$libinit$$00000000) refers (Special) to libinit2.o(.ARM.Collect$$libinit$$00000030) for __rt_lib_init_cpp_1
    libinit.o(.ARM.Collect$$libinit$$00000000) refers (Special) to libinit2.o(.ARM.Collect$$libinit$$0000002E) for __rt_lib_init_exceptions_1
    libinit.o(.ARM.Collect$$libinit$$00000000) refers (Special) to libinit2.o(.ARM.Collect$$libinit$$00000002) for __rt_lib_init_fp_1
    libinit.o(.ARM.Collect$$libinit$$00000000) refers (Special) to libinit2.o(.ARM.Collect$$libinit$$0000001D) for __rt_lib_init_fp_trap_1
    libinit.o(.ARM.Collect$$libinit$$00000000) refers (Special) to libinit2.o(.ARM.Collect$$libinit$$00000021) for __rt_lib_init_getenv_1
    libinit.o(.ARM.Collect$$libinit$$00000000) refers (Special) to libinit2.o(.ARM.Collect$$libinit$$00000008) for __rt_lib_init_heap_1
    libinit.o(.ARM.Collect$$libinit$$00000000) refers (Special) to libinit2.o(.ARM.Collect$$libinit$$0000000F) for __rt_lib_init_lc_collate_1
    libinit.o(.ARM.Collect$$libinit$$00000000) refers (Special) to libinit2.o(.ARM.Collect$$libinit$$00000011) for __rt_lib_init_lc_ctype_1
    libinit.o(.ARM.Collect$$libinit$$00000000) refers (Special) to libinit2.o(.ARM.Collect$$libinit$$00000013) for __rt_lib_init_lc_monetary_1
    libinit.o(.ARM.Collect$$libinit$$00000000) refers (Special) to libinit2.o(.ARM.Collect$$libinit$$00000015) for __rt_lib_init_lc_numeric_1
    libinit.o(.ARM.Collect$$libinit$$00000000) refers (Special) to libinit2.o(.ARM.Collect$$libinit$$00000017) for __rt_lib_init_lc_time_1
    libinit.o(.ARM.Collect$$libinit$$00000000) refers (Special) to libinit2.o(.ARM.Collect$$libinit$$0000000C) for __rt_lib_init_rand_1
    libinit.o(.ARM.Collect$$libinit$$00000000) refers (Special) to libinit2.o(.ARM.Collect$$libinit$$00000031) for __rt_lib_init_return
    libinit.o(.ARM.Collect$$libinit$$00000000) refers (Special) to libinit2.o(.ARM.Collect$$libinit$$0000001B) for __rt_lib_init_signal_1
    libinit.o(.ARM.Collect$$libinit$$00000000) refers (Special) to libinit2.o(.ARM.Collect$$libinit$$00000023) for __rt_lib_init_stdio_1
    libinit.o(.ARM.Collect$$libinit$$00000000) refers (Special) to libinit2.o(.ARM.Collect$$libinit$$0000000A) for __rt_lib_init_user_alloc_1
    rtexit.o(.ARM.Collect$$rtexit$$00000000) refers (Special) to rtexit2.o(.ARM.Collect$$rtexit$$00000004) for __rt_exit_exit
    rtexit.o(.ARM.Collect$$rtexit$$00000000) refers (Special) to rtexit2.o(.ARM.Collect$$rtexit$$00000003) for __rt_exit_ls
    rtexit.o(.ARM.Collect$$rtexit$$00000000) refers (Special) to rtexit2.o(.ARM.Collect$$rtexit$$00000002) for __rt_exit_prels_1
    rtexit.o(.ARM.exidx) refers (Special) to rtexit2.o(.ARM.Collect$$rtexit$$00000004) for __rt_exit_exit
    rtexit.o(.ARM.exidx) refers (Special) to rtexit2.o(.ARM.Collect$$rtexit$$00000003) for __rt_exit_ls
    rtexit.o(.ARM.exidx) refers (Special) to rtexit2.o(.ARM.Collect$$rtexit$$00000002) for __rt_exit_prels_1
    rtexit.o(.ARM.exidx) refers to rtexit.o(.ARM.Collect$$rtexit$$00000000) for .ARM.Collect$$rtexit$$00000000
    __raise.o(.text) refers to defsig.o(CL$$defsig) for __default_signal_handler
    defsig_general.o(.text) refers to sys_wrch.o(.text) for _ttywrch
    defsig_fpe_inner.o(.text) refers to defsig_general.o(.text) for __default_signal_display
    libshutdown2.o(.ARM.Collect$$libshutdown$$0000000C) refers (Weak) to term_alloc.o(.text) for _terminate_alloc
    sys_wrch.o(.text) refers (Special) to use_no_semi.o(.text) for __I$use$semihosting
    sys_wrch.o(.text) refers (Special) to indicate_semi.o(.text) for __semihosting_library_function
    rtexit2.o(.ARM.Collect$$rtexit$$00000003) refers to libshutdown.o(.ARM.Collect$$libshutdown$$00000000) for __rt_lib_shutdown
    rtexit2.o(.ARM.Collect$$rtexit$$00000004) refers to board_lpc1766stk.o(i._sys_exit) for _sys_exit
    rtexit2.o(.ARM.exidx) refers to rtexit2.o(.ARM.Collect$$rtexit$$00000001) for .ARM.Collect$$rtexit$$00000001
    rtexit2.o(.ARM.exidx) refers to rtexit2.o(.ARM.Collect$$rtexit$$00000003) for .ARM.Collect$$rtexit$$00000003
    rtexit2.o(.ARM.exidx) refers to rtexit2.o(.ARM.Collect$$rtexit$$00000004) for .ARM.Collect$$rtexit$$00000004
    defsig.o(CL$$defsig) refers to defsig_fpe_inner.o(.text) for __rt_SIGFPE_inner
    defsig.o(CL$$defsig) refers to defsig_rtmem_inner.o(.text) for __rt_SIGRTMEM_inner
    defsig_abrt_inner.o(.text) refers to defsig_general.o(.text) for __default_signal_display
    defsig_rtred_inner.o(.text) refers to defsig_general.o(.text) for __default_signal_display
    defsig_stak_inner.o(.text) refers to defsig_general.o(.text) for __default_signal_display
    defsig_pvfn_inner.o(.text) refers to defsig_general.o(.text) for __default_signal_display
    defsig_cppl_inner.o(.text) refers to defsig_general.o(.text) for __default_signal_display
    defsig_segv_inner.o(.text) refers to defsig_general.o(.text) for __default_signal_display
    defsig_other.o(.text) refers to defsig_general.o(.text) for __default_signal_display
    libshutdown.o(.ARM.Collect$$libshutdown$$00000000) refers (Special) to libshutdown2.o(.ARM.Collect$$libshutdown$$00000006) for __rt_lib_shutdown_fp_trap_1
    libshutdown.o(.ARM.Collect$$libshutdown$$00000000) refers (Special) to libshutdown2.o(.ARM.Collect$$libshutdown$$0000000E) for __rt_lib_shutdown_heap_1
    libshutdown.o(.ARM.Collect$$libshutdown$$00000000) refers (Special) to libshutdown2.o(.ARM.Collect$$libshutdown$$0000000F) for __rt_lib_shutdown_return
    libshutdown.o(.ARM.Collect$$libshutdown$$00000000) refers (Special) to libshutdown2.o(.ARM.Collect$$libshutdown$$00000009) for __rt_lib_shutdown_signal_1
    libshutdown.o(.ARM.Collect$$libshutdown$$00000000) refers (Special) to libshutdown2.o(.ARM.Collect$$libshutdown$$00000003) for __rt_lib_shutdown_stdio_1
    libshutdown.o(.ARM.Collect$$libshutdown$$00000000) refers (Special) to libshutdown2.o(.ARM.Collect$$libshutdown$$0000000B) for __rt_lib_shutdown_user_alloc_1


==============================================================================

Removing Unused input sections from the image.

    Removing main.o(.rev16_text), (4 bytes).
    Removing main.o(.revsh_text), (4 bytes).
    Removing port.o(.rev16_text), (4 bytes).
    Removing port.o(.revsh_text), (4 bytes).
    Removing port.o(i.prvTaskExitError), (6 bytes).
    Removing port.o(i.pxPortInitialiseStack), (32 bytes).
    Removing port.o(i.vPortEndScheduler), (2 bytes).
    Removing port.o(i.vPortEnterCritical), (28 bytes).
    Removing port.o(i.vPortExitCritical), (20 bytes).
    Removing port.o(i.vPortSetupTimerInterrupt), (60 bytes).
    Removing port.o(i.vPortSuppressTicksAndSleep), (220 bytes).
    Removing port.o(i.vPortYield), (24 bytes).
    Removing port.o(i.xPortStartScheduler), (48 bytes).
    Removing port.o(.data), (16 bytes).
    Removing croutine.o(.rev16_text), (4 bytes).
    Removing croutine.o(.revsh_text), (4 bytes).
    Removing croutine.o(i.prvCheckDelayedList), (132 bytes).
    Removing croutine.o(i.vCoRoutineAddToDelayedList), (64 bytes).
    Removing croutine.o(i.vCoRoutineSchedule), (156 bytes).
    Removing croutine.o(i.xCoRoutineCreate), (176 bytes).
    Removing croutine.o(i.xCoRoutineRemoveFromEventList), (52 bytes).
    Removing croutine.o(.bss), (100 bytes).
    Removing croutine.o(.data), (28 bytes).
    Removing list.o(.rev16_text), (4 bytes).
    Removing list.o(.revsh_text), (4 bytes).
    Removing list.o(i.vListInitialise), (22 bytes).
    Removing list.o(i.vListInitialiseItem), (6 bytes).
    Removing list.o(i.vListInsert), (48 bytes).
    Removing queue.o(.rev16_text), (4 bytes).
    Removing queue.o(.revsh_text), (4 bytes).
    Removing queue.o(i.prvCopyDataFromQueue), (40 bytes).
    Removing queue.o(i.prvCopyDataToQueue), (104 bytes).
    Removing queue.o(i.prvUnlockQueue), (100 bytes).
    Removing queue.o(i.ucQueueGetQueueNumber), (6 bytes).
    Removing queue.o(i.ucQueueGetQueueType), (6 bytes).
    Removing queue.o(i.uxQueueMessagesWaiting), (18 bytes).
    Removing queue.o(i.uxQueueMessagesWaitingFromISR), (4 bytes).
    Removing queue.o(i.uxQueueSpacesAvailable), (22 bytes).
    Removing queue.o(i.vQueueAddToRegistry), (40 bytes).
    Removing queue.o(i.vQueueDelete), (24 bytes).
    Removing queue.o(i.vQueueSetQueueNumber), (6 bytes).
    Removing queue.o(i.vQueueUnregisterQueue), (36 bytes).
    Removing queue.o(i.xQueueCreateCountingSemaphore), (20 bytes).
    Removing queue.o(i.xQueueCreateMutex), (74 bytes).
    Removing queue.o(i.xQueueGenericCreate), (72 bytes).
    Removing queue.o(i.xQueueGenericReceive), (258 bytes).
    Removing queue.o(i.xQueueGenericReset), (96 bytes).
    Removing queue.o(i.xQueueGenericSend), (214 bytes).
    Removing queue.o(i.xQueueGenericSendFromISR), (98 bytes).
    Removing queue.o(i.xQueueGiveMutexRecursive), (42 bytes).
    Removing queue.o(i.xQueueIsQueueEmptyFromISR), (12 bytes).
    Removing queue.o(i.xQueueIsQueueFullFromISR), (16 bytes).
    Removing queue.o(i.xQueuePeekFromISR), (48 bytes).
    Removing queue.o(i.xQueueReceiveFromISR), (92 bytes).
    Removing queue.o(i.xQueueTakeMutexRecursive), (50 bytes).
    Removing queue.o(.bss), (80 bytes).
    Removing timers.o(.rev16_text), (4 bytes).
    Removing timers.o(.revsh_text), (4 bytes).
    Removing tasks.o(.rev16_text), (4 bytes).
    Removing tasks.o(.revsh_text), (4 bytes).
    Removing tasks.o(i.eTaskConfirmSleepModeStatus), (48 bytes).
    Removing tasks.o(i.prvAddCurrentTaskToDelayedList), (52 bytes).
    Removing tasks.o(i.prvCheckTasksWaitingTermination), (84 bytes).
    Removing tasks.o(i.prvGetExpectedIdleTime), (36 bytes).
    Removing tasks.o(i.prvIdleTask), (56 bytes).
    Removing tasks.o(i.prvListTaskWithinSingleList), (112 bytes).
    Removing tasks.o(i.prvTaskCheckFreeStackSpace), (20 bytes).
    Removing tasks.o(i.uxTaskGetNumberOfTasks), (12 bytes).
    Removing tasks.o(i.uxTaskGetStackHighWaterMark), (16 bytes).
    Removing tasks.o(i.uxTaskGetSystemState), (148 bytes).
    Removing tasks.o(i.uxTaskGetTaskNumber), (8 bytes).
    Removing tasks.o(i.uxTaskPriorityGet), (28 bytes).
    Removing tasks.o(i.vTaskDelay), (52 bytes).
    Removing tasks.o(i.vTaskDelayUntil), (80 bytes).
    Removing tasks.o(i.vTaskDelete), (88 bytes).
    Removing tasks.o(i.vTaskEndScheduler), (24 bytes).
    Removing tasks.o(i.vTaskMissedYield), (12 bytes).
    Removing tasks.o(i.vTaskPlaceOnEventList), (60 bytes).
    Removing tasks.o(i.vTaskPriorityDisinherit), (72 bytes).
    Removing tasks.o(i.vTaskPriorityInherit), (100 bytes).
    Removing tasks.o(i.vTaskPrioritySet), (144 bytes).
    Removing tasks.o(i.vTaskResume), (92 bytes).
    Removing tasks.o(i.vTaskSetTaskNumber), (8 bytes).
    Removing tasks.o(i.vTaskSetTimeOutState), (16 bytes).
    Removing tasks.o(i.vTaskStartScheduler), (68 bytes).
    Removing tasks.o(i.vTaskStepTick), (16 bytes).
    Removing tasks.o(i.vTaskSuspend), (96 bytes).
    Removing tasks.o(i.vTaskSuspendAll), (16 bytes).
    Removing tasks.o(i.xTaskCheckForTimeOut), (72 bytes).
    Removing tasks.o(i.xTaskGenericCreate), (360 bytes).
    Removing tasks.o(i.xTaskGetCurrentTaskHandle), (12 bytes).
    Removing tasks.o(i.xTaskGetTickCount), (24 bytes).
    Removing tasks.o(i.xTaskGetTickCountFromISR), (24 bytes).
    Removing tasks.o(i.xTaskIsTaskSuspended), (32 bytes).
    Removing tasks.o(i.xTaskRemoveFromEventList), (92 bytes).
    Removing tasks.o(i.xTaskResumeAll), (156 bytes).
    Removing tasks.o(i.xTaskResumeFromISR), (104 bytes).
    Removing heap_3.o(.rev16_text), (4 bytes).
    Removing heap_3.o(.revsh_text), (4 bytes).
    Removing heap_3.o(i.pvPortMalloc), (24 bytes).
    Removing heap_3.o(i.vPortFree), (26 bytes).
    Removing freertoscommonhooks.o(.rev16_text), (4 bytes).
    Removing freertoscommonhooks.o(.revsh_text), (4 bytes).
    Removing freertoscommonhooks.o(i.FreeRTOSDelay), (20 bytes).
    Removing freertoscommonhooks.o(i.vApplicationIdleHook), (4 bytes).
    Removing freertoscommonhooks.o(i.vApplicationMallocFailedHook), (52 bytes).
    Removing freertoscommonhooks.o(i.vApplicationStackOverflowHook), (60 bytes).
    Removing freertoscommonhooks.o(i.vApplicationTickHook), (2 bytes).
    Removing board_lpc1766stk.o(.rev16_text), (4 bytes).
    Removing board_lpc1766stk.o(.revsh_text), (4 bytes).
    Removing board_lpc1766stk.o(i.Board_Buttons_Init), (16 bytes).
    Removing board_lpc1766stk.o(i.Board_Debug_Init), (48 bytes).
    Removing board_lpc1766stk.o(i.Board_Init), (44 bytes).
    Removing board_lpc1766stk.o(i.Board_LED_Set), (40 bytes).
    Removing board_lpc1766stk.o(i.Board_LED_Test), (36 bytes).
    Removing board_lpc1766stk.o(i.Board_UARTGetChar), (32 bytes).
    Removing board_lpc1766stk.o(i.Board_UARTPutChar), (24 bytes).
    Removing board_lpc1766stk.o(i.Board_UARTPutSTR), (20 bytes).
    Removing board_lpc1766stk.o(i.Board_UART_Init), (2 bytes).
    Removing board_lpc1766stk.o(i.Buttons_GetStatus), (24 bytes).
    Removing board_lpc1766stk.o(i.Chip_GPIO_WriteDirBit), (22 bytes).
    Removing board_lpc1766stk.o(i.Chip_GPIO_WritePortBit), (32 bytes).
    Removing board_lpc1766stk.o(i.SystemCoreClockUpdate), (16 bytes).
    Removing board_lpc1766stk.o(i._sys_open), (4 bytes).
    Removing board_lpc1766stk.o(i.ferror), (6 bytes).
    Removing board_lpc1766stk.o(i.fgetc), (4 bytes).
    Removing board_lpc1766stk.o(i.fputc), (12 bytes).
    Removing board_lpc1766stk.o(.data), (4 bytes).
    Removing board_lpc1766stk.o(.data), (4 bytes).
    Removing board_lpc1766stk.o(.data), (4 bytes).
    Removing board_lpc1766stk.o(.data), (4 bytes).
    Removing sysinit_lpc1766stk.o(.rev16_text), (4 bytes).
    Removing sysinit_lpc1766stk.o(.revsh_text), (4 bytes).
    Removing adc_17xx_40xx.o(.rev16_text), (4 bytes).
    Removing adc_17xx_40xx.o(.revsh_text), (4 bytes).
    Removing adc_17xx_40xx.o(i.Chip_ADC_Burst_Cmd), (24 bytes).
    Removing adc_17xx_40xx.o(i.Chip_ADC_Channel_Enable_Cmd), (4 bytes).
    Removing adc_17xx_40xx.o(i.Chip_ADC_DeInit), (16 bytes).
    Removing adc_17xx_40xx.o(i.Chip_ADC_Init), (48 bytes).
    Removing adc_17xx_40xx.o(i.Chip_ADC_Read_Byte), (18 bytes).
    Removing adc_17xx_40xx.o(i.Chip_ADC_Set_SampleRate), (30 bytes).
    Removing adc_17xx_40xx.o(i.Chip_ADC_Set_StartMode), (30 bytes).
    Removing adc_17xx_40xx.o(i.getAdcClkDiv), (30 bytes).
    Removing clock_17xx_40xx.o(.rev16_text), (4 bytes).
    Removing clock_17xx_40xx.o(.revsh_text), (4 bytes).
    Removing clock_17xx_40xx.o(i.Chip_Clock_DisablePeriphClock), (20 bytes).
    Removing clock_17xx_40xx.o(i.Chip_Clock_EnablePeriphClock), (20 bytes).
    Removing clock_17xx_40xx.o(i.Chip_Clock_GetCPUClockDiv), (16 bytes).
    Removing clock_17xx_40xx.o(i.Chip_Clock_GetCPUClockSource), (20 bytes).
    Removing clock_17xx_40xx.o(i.Chip_Clock_GetMainClockRate), (32 bytes).
    Removing clock_17xx_40xx.o(i.Chip_Clock_GetMainPllOutClockRate), (56 bytes).
    Removing clock_17xx_40xx.o(i.Chip_Clock_GetPLCKDiv), (64 bytes).
    Removing clock_17xx_40xx.o(i.Chip_Clock_GetPeripheralClockRate), (22 bytes).
    Removing clock_17xx_40xx.o(i.Chip_Clock_GetSYSCLKRate), (48 bytes).
    Removing clock_17xx_40xx.o(i.Chip_Clock_GetSystemClockRate), (18 bytes).
    Removing clock_17xx_40xx.o(i.Chip_Clock_GetUSBClockDiv), (16 bytes).
    Removing clock_17xx_40xx.o(i.Chip_Clock_GetUSBClockRate), (44 bytes).
    Removing clock_17xx_40xx.o(i.Chip_Clock_GetUSBPllOutClockRate), (40 bytes).
    Removing clock_17xx_40xx.o(i.Chip_Clock_IsPeripheralClockEnabled), (24 bytes).
    Removing clock_17xx_40xx.o(i.Chip_Clock_SetCLKOUTSource), (24 bytes).
    Removing clock_17xx_40xx.o(i.Chip_Clock_SetPCLKDiv), (40 bytes).
    Removing iocon_17xx_40xx.o(.rev16_text), (4 bytes).
    Removing iocon_17xx_40xx.o(.revsh_text), (4 bytes).
    Removing ritimer_17xx_40xx.o(.rev16_text), (4 bytes).
    Removing ritimer_17xx_40xx.o(.revsh_text), (4 bytes).
    Removing ritimer_17xx_40xx.o(i.Chip_RIT_DeInit), (16 bytes).
    Removing ritimer_17xx_40xx.o(i.Chip_RIT_Init), (20 bytes).
    Removing ritimer_17xx_40xx.o(i.Chip_RIT_SetTimerInterval), (34 bytes).
    Removing timer_17xx_40xx.o(.rev16_text), (4 bytes).
    Removing timer_17xx_40xx.o(.revsh_text), (4 bytes).
    Removing timer_17xx_40xx.o(i.Chip_TIMER_DeInit), (14 bytes).
    Removing timer_17xx_40xx.o(i.Chip_TIMER_Init), (14 bytes).
    Removing timer_17xx_40xx.o(i.Chip_Timer_GetClock), (48 bytes).
    Removing uart_17xx_40xx.o(.rev16_text), (4 bytes).
    Removing uart_17xx_40xx.o(.revsh_text), (4 bytes).
    Removing uart_17xx_40xx.o(i.Chip_UART_DeInit), (30 bytes).
    Removing uart_17xx_40xx.o(i.Chip_UART_DetermineClk), (48 bytes).
    Removing uart_17xx_40xx.o(i.Chip_UART_GetABEOStatus), (12 bytes).
    Removing uart_17xx_40xx.o(i.Chip_UART_GetIntStatus), (78 bytes).
    Removing uart_17xx_40xx.o(i.Chip_UART_Get_UARTNum), (60 bytes).
    Removing uart_17xx_40xx.o(i.Chip_UART_Init), (32 bytes).
    Removing uart_17xx_40xx.o(i.Chip_UART_InitRingBuffer), (28 bytes).
    Removing uart_17xx_40xx.o(i.Chip_UART_IntConfig), (4 bytes).
    Removing uart_17xx_40xx.o(i.Chip_UART_Interrupt_Handler), (268 bytes).
    Removing uart_17xx_40xx.o(i.Chip_UART_Interrupt_Receive), (84 bytes).
    Removing uart_17xx_40xx.o(i.Chip_UART_Interrupt_Transmit), (192 bytes).
    Removing uart_17xx_40xx.o(i.Chip_UART_Send), (4 bytes).
    Removing uart_17xx_40xx.o(i.Chip_UART_SetBaud), (68 bytes).
    Removing uart_17xx_40xx.o(i.Chip_UART_TxCmd), (24 bytes).
    Removing uart_17xx_40xx.o(.bss), (528 bytes).
    Removing uart_17xx_40xx.o(.data), (2 bytes).
    Removing sysctl_17xx_40xx.o(.rev16_text), (4 bytes).
    Removing sysctl_17xx_40xx.o(.revsh_text), (4 bytes).
    Removing sysctl_17xx_40xx.o(i.Chip_SYSCTL_GetClrSleepFlags), (16 bytes).
    Removing adc_001.o(.rev16_text), (4 bytes).
    Removing adc_001.o(.revsh_text), (4 bytes).
    Removing adc_001.o(i.IP_ADC_DeInit), (12 bytes).
    Removing adc_001.o(i.IP_ADC_EdgeStartConfig), (20 bytes).
    Removing adc_001.o(i.IP_ADC_GetStatus), (40 bytes).
    Removing adc_001.o(i.IP_ADC_Get_Val), (24 bytes).
    Removing adc_001.o(i.IP_ADC_Init), (32 bytes).
    Removing adc_001.o(i.IP_ADC_Int_Enable), (20 bytes).
    Removing adc_001.o(i.IP_ADC_SetBurstMode), (20 bytes).
    Removing adc_001.o(i.IP_ADC_SetChannelNumber), (28 bytes).
    Removing adc_001.o(i.IP_ADC_SetStartMode), (14 bytes).
    Removing atimer_001.o(.rev16_text), (4 bytes).
    Removing atimer_001.o(.revsh_text), (4 bytes).
    Removing atimer_001.o(i.IP_ATIMER_DeInit), (12 bytes).
    Removing gpio_003.o(.rev16_text), (4 bytes).
    Removing gpio_003.o(.revsh_text), (4 bytes).
    Removing gpiogrpint_001.o(.rev16_text), (4 bytes).
    Removing gpiogrpint_001.o(.revsh_text), (4 bytes).
    Removing gpiogrpint_001.o(i.IP_GPIOGP_IntPinAdd), (50 bytes).
    Removing gpioint_001.o(.rev16_text), (4 bytes).
    Removing gpioint_001.o(.revsh_text), (4 bytes).
    Removing gpioint_001.o(i.IP_GPIOINT_IntClear), (14 bytes).
    Removing gpioint_001.o(i.IP_GPIOINT_IntCmd), (30 bytes).
    Removing gpioint_001.o(i.IP_GPIOINT_IntGetStatus), (40 bytes).
    Removing gpiopinint_001.o(.rev16_text), (4 bytes).
    Removing gpiopinint_001.o(.revsh_text), (4 bytes).
    Removing gpiopinint_001.o(i.IP_GPIOPININT_IntCmd), (76 bytes).
    Removing ritimer_001.o(.rev16_text), (4 bytes).
    Removing ritimer_001.o(.revsh_text), (4 bytes).
    Removing ritimer_001.o(i.IP_RIT_DeInit), (4 bytes).
    Removing ritimer_001.o(i.IP_RIT_GetIntStatus), (10 bytes).
    Removing ritimer_001.o(i.IP_RIT_Init), (18 bytes).
    Removing timer_001.o(.rev16_text), (4 bytes).
    Removing timer_001.o(.revsh_text), (4 bytes).
    Removing timer_001.o(i.IP_TIMER_ExtMatchControlSet), (18 bytes).
    Removing timer_001.o(i.IP_TIMER_Reset), (24 bytes).
    Removing timer_001.o(i.IP_TIMER_SetTimerClockSrc), (8 bytes).
    Removing usart_001.o(.rev16_text), (4 bytes).
    Removing usart_001.o(.revsh_text), (4 bytes).
    Removing usart_001.o(i.IP_UART_ABClearIntPending), (8 bytes).
    Removing usart_001.o(i.IP_UART_ABCmd), (56 bytes).
    Removing usart_001.o(i.IP_UART_CheckBusy), (14 bytes).
    Removing usart_001.o(i.IP_UART_ConfigData), (18 bytes).
    Removing usart_001.o(i.IP_UART_DeInit), (6 bytes).
    Removing usart_001.o(i.IP_UART_FIFOConfig), (64 bytes).
    Removing usart_001.o(i.IP_UART_FIFOConfigStructInit), (14 bytes).
    Removing usart_001.o(i.IP_UART_ForceBreak), (10 bytes).
    Removing usart_001.o(i.IP_UART_GetLineStatus), (6 bytes).
    Removing usart_001.o(i.IP_UART_Init), (72 bytes).
    Removing usart_001.o(i.IP_UART_IntConfig), (72 bytes).
    Removing usart_001.o(i.IP_UART_IntGetStatus), (10 bytes).
    Removing usart_001.o(i.IP_UART_Receive), (82 bytes).
    Removing usart_001.o(i.IP_UART_ReceiveByte), (18 bytes).
    Removing usart_001.o(i.IP_UART_Send), (82 bytes).
    Removing usart_001.o(i.IP_UART_SendByte), (16 bytes).
    Removing usart_001.o(i.IP_UART_SetBaud), (252 bytes).
    Removing usart_001.o(i.IP_UART_TxCmd), (16 bytes).
    Removing usart_002.o(.rev16_text), (4 bytes).
    Removing usart_002.o(.revsh_text), (4 bytes).
    Removing usart_002.o(i.IP_UART_Config), (8 bytes).
    Removing usart_002.o(i.IP_UART_IntEnable), (32 bytes).
    Removing mem_tests.o(i.mem_test_address), (60 bytes).
    Removing mem_tests.o(i.mem_test_invaddress), (66 bytes).
    Removing mem_tests.o(i.mem_test_pattern), (72 bytes).
    Removing mem_tests.o(i.mem_test_pattern_seed), (66 bytes).
    Removing mem_tests.o(i.mem_test_walking0), (102 bytes).
    Removing mem_tests.o(i.mem_test_walking1), (94 bytes).
    Removing ring_buffer.o(i.RingBuffer_Init), (24 bytes).
    Removing ring_buffer.o(i.RingBuffer_Insert), (64 bytes).
    Removing ring_buffer.o(i.RingBuffer_InsertMult), (136 bytes).
    Removing ring_buffer.o(i.RingBuffer_IsEmpty), (16 bytes).
    Removing ring_buffer.o(i.RingBuffer_IsFull), (20 bytes).
    Removing ring_buffer.o(i.RingBuffer_Pop), (64 bytes).
    Removing ring_buffer.o(i.RingBuffer_PopMult), (132 bytes).

268 unused section(s) (total 10682 bytes) removed from the image.

==============================================================================

Image Symbol Table

    Local Symbols

    Symbol Name                              Value     Ov Type        Size  Object(Section)

    RESET                                    0x00000000   Section      204  keil_freertos_startup_lpc17xx40xx.o(RESET)
    ../clib/angel/boardlib.s                 0x00000000   Number         0  boardinit1.o ABSOLUTE
    ../clib/angel/boardlib.s                 0x00000000   Number         0  boardshut.o ABSOLUTE
    ../clib/angel/boardlib.s                 0x00000000   Number         0  boardinit3.o ABSOLUTE
    ../clib/angel/boardlib.s                 0x00000000   Number         0  boardinit2.o ABSOLUTE
    ../clib/angel/handlers.s                 0x00000000   Number         0  __scatter_copy.o ABSOLUTE
    ../clib/angel/handlers.s                 0x00000000   Number         0  __scatter_zi.o ABSOLUTE
    ../clib/angel/kernel.s                   0x00000000   Number         0  rtexit2.o ABSOLUTE
    ../clib/angel/kernel.s                   0x00000000   Number         0  rtentry2.o ABSOLUTE
    ../clib/angel/kernel.s                   0x00000000   Number         0  rtentry4.o ABSOLUTE
    ../clib/angel/kernel.s                   0x00000000   Number         0  rtexit.o ABSOLUTE
    ../clib/angel/kernel.s                   0x00000000   Number         0  rtentry.o ABSOLUTE
    ../clib/angel/rt.s                       0x00000000   Number         0  rt_raise.o ABSOLUTE
    ../clib/angel/rt.s                       0x00000000   Number         0  rt_heap_descriptor_intlibspace.o ABSOLUTE
    ../clib/angel/rt.s                       0x00000000   Number         0  aeabi_ldiv0_sigfpe.o ABSOLUTE
    ../clib/angel/rt.s                       0x00000000   Number         0  rt_div0.o ABSOLUTE
    ../clib/angel/rt.s                       0x00000000   Number         0  aeabi_ldiv0.o ABSOLUTE
    ../clib/angel/rt.s                       0x00000000   Number         0  rt_heap_descriptor.o ABSOLUTE
    ../clib/angel/scatter.s                  0x00000000   Number         0  __scatter.o ABSOLUTE
    ../clib/angel/startup.s                  0x00000000   Number         0  __main.o ABSOLUTE
    ../clib/angel/sys.s                      0x00000000   Number         0  libspace.o ABSOLUTE
    ../clib/angel/sys.s                      0x00000000   Number         0  indicate_semi.o ABSOLUTE
    ../clib/angel/sys.s                      0x00000000   Number         0  sys_stackheap_outer.o ABSOLUTE
    ../clib/angel/sys.s                      0x00000000   Number         0  use_no_semi.o ABSOLUTE
    ../clib/angel/sys.s                      0x00000000   Number         0  mutex_dummy.o ABSOLUTE
    ../clib/angel/sysapp.c                   0x00000000   Number         0  sys_command.o ABSOLUTE
    ../clib/angel/sysapp.c                   0x00000000   Number         0  sys_wrch.o ABSOLUTE
    ../clib/armsys.c                         0x00000000   Number         0  _get_argv.o ABSOLUTE
    ../clib/armsys.c                         0x00000000   Number         0  argv_veneer.o ABSOLUTE
    ../clib/armsys.c                         0x00000000   Number         0  _get_argv_nomalloc.o ABSOLUTE
    ../clib/armsys.c                         0x00000000   Number         0  argv_veneer.o ABSOLUTE
    ../clib/armsys.c                         0x00000000   Number         0  no_argv.o ABSOLUTE
    ../clib/heap1.c                          0x00000000   Number         0  h1_init_mt.o ABSOLUTE
    ../clib/heap1.c                          0x00000000   Number         0  h1_init.o ABSOLUTE
    ../clib/heap1.c                          0x00000000   Number         0  h1_free_mt.o ABSOLUTE
    ../clib/heap1.c                          0x00000000   Number         0  h1_alloc_mt.o ABSOLUTE
    ../clib/heap1.c                          0x00000000   Number         0  h1_free.o ABSOLUTE
    ../clib/heap1.c                          0x00000000   Number         0  h1_alloc.o ABSOLUTE
    ../clib/heap1.c                          0x00000000   Number         0  h1_final_mt.o ABSOLUTE
    ../clib/heap1.c                          0x00000000   Number         0  h1_extend_mt.o ABSOLUTE
    ../clib/heap1.c                          0x00000000   Number         0  h1_extend.o ABSOLUTE
    ../clib/heap1.c                          0x00000000   Number         0  h1_final.o ABSOLUTE
    ../clib/heap2.c                          0x00000000   Number         0  fdtree.o ABSOLUTE
    ../clib/heap2.c                          0x00000000   Number         0  heap2.o ABSOLUTE
    ../clib/heap2.c                          0x00000000   Number         0  heap2mt.o ABSOLUTE
    ../clib/heapalloc.c                      0x00000000   Number         0  heapstubs.o ABSOLUTE
    ../clib/heapalloc.c                      0x00000000   Number         0  init_alloc.o ABSOLUTE
    ../clib/heapalloc.c                      0x00000000   Number         0  hguard.o ABSOLUTE
    ../clib/heapalloc.c                      0x00000000   Number         0  maybetermalloc2.o ABSOLUTE
    ../clib/heapalloc.c                      0x00000000   Number         0  malloc.o ABSOLUTE
    ../clib/heapalloc.c                      0x00000000   Number         0  maybetermalloc2.o ABSOLUTE
    ../clib/heapalloc.c                      0x00000000   Number         0  free.o ABSOLUTE
    ../clib/heapalloc.c                      0x00000000   Number         0  term_alloc.o ABSOLUTE
    ../clib/heapalloc.c                      0x00000000   Number         0  maybetermalloc1.o ABSOLUTE
    ../clib/heapalloc.c                      0x00000000   Number         0  maybetermalloc1.o ABSOLUTE
    ../clib/heapalloc.c                      0x00000000   Number         0  hrguard.o ABSOLUTE
    ../clib/heapaux.c                        0x00000000   Number         0  heapauxa.o ABSOLUTE
    ../clib/heapaux.c                        0x00000000   Number         0  heapauxi.o ABSOLUTE
    ../clib/libinit.s                        0x00000000   Number         0  libinit2.o ABSOLUTE
    ../clib/libinit.s                        0x00000000   Number         0  libshutdown.o ABSOLUTE
    ../clib/libinit.s                        0x00000000   Number         0  libshutdown2.o ABSOLUTE
    ../clib/libinit.s                        0x00000000   Number         0  libinit.o ABSOLUTE
    ../clib/longlong.s                       0x00000000   Number         0  lludivv7m.o ABSOLUTE
    ../clib/memcpset.s                       0x00000000   Number         0  aeabi_memset.o ABSOLUTE
    ../clib/memcpset.s                       0x00000000   Number         0  rt_memclr.o ABSOLUTE
    ../clib/memcpset.s                       0x00000000   Number         0  rt_memcpy_w.o ABSOLUTE
    ../clib/memcpset.s                       0x00000000   Number         0  rt_memcpy_v6.o ABSOLUTE
    ../clib/memcpset.s                       0x00000000   Number         0  rt_memclr_w.o ABSOLUTE
    ../clib/printf.c                         0x00000000   Number         0  _printf_char_common.o ABSOLUTE
    ../clib/printf.c                         0x00000000   Number         0  __printf_nopercent.o ABSOLUTE
    ../clib/printf.c                         0x00000000   Number         0  __printf_flags_ss_wp.o ABSOLUTE
    ../clib/printf.c                         0x00000000   Number         0  __printf_ss_wp.o ABSOLUTE
    ../clib/printf.c                         0x00000000   Number         0  __printf_flags_wp.o ABSOLUTE
    ../clib/printf.c                         0x00000000   Number         0  __printf_wp.o ABSOLUTE
    ../clib/printf.c                         0x00000000   Number         0  __printf_flags_ss.o ABSOLUTE
    ../clib/printf.c                         0x00000000   Number         0  __printf_ss.o ABSOLUTE
    ../clib/printf.c                         0x00000000   Number         0  __printf_flags.o ABSOLUTE
    ../clib/printf.c                         0x00000000   Number         0  _printf_str.o ABSOLUTE
    ../clib/printf.c                         0x00000000   Number         0  _printf_char.o ABSOLUTE
    ../clib/printf.c                         0x00000000   Number         0  __printf.o ABSOLUTE
    ../clib/printf.c                         0x00000000   Number         0  noretval__2printf.o ABSOLUTE
    ../clib/printf.c                         0x00000000   Number         0  __2printf.o ABSOLUTE
    ../clib/printf.c                         0x00000000   Number         0  _printf_char_file.o ABSOLUTE
    ../clib/printf_percent.s                 0x00000000   Number         0  _printf_percent_end.o ABSOLUTE
    ../clib/printf_percent.s                 0x00000000   Number         0  _printf_percent.o ABSOLUTE
    ../clib/printf_percent.s                 0x00000000   Number         0  _printf_s.o ABSOLUTE
    ../clib/signal.c                         0x00000000   Number         0  defsig_fpe_formal.o ABSOLUTE
    ../clib/signal.c                         0x00000000   Number         0  defsig_fpe_inner.o ABSOLUTE
    ../clib/signal.c                         0x00000000   Number         0  defsig_fpe_outer.o ABSOLUTE
    ../clib/signal.c                         0x00000000   Number         0  defsig_exit.o ABSOLUTE
    ../clib/signal.c                         0x00000000   Number         0  defsig_rtmem_formal.o ABSOLUTE
    ../clib/signal.c                         0x00000000   Number         0  defsig_rtmem_inner.o ABSOLUTE
    ../clib/signal.c                         0x00000000   Number         0  defsig_abrt_inner.o ABSOLUTE
    ../clib/signal.c                         0x00000000   Number         0  defsig_rtred_inner.o ABSOLUTE
    ../clib/signal.c                         0x00000000   Number         0  defsig_pvfn_inner.o ABSOLUTE
    ../clib/signal.c                         0x00000000   Number         0  defsig_rtmem_outer.o ABSOLUTE
    ../clib/signal.c                         0x00000000   Number         0  defsig_cppl_inner.o ABSOLUTE
    ../clib/signal.c                         0x00000000   Number         0  defsig_segv_inner.o ABSOLUTE
    ../clib/signal.c                         0x00000000   Number         0  defsig_other.o ABSOLUTE
    ../clib/signal.c                         0x00000000   Number         0  defsig_stak_inner.o ABSOLUTE
    ../clib/signal.c                         0x00000000   Number         0  __raise.o ABSOLUTE
    ../clib/signal.c                         0x00000000   Number         0  defsig_general.o ABSOLUTE
    ../clib/signal.s                         0x00000000   Number         0  defsig.o ABSOLUTE
    ../clib/stdlib.c                         0x00000000   Number         0  exit.o ABSOLUTE
    ../fplib/fpinit.s                        0x00000000   Number         0  fpinit.o ABSOLUTE
    ..\\lpcopen\\software\\freertos\\freertos\\Source\\croutine.c 0x00000000   Number         0  croutine.o ABSOLUTE
    ..\\lpcopen\\software\\freertos\\freertos\\Source\\list.c 0x00000000   Number         0  list.o ABSOLUTE
    ..\\lpcopen\\software\\freertos\\freertos\\Source\\portable\\MemMang\\heap_3.c 0x00000000   Number         0  heap_3.o ABSOLUTE
    ..\\lpcopen\\software\\freertos\\freertos\\Source\\portable\\RVDS\\ARM_CM3\\port.c 0x00000000   Number         0  port.o ABSOLUTE
    ..\\lpcopen\\software\\freertos\\freertos\\Source\\queue.c 0x00000000   Number         0  queue.o ABSOLUTE
    ..\\lpcopen\\software\\freertos\\freertos\\Source\\tasks.c 0x00000000   Number         0  tasks.o ABSOLUTE
    ..\\lpcopen\\software\\freertos\\freertos\\Source\\timers.c 0x00000000   Number         0  timers.o ABSOLUTE
    ..\\lpcopen\\software\\freertos\\freertoslpc\\FreeRTOSCommonHooks.c 0x00000000   Number         0  freertoscommonhooks.o ABSOLUTE
    ..\\lpcopen\\software\\freertos\\startup_code\\keil_freertos_startup_lpc17xx40xx.s 0x00000000   Number         0  keil_freertos_startup_lpc17xx40xx.o ABSOLUTE
    ..\\lpcopen\\software\\lpc_core\\lpc_board\\boards_17xx_40xx\\lpc1766stk\\board_LPC1766STK.c 0x00000000   Number         0  board_lpc1766stk.o ABSOLUTE
    ..\\lpcopen\\software\\lpc_core\\lpc_board\\boards_17xx_40xx\\lpc1766stk\\sysinit_LPC1766STK.c 0x00000000   Number         0  sysinit_lpc1766stk.o ABSOLUTE
    ..\\lpcopen\\software\\lpc_core\\lpc_chip\\chip_17xx_40xx\\adc_17xx_40xx.c 0x00000000   Number         0  adc_17xx_40xx.o ABSOLUTE
    ..\\lpcopen\\software\\lpc_core\\lpc_chip\\chip_17xx_40xx\\clock_17xx_40xx.c 0x00000000   Number         0  clock_17xx_40xx.o ABSOLUTE
    ..\\lpcopen\\software\\lpc_core\\lpc_chip\\chip_17xx_40xx\\iocon_17xx_40xx.c 0x00000000   Number         0  iocon_17xx_40xx.o ABSOLUTE
    ..\\lpcopen\\software\\lpc_core\\lpc_chip\\chip_17xx_40xx\\ritimer_17xx_40xx.c 0x00000000   Number         0  ritimer_17xx_40xx.o ABSOLUTE
    ..\\lpcopen\\software\\lpc_core\\lpc_chip\\chip_17xx_40xx\\sysctl_17xx_40xx.c 0x00000000   Number         0  sysctl_17xx_40xx.o ABSOLUTE
    ..\\lpcopen\\software\\lpc_core\\lpc_chip\\chip_17xx_40xx\\timer_17xx_40xx.c 0x00000000   Number         0  timer_17xx_40xx.o ABSOLUTE
    ..\\lpcopen\\software\\lpc_core\\lpc_chip\\chip_17xx_40xx\\uart_17xx_40xx.c 0x00000000   Number         0  uart_17xx_40xx.o ABSOLUTE
    ..\\lpcopen\\software\\lpc_core\\lpc_ip\\adc_001.c 0x00000000   Number         0  adc_001.o ABSOLUTE
    ..\\lpcopen\\software\\lpc_core\\lpc_ip\\atimer_001.c 0x00000000   Number         0  atimer_001.o ABSOLUTE
    ..\\lpcopen\\software\\lpc_core\\lpc_ip\\gpio_003.c 0x00000000   Number         0  gpio_003.o ABSOLUTE
    ..\\lpcopen\\software\\lpc_core\\lpc_ip\\gpiogrpint_001.c 0x00000000   Number         0  gpiogrpint_001.o ABSOLUTE
    ..\\lpcopen\\software\\lpc_core\\lpc_ip\\gpioint_001.c 0x00000000   Number         0  gpioint_001.o ABSOLUTE
    ..\\lpcopen\\software\\lpc_core\\lpc_ip\\gpiopinint_001.c 0x00000000   Number         0  gpiopinint_001.o ABSOLUTE
    ..\\lpcopen\\software\\lpc_core\\lpc_ip\\ritimer_001.c 0x00000000   Number         0  ritimer_001.o ABSOLUTE
    ..\\lpcopen\\software\\lpc_core\\lpc_ip\\timer_001.c 0x00000000   Number         0  timer_001.o ABSOLUTE
    ..\\lpcopen\\software\\lpc_core\\lpc_ip\\usart_001.c 0x00000000   Number         0  usart_001.o ABSOLUTE
    ..\\lpcopen\\software\\lpc_core\\lpc_ip\\usart_002.c 0x00000000   Number         0  usart_002.o ABSOLUTE
    ..\lpcopen\software\freertos\freertos\Source\croutine.c 0x00000000   Number         0  croutine.o ABSOLUTE
    ..\lpcopen\software\freertos\freertos\Source\list.c 0x00000000   Number         0  list.o ABSOLUTE
    ..\lpcopen\software\freertos\freertos\Source\portable\MemMang\heap_3.c 0x00000000   Number         0  heap_3.o ABSOLUTE
    ..\lpcopen\software\freertos\freertos\Source\portable\RVDS\ARM_CM3\port.c 0x00000000   Number         0  port.o ABSOLUTE
    ..\lpcopen\software\freertos\freertos\Source\queue.c 0x00000000   Number         0  queue.o ABSOLUTE
    ..\lpcopen\software\freertos\freertos\Source\tasks.c 0x00000000   Number         0  tasks.o ABSOLUTE
    ..\lpcopen\software\freertos\freertos\Source\timers.c 0x00000000   Number         0  timers.o ABSOLUTE
    ..\lpcopen\software\freertos\freertoslpc\FreeRTOSCommonHooks.c 0x00000000   Number         0  freertoscommonhooks.o ABSOLUTE
    ..\lpcopen\software\lpc_core\lpc_board\boards_17xx_40xx\lpc1766stk\board_LPC1766STK.c 0x00000000   Number         0  board_lpc1766stk.o ABSOLUTE
    ..\lpcopen\software\lpc_core\lpc_board\boards_17xx_40xx\lpc1766stk\sysinit_LPC1766STK.c 0x00000000   Number         0  sysinit_lpc1766stk.o ABSOLUTE
    ..\lpcopen\software\lpc_core\lpc_chip\chip_17xx_40xx\adc_17xx_40xx.c 0x00000000   Number         0  adc_17xx_40xx.o ABSOLUTE
    ..\lpcopen\software\lpc_core\lpc_chip\chip_17xx_40xx\clock_17xx_40xx.c 0x00000000   Number         0  clock_17xx_40xx.o ABSOLUTE
    ..\lpcopen\software\lpc_core\lpc_chip\chip_17xx_40xx\iocon_17xx_40xx.c 0x00000000   Number         0  iocon_17xx_40xx.o ABSOLUTE
    ..\lpcopen\software\lpc_core\lpc_chip\chip_17xx_40xx\ritimer_17xx_40xx.c 0x00000000   Number         0  ritimer_17xx_40xx.o ABSOLUTE
    ..\lpcopen\software\lpc_core\lpc_chip\chip_17xx_40xx\sysctl_17xx_40xx.c 0x00000000   Number         0  sysctl_17xx_40xx.o ABSOLUTE
    ..\lpcopen\software\lpc_core\lpc_chip\chip_17xx_40xx\timer_17xx_40xx.c 0x00000000   Number         0  timer_17xx_40xx.o ABSOLUTE
    ..\lpcopen\software\lpc_core\lpc_chip\chip_17xx_40xx\uart_17xx_40xx.c 0x00000000   Number         0  uart_17xx_40xx.o ABSOLUTE
    ..\lpcopen\software\lpc_core\lpc_chip\chip_common\mem_tests.c 0x00000000   Number         0  mem_tests.o ABSOLUTE
    ..\lpcopen\software\lpc_core\lpc_chip\chip_common\ring_buffer.c 0x00000000   Number         0  ring_buffer.o ABSOLUTE
    ..\lpcopen\software\lpc_core\lpc_ip\adc_001.c 0x00000000   Number         0  adc_001.o ABSOLUTE
    ..\lpcopen\software\lpc_core\lpc_ip\atimer_001.c 0x00000000   Number         0  atimer_001.o ABSOLUTE
    ..\lpcopen\software\lpc_core\lpc_ip\fpu_init.c 0x00000000   Number         0  fpu_init.o ABSOLUTE
    ..\lpcopen\software\lpc_core\lpc_ip\gpio_003.c 0x00000000   Number         0  gpio_003.o ABSOLUTE
    ..\lpcopen\software\lpc_core\lpc_ip\gpiogrpint_001.c 0x00000000   Number         0  gpiogrpint_001.o ABSOLUTE
    ..\lpcopen\software\lpc_core\lpc_ip\gpioint_001.c 0x00000000   Number         0  gpioint_001.o ABSOLUTE
    ..\lpcopen\software\lpc_core\lpc_ip\gpiopinint_001.c 0x00000000   Number         0  gpiopinint_001.o ABSOLUTE
    ..\lpcopen\software\lpc_core\lpc_ip\ritimer_001.c 0x00000000   Number         0  ritimer_001.o ABSOLUTE
    ..\lpcopen\software\lpc_core\lpc_ip\timer_001.c 0x00000000   Number         0  timer_001.o ABSOLUTE
    ..\lpcopen\software\lpc_core\lpc_ip\usart_001.c 0x00000000   Number         0  usart_001.o ABSOLUTE
    ..\lpcopen\software\lpc_core\lpc_ip\usart_002.c 0x00000000   Number         0  usart_002.o ABSOLUTE
    dc.s                                     0x00000000   Number         0  dc.o ABSOLUTE
    src\\main.c                              0x00000000   Number         0  main.o ABSOLUTE
    src\main.c                               0x00000000   Number         0  main.o ABSOLUTE
    !!!main                                  0x000000cc   Section        8  __main.o(!!!main)
    !!!scatter                               0x000000d4   Section       52  __scatter.o(!!!scatter)
    !!handler_copy                           0x00000108   Section       26  __scatter_copy.o(!!handler_copy)
    !!handler_zi                             0x00000124   Section       28  __scatter_zi.o(!!handler_zi)
    .ARM.Collect$$libinit$$00000000          0x00000140   Section        2  libinit.o(.ARM.Collect$$libinit$$00000000)
    .ARM.Collect$$libinit$$00000002          0x00000142   Section        0  libinit2.o(.ARM.Collect$$libinit$$00000002)
    .ARM.Collect$$libinit$$00000008          0x00000142   Section        0  libinit2.o(.ARM.Collect$$libinit$$00000008)
    .ARM.Collect$$libinit$$0000000A          0x00000142   Section        0  libinit2.o(.ARM.Collect$$libinit$$0000000A)
    .ARM.Collect$$libinit$$0000000C          0x00000142   Section        0  libinit2.o(.ARM.Collect$$libinit$$0000000C)
    .ARM.Collect$$libinit$$0000000F          0x00000142   Section        0  libinit2.o(.ARM.Collect$$libinit$$0000000F)
    .ARM.Collect$$libinit$$00000011          0x00000142   Section        0  libinit2.o(.ARM.Collect$$libinit$$00000011)
    .ARM.Collect$$libinit$$00000013          0x00000142   Section        0  libinit2.o(.ARM.Collect$$libinit$$00000013)
    .ARM.Collect$$libinit$$00000015          0x00000142   Section        0  libinit2.o(.ARM.Collect$$libinit$$00000015)
    .ARM.Collect$$libinit$$00000017          0x00000142   Section        0  libinit2.o(.ARM.Collect$$libinit$$00000017)
    .ARM.Collect$$libinit$$00000019          0x00000142   Section        0  libinit2.o(.ARM.Collect$$libinit$$00000019)
    .ARM.Collect$$libinit$$0000001B          0x00000142   Section        0  libinit2.o(.ARM.Collect$$libinit$$0000001B)
    .ARM.Collect$$libinit$$0000001D          0x00000142   Section        0  libinit2.o(.ARM.Collect$$libinit$$0000001D)
    .ARM.Collect$$libinit$$0000001F          0x00000142   Section        0  libinit2.o(.ARM.Collect$$libinit$$0000001F)
    .ARM.Collect$$libinit$$00000021          0x00000142   Section        0  libinit2.o(.ARM.Collect$$libinit$$00000021)
    .ARM.Collect$$libinit$$00000023          0x00000142   Section        0  libinit2.o(.ARM.Collect$$libinit$$00000023)
    .ARM.Collect$$libinit$$0000002A          0x00000142   Section        0  libinit2.o(.ARM.Collect$$libinit$$0000002A)
    .ARM.Collect$$libinit$$0000002C          0x00000142   Section        0  libinit2.o(.ARM.Collect$$libinit$$0000002C)
    .ARM.Collect$$libinit$$0000002E          0x00000142   Section        0  libinit2.o(.ARM.Collect$$libinit$$0000002E)
    .ARM.Collect$$libinit$$00000030          0x00000142   Section        0  libinit2.o(.ARM.Collect$$libinit$$00000030)
    .ARM.Collect$$libinit$$00000031          0x00000142   Section        2  libinit2.o(.ARM.Collect$$libinit$$00000031)
    .ARM.Collect$$libshutdown$$00000000      0x00000144   Section        2  libshutdown.o(.ARM.Collect$$libshutdown$$00000000)
    .ARM.Collect$$libshutdown$$00000003      0x00000146   Section        0  libshutdown2.o(.ARM.Collect$$libshutdown$$00000003)
    .ARM.Collect$$libshutdown$$00000006      0x00000146   Section        0  libshutdown2.o(.ARM.Collect$$libshutdown$$00000006)
    .ARM.Collect$$libshutdown$$00000009      0x00000146   Section        0  libshutdown2.o(.ARM.Collect$$libshutdown$$00000009)
    .ARM.Collect$$libshutdown$$0000000B      0x00000146   Section        0  libshutdown2.o(.ARM.Collect$$libshutdown$$0000000B)
    .ARM.Collect$$libshutdown$$0000000E      0x00000146   Section        0  libshutdown2.o(.ARM.Collect$$libshutdown$$0000000E)
    .ARM.Collect$$libshutdown$$0000000F      0x00000146   Section        2  libshutdown2.o(.ARM.Collect$$libshutdown$$0000000F)
    .ARM.Collect$$rtentry$$00000000          0x00000148   Section        0  rtentry.o(.ARM.Collect$$rtentry$$00000000)
    .ARM.Collect$$rtentry$$00000002          0x00000148   Section        0  rtentry2.o(.ARM.Collect$$rtentry$$00000002)
    .ARM.Collect$$rtentry$$00000004          0x00000148   Section        6  rtentry4.o(.ARM.Collect$$rtentry$$00000004)
    .ARM.Collect$$rtentry$$00000009          0x0000014e   Section        0  rtentry2.o(.ARM.Collect$$rtentry$$00000009)
    .ARM.Collect$$rtentry$$0000000A          0x0000014e   Section        4  rtentry2.o(.ARM.Collect$$rtentry$$0000000A)
    .ARM.Collect$$rtentry$$0000000C          0x00000152   Section        0  rtentry2.o(.ARM.Collect$$rtentry$$0000000C)
    .ARM.Collect$$rtentry$$0000000D          0x00000152   Section        8  rtentry2.o(.ARM.Collect$$rtentry$$0000000D)
    .ARM.Collect$$rtexit$$00000000           0x0000015a   Section        2  rtexit.o(.ARM.Collect$$rtexit$$00000000)
    .ARM.Collect$$rtexit$$00000002           0x0000015c   Section        0  rtexit2.o(.ARM.Collect$$rtexit$$00000002)
    .ARM.Collect$$rtexit$$00000003           0x0000015c   Section        4  rtexit2.o(.ARM.Collect$$rtexit$$00000003)
    .ARM.Collect$$rtexit$$00000004           0x00000160   Section        6  rtexit2.o(.ARM.Collect$$rtexit$$00000004)
    .emb_text                                0x00000168   Section      138  port.o(.emb_text)
    .text                                    0x000001f4   Section       68  keil_freertos_startup_lpc17xx40xx.o(.text)
    .text                                    0x00000238   Section        0  heapauxi.o(.text)
    .text                                    0x00000240   Section        8  libspace.o(.text)
    .text                                    0x00000248   Section       74  sys_stackheap_outer.o(.text)
    .text                                    0x00000292   Section        0  exit.o(.text)
    i.Chip_Clock_DisablePLL                  0x000002a0   Section        0  clock_17xx_40xx.o(i.Chip_Clock_DisablePLL)
    i.Chip_Clock_EnablePLL                   0x000002b8   Section        0  clock_17xx_40xx.o(i.Chip_Clock_EnablePLL)
    i.Chip_Clock_FeedPLL                     0x000002d0   Section        0  clock_17xx_40xx.o(i.Chip_Clock_FeedPLL)
    Chip_Clock_FeedPLL                       0x000002d1   Thumb Code    18  clock_17xx_40xx.o(i.Chip_Clock_FeedPLL)
    i.Chip_Clock_SetCPUClockDiv              0x000002e8   Section        0  clock_17xx_40xx.o(i.Chip_Clock_SetCPUClockDiv)
    i.Chip_Clock_SetCPUClockSource           0x000002f4   Section        0  clock_17xx_40xx.o(i.Chip_Clock_SetCPUClockSource)
    i.Chip_Clock_SetUSBClockDiv              0x00000308   Section        0  clock_17xx_40xx.o(i.Chip_Clock_SetUSBClockDiv)
    i.Chip_Clock_SetupPLL                    0x0000031c   Section        0  clock_17xx_40xx.o(i.Chip_Clock_SetupPLL)
    i.Chip_IOCON_PinMux                      0x0000033c   Section        0  iocon_17xx_40xx.o(i.Chip_IOCON_PinMux)
    i.SystemInit                             0x00000370   Section        0  sysinit_lpc1766stk.o(i.SystemInit)
    i.SystemSetupClocking                    0x000003b4   Section        0  sysinit_lpc1766stk.o(i.SystemSetupClocking)
    SystemSetupClocking                      0x000003b5   Thumb Code   120  sysinit_lpc1766stk.o(i.SystemSetupClocking)
    i._sys_exit                              0x00000430   Section        0  board_lpc1766stk.o(i._sys_exit)
    i.main                                   0x00000432   Section        0  main.o(i.main)
    i.uxListRemove                           0x00000436   Section        0  list.o(i.uxListRemove)
    i.vListInsertEnd                         0x0000045a   Section        0  list.o(i.vListInsertEnd)
    i.vTaskSwitchContext                     0x00000474   Section        0  tasks.o(i.vTaskSwitchContext)
    i.xPortSysTickHandler                    0x000004c4   Section        0  port.o(i.xPortSysTickHandler)
    i.xTaskIncrementTick                     0x000004e8   Section        0  tasks.o(i.xTaskIncrementTick)
    .constdata                               0x000005ac   Section       16  sysinit_lpc1766stk.o(.constdata)
    pinmuxing                                0x000005ac   Data          16  sysinit_lpc1766stk.o(.constdata)
    .data                                    0x10000000   Section       56  tasks.o(.data)
    uxTasksDeleted                           0x10000004   Data           4  tasks.o(.data)
    uxCurrentNumberOfTasks                   0x10000008   Data           4  tasks.o(.data)
    xTickCount                               0x1000000c   Data           4  tasks.o(.data)
    uxTopReadyPriority                       0x10000010   Data           4  tasks.o(.data)
    xSchedulerRunning                        0x10000014   Data           4  tasks.o(.data)
    uxSchedulerSuspended                     0x10000018   Data           4  tasks.o(.data)
    uxPendedTicks                            0x1000001c   Data           4  tasks.o(.data)
    xYieldPending                            0x10000020   Data           4  tasks.o(.data)
    xNumOfOverflows                          0x10000024   Data           4  tasks.o(.data)
    uxTaskNumber                             0x10000028   Data           4  tasks.o(.data)
    xNextTaskUnblockTime                     0x1000002c   Data           4  tasks.o(.data)
    pxDelayedTaskList                        0x10000030   Data           4  tasks.o(.data)
    pxOverflowDelayedTaskList                0x10000034   Data           4  tasks.o(.data)
    .bss                                     0x10000038   Section      260  tasks.o(.bss)
    pxReadyTasksLists                        0x10000038   Data         160  tasks.o(.bss)
    xDelayedTaskList1                        0x100000d8   Data          20  tasks.o(.bss)
    xDelayedTaskList2                        0x100000ec   Data          20  tasks.o(.bss)
    xPendingReadyList                        0x10000100   Data          20  tasks.o(.bss)
    xTasksWaitingTermination                 0x10000114   Data          20  tasks.o(.bss)
    xSuspendedTaskList                       0x10000128   Data          20  tasks.o(.bss)
    .bss                                     0x1000013c   Section       96  libspace.o(.bss)
    HEAP                                     0x100001a0   Section    12288  keil_freertos_startup_lpc17xx40xx.o(HEAP)
    Heap_Mem                                 0x100001a0   Data       12288  keil_freertos_startup_lpc17xx40xx.o(HEAP)
    STACK                                    0x100031a0   Section      512  keil_freertos_startup_lpc17xx40xx.o(STACK)
    Stack_Mem                                0x100031a0   Data         512  keil_freertos_startup_lpc17xx40xx.o(STACK)
    __initial_sp                             0x100033a0   Data           0  keil_freertos_startup_lpc17xx40xx.o(STACK)

    Global Symbols

    Symbol Name                              Value     Ov Type        Size  Object(Section)

    BuildAttributes$$THM_ISAv4$P$D$K$B$S$PE$A:L22UL41UL21$X:L11$S22US41US21$IEEE1$IW$USESV6$~STKCKD$USESV7$~SHL$OTIME$ROPI$EBA8$UX$STANDARDLIB$REQ8$PRES8$EABIv2 0x00000000   Number         0  anon$$obj.o ABSOLUTE
    __ARM_use_no_argv                        0x00000000   Number         0  main.o ABSOLUTE
    __Vectors                                0x00000000   Data           4  keil_freertos_startup_lpc17xx40xx.o(RESET)
    __ARM_exceptions_init                     - Undefined Weak Reference
    __alloca_initialize                       - Undefined Weak Reference
    __cpp_initialize__aeabi_                  - Undefined Weak Reference
    __cxa_finalize                            - Undefined Weak Reference
    __rt_locale                               - Undefined Weak Reference
    __sigvec_lookup                           - Undefined Weak Reference
    __user_heap_extent                        - Undefined Weak Reference
    _atexit_init                              - Undefined Weak Reference
    _call_atexit_fns                          - Undefined Weak Reference
    _clock_init                               - Undefined Weak Reference
    _fp_trap_init                             - Undefined Weak Reference
    _fp_trap_shutdown                         - Undefined Weak Reference
    _get_lc_collate                           - Undefined Weak Reference
    _get_lc_ctype                             - Undefined Weak Reference
    _get_lc_monetary                          - Undefined Weak Reference
    _get_lc_numeric                           - Undefined Weak Reference
    _get_lc_time                              - Undefined Weak Reference
    _getenv_init                              - Undefined Weak Reference
    _handle_redirection                       - Undefined Weak Reference
    _initio                                   - Undefined Weak Reference
    _mutex_acquire                            - Undefined Weak Reference
    _mutex_free                               - Undefined Weak Reference
    _mutex_release                            - Undefined Weak Reference
    _printf_mbtowc                            - Undefined Weak Reference
    _printf_post_padding                      - Undefined Weak Reference
    _printf_pre_padding                       - Undefined Weak Reference
    _rand_init                                - Undefined Weak Reference
    _signal_finish                            - Undefined Weak Reference
    _signal_init                              - Undefined Weak Reference
    _terminateio                              - Undefined Weak Reference
    __main                                   0x000000cd   Thumb Code     8  __main.o(!!!main)
    __scatterload                            0x000000d5   Thumb Code     0  __scatter.o(!!!scatter)
    __scatterload_rt2                        0x000000d5   Thumb Code    44  __scatter.o(!!!scatter)
    __scatterload_rt2_thumb_only             0x000000d5   Thumb Code     0  __scatter.o(!!!scatter)
    __scatterload_null                       0x000000e3   Thumb Code     0  __scatter.o(!!!scatter)
    __scatterload_copy                       0x00000109   Thumb Code    26  __scatter_copy.o(!!handler_copy)
    __scatterload_zeroinit                   0x00000125   Thumb Code    28  __scatter_zi.o(!!handler_zi)
    __rt_lib_init                            0x00000141   Thumb Code     0  libinit.o(.ARM.Collect$$libinit$$00000000)
    __rt_lib_init_alloca_1                   0x00000143   Thumb Code     0  libinit2.o(.ARM.Collect$$libinit$$0000002C)
    __rt_lib_init_argv_1                     0x00000143   Thumb Code     0  libinit2.o(.ARM.Collect$$libinit$$0000002A)
    __rt_lib_init_atexit_1                   0x00000143   Thumb Code     0  libinit2.o(.ARM.Collect$$libinit$$00000019)
    __rt_lib_init_clock_1                    0x00000143   Thumb Code     0  libinit2.o(.ARM.Collect$$libinit$$0000001F)
    __rt_lib_init_cpp_1                      0x00000143   Thumb Code     0  libinit2.o(.ARM.Collect$$libinit$$00000030)
    __rt_lib_init_exceptions_1               0x00000143   Thumb Code     0  libinit2.o(.ARM.Collect$$libinit$$0000002E)
    __rt_lib_init_fp_1                       0x00000143   Thumb Code     0  libinit2.o(.ARM.Collect$$libinit$$00000002)
    __rt_lib_init_fp_trap_1                  0x00000143   Thumb Code     0  libinit2.o(.ARM.Collect$$libinit$$0000001D)
    __rt_lib_init_getenv_1                   0x00000143   Thumb Code     0  libinit2.o(.ARM.Collect$$libinit$$00000021)
    __rt_lib_init_heap_1                     0x00000143   Thumb Code     0  libinit2.o(.ARM.Collect$$libinit$$00000008)
    __rt_lib_init_lc_collate_1               0x00000143   Thumb Code     0  libinit2.o(.ARM.Collect$$libinit$$0000000F)
    __rt_lib_init_lc_ctype_1                 0x00000143   Thumb Code     0  libinit2.o(.ARM.Collect$$libinit$$00000011)
    __rt_lib_init_lc_monetary_1              0x00000143   Thumb Code     0  libinit2.o(.ARM.Collect$$libinit$$00000013)
    __rt_lib_init_lc_numeric_1               0x00000143   Thumb Code     0  libinit2.o(.ARM.Collect$$libinit$$00000015)
    __rt_lib_init_lc_time_1                  0x00000143   Thumb Code     0  libinit2.o(.ARM.Collect$$libinit$$00000017)
    __rt_lib_init_rand_1                     0x00000143   Thumb Code     0  libinit2.o(.ARM.Collect$$libinit$$0000000C)
    __rt_lib_init_return                     0x00000143   Thumb Code     0  libinit2.o(.ARM.Collect$$libinit$$00000031)
    __rt_lib_init_signal_1                   0x00000143   Thumb Code     0  libinit2.o(.ARM.Collect$$libinit$$0000001B)
    __rt_lib_init_stdio_1                    0x00000143   Thumb Code     0  libinit2.o(.ARM.Collect$$libinit$$00000023)
    __rt_lib_init_user_alloc_1               0x00000143   Thumb Code     0  libinit2.o(.ARM.Collect$$libinit$$0000000A)
    __rt_lib_shutdown                        0x00000145   Thumb Code     0  libshutdown.o(.ARM.Collect$$libshutdown$$00000000)
    __rt_lib_shutdown_fp_trap_1              0x00000147   Thumb Code     0  libshutdown2.o(.ARM.Collect$$libshutdown$$00000006)
    __rt_lib_shutdown_heap_1                 0x00000147   Thumb Code     0  libshutdown2.o(.ARM.Collect$$libshutdown$$0000000E)
    __rt_lib_shutdown_return                 0x00000147   Thumb Code     0  libshutdown2.o(.ARM.Collect$$libshutdown$$0000000F)
    __rt_lib_shutdown_signal_1               0x00000147   Thumb Code     0  libshutdown2.o(.ARM.Collect$$libshutdown$$00000009)
    __rt_lib_shutdown_stdio_1                0x00000147   Thumb Code     0  libshutdown2.o(.ARM.Collect$$libshutdown$$00000003)
    __rt_lib_shutdown_user_alloc_1           0x00000147   Thumb Code     0  libshutdown2.o(.ARM.Collect$$libshutdown$$0000000B)
    __rt_entry                               0x00000149   Thumb Code     0  rtentry.o(.ARM.Collect$$rtentry$$00000000)
    __rt_entry_presh_1                       0x00000149   Thumb Code     0  rtentry2.o(.ARM.Collect$$rtentry$$00000002)
    __rt_entry_sh                            0x00000149   Thumb Code     0  rtentry4.o(.ARM.Collect$$rtentry$$00000004)
    __rt_entry_li                            0x0000014f   Thumb Code     0  rtentry2.o(.ARM.Collect$$rtentry$$0000000A)
    __rt_entry_postsh_1                      0x0000014f   Thumb Code     0  rtentry2.o(.ARM.Collect$$rtentry$$00000009)
    __rt_entry_main                          0x00000153   Thumb Code     0  rtentry2.o(.ARM.Collect$$rtentry$$0000000D)
    __rt_entry_postli_1                      0x00000153   Thumb Code     0  rtentry2.o(.ARM.Collect$$rtentry$$0000000C)
    __rt_exit                                0x0000015b   Thumb Code     0  rtexit.o(.ARM.Collect$$rtexit$$00000000)
    __rt_exit_ls                             0x0000015d   Thumb Code     0  rtexit2.o(.ARM.Collect$$rtexit$$00000003)
    __rt_exit_prels_1                        0x0000015d   Thumb Code     0  rtexit2.o(.ARM.Collect$$rtexit$$00000002)
    __rt_exit_exit                           0x00000161   Thumb Code     0  rtexit2.o(.ARM.Collect$$rtexit$$00000004)
    vPortSVCHandler                          0x00000169   Thumb Code    28  port.o(.emb_text)
    __asm___6_port_c_39a90d8d__prvStartFirstTask 0x00000189   Thumb Code    16  port.o(.emb_text)
    xPortPendSVHandler                       0x0000019d   Thumb Code    56  port.o(.emb_text)
    ulPortSetInterruptMask                   0x000001d9   Thumb Code    14  port.o(.emb_text)
    vPortClearInterruptMask                  0x000001e7   Thumb Code     6  port.o(.emb_text)
    vPortGetIPSR                             0x000001ed   Thumb Code     6  port.o(.emb_text)
    Reset_Handler                            0x000001f5   Thumb Code     8  keil_freertos_startup_lpc17xx40xx.o(.text)
    NMI_Handler                              0x000001fd   Thumb Code     2  keil_freertos_startup_lpc17xx40xx.o(.text)
    HardFault_Handler                        0x000001ff   Thumb Code     2  keil_freertos_startup_lpc17xx40xx.o(.text)
    MemManage_Handler                        0x00000201   Thumb Code     2  keil_freertos_startup_lpc17xx40xx.o(.text)
    BusFault_Handler                         0x00000203   Thumb Code     2  keil_freertos_startup_lpc17xx40xx.o(.text)
    UsageFault_Handler                       0x00000205   Thumb Code     2  keil_freertos_startup_lpc17xx40xx.o(.text)
    SVC_Handler                              0x00000207   Thumb Code     2  keil_freertos_startup_lpc17xx40xx.o(.text)
    DebugMon_Handler                         0x00000209   Thumb Code     2  keil_freertos_startup_lpc17xx40xx.o(.text)
    PendSV_Handler                           0x0000020b   Thumb Code     2  keil_freertos_startup_lpc17xx40xx.o(.text)
    SysTick_Handler                          0x0000020d   Thumb Code     2  keil_freertos_startup_lpc17xx40xx.o(.text)
    UnHandled_Vector                         0x0000020f   Thumb Code     2  keil_freertos_startup_lpc17xx40xx.o(.text)
    ADC_IRQHandler                           0x00000211   Thumb Code     0  keil_freertos_startup_lpc17xx40xx.o(.text)
    BOD_IRQHandler                           0x00000211   Thumb Code     0  keil_freertos_startup_lpc17xx40xx.o(.text)
    CANActivity_IRQHandler                   0x00000211   Thumb Code     0  keil_freertos_startup_lpc17xx40xx.o(.text)
    CAN_IRQHandler                           0x00000211   Thumb Code     0  keil_freertos_startup_lpc17xx40xx.o(.text)
    DMA_IRQHandler                           0x00000211   Thumb Code     0  keil_freertos_startup_lpc17xx40xx.o(.text)
    EINT0_IRQHandler                         0x00000211   Thumb Code     0  keil_freertos_startup_lpc17xx40xx.o(.text)
    EINT1_IRQHandler                         0x00000211   Thumb Code     0  keil_freertos_startup_lpc17xx40xx.o(.text)
    EINT2_IRQHandler                         0x00000211   Thumb Code     0  keil_freertos_startup_lpc17xx40xx.o(.text)
    EINT3_IRQHandler                         0x00000211   Thumb Code     0  keil_freertos_startup_lpc17xx40xx.o(.text)
    ETH_IRQHandler                           0x00000211   Thumb Code     0  keil_freertos_startup_lpc17xx40xx.o(.text)
    I2C0_IRQHandler                          0x00000211   Thumb Code     0  keil_freertos_startup_lpc17xx40xx.o(.text)
    I2C1_IRQHandler                          0x00000211   Thumb Code     0  keil_freertos_startup_lpc17xx40xx.o(.text)
    I2C2_IRQHandler                          0x00000211   Thumb Code     0  keil_freertos_startup_lpc17xx40xx.o(.text)
    I2S_IRQHandler                           0x00000211   Thumb Code     0  keil_freertos_startup_lpc17xx40xx.o(.text)
    MCPWM_IRQHandler                         0x00000211   Thumb Code     0  keil_freertos_startup_lpc17xx40xx.o(.text)
    PLL0_IRQHandler                          0x00000211   Thumb Code     0  keil_freertos_startup_lpc17xx40xx.o(.text)
    PLL1_IRQHandler                          0x00000211   Thumb Code     0  keil_freertos_startup_lpc17xx40xx.o(.text)
    PWM1_IRQHandler                          0x00000211   Thumb Code     0  keil_freertos_startup_lpc17xx40xx.o(.text)
    QEI_IRQHandler                           0x00000211   Thumb Code     0  keil_freertos_startup_lpc17xx40xx.o(.text)
    RIT_IRQHandler                           0x00000211   Thumb Code     0  keil_freertos_startup_lpc17xx40xx.o(.text)
    RTC_IRQHandler                           0x00000211   Thumb Code     0  keil_freertos_startup_lpc17xx40xx.o(.text)
    SPI_IRQHandler                           0x00000211   Thumb Code     0  keil_freertos_startup_lpc17xx40xx.o(.text)
    SSP0_IRQHandler                          0x00000211   Thumb Code     0  keil_freertos_startup_lpc17xx40xx.o(.text)
    SSP1_IRQHandler                          0x00000211   Thumb Code     0  keil_freertos_startup_lpc17xx40xx.o(.text)
    TIMER0_IRQHandler                        0x00000211   Thumb Code     0  keil_freertos_startup_lpc17xx40xx.o(.text)
    TIMER1_IRQHandler                        0x00000211   Thumb Code     0  keil_freertos_startup_lpc17xx40xx.o(.text)
    TIMER2_IRQHandler                        0x00000211   Thumb Code     0  keil_freertos_startup_lpc17xx40xx.o(.text)
    TIMER3_IRQHandler                        0x00000211   Thumb Code     0  keil_freertos_startup_lpc17xx40xx.o(.text)
    UART0_IRQHandler                         0x00000211   Thumb Code     0  keil_freertos_startup_lpc17xx40xx.o(.text)
    UART1_IRQHandler                         0x00000211   Thumb Code     0  keil_freertos_startup_lpc17xx40xx.o(.text)
    UART2_IRQHandler                         0x00000211   Thumb Code     0  keil_freertos_startup_lpc17xx40xx.o(.text)
    UART3_IRQHandler                         0x00000211   Thumb Code     0  keil_freertos_startup_lpc17xx40xx.o(.text)
    USBActivity_IRQHandler                   0x00000211   Thumb Code     0  keil_freertos_startup_lpc17xx40xx.o(.text)
    USB_IRQHandler                           0x00000211   Thumb Code     0  keil_freertos_startup_lpc17xx40xx.o(.text)
    WDT_IRQHandler                           0x00000211   Thumb Code     0  keil_freertos_startup_lpc17xx40xx.o(.text)
    __user_initial_stackheap                 0x00000215   Thumb Code     0  keil_freertos_startup_lpc17xx40xx.o(.text)
    __use_two_region_memory                  0x00000239   Thumb Code     2  heapauxi.o(.text)
    __rt_heap_escrow                         0x0000023b   Thumb Code     2  heapauxi.o(.text)
    __rt_heap_expand                         0x0000023d   Thumb Code     2  heapauxi.o(.text)
    __user_libspace                          0x00000241   Thumb Code     8  libspace.o(.text)
    __user_perproc_libspace                  0x00000241   Thumb Code     0  libspace.o(.text)
    __user_perthread_libspace                0x00000241   Thumb Code     0  libspace.o(.text)
    __user_setup_stackheap                   0x00000249   Thumb Code    74  sys_stackheap_outer.o(.text)
    exit                                     0x00000293   Thumb Code    12  exit.o(.text)
    Chip_Clock_DisablePLL                    0x000002a1   Thumb Code    18  clock_17xx_40xx.o(i.Chip_Clock_DisablePLL)
    Chip_Clock_EnablePLL                     0x000002b9   Thumb Code    18  clock_17xx_40xx.o(i.Chip_Clock_EnablePLL)
    Chip_Clock_SetCPUClockDiv                0x000002e9   Thumb Code     6  clock_17xx_40xx.o(i.Chip_Clock_SetCPUClockDiv)
    Chip_Clock_SetCPUClockSource             0x000002f5   Thumb Code    20  clock_17xx_40xx.o(i.Chip_Clock_SetCPUClockSource)
    Chip_Clock_SetUSBClockDiv                0x00000309   Thumb Code    14  clock_17xx_40xx.o(i.Chip_Clock_SetUSBClockDiv)
    Chip_Clock_SetupPLL                      0x0000031d   Thumb Code    26  clock_17xx_40xx.o(i.Chip_Clock_SetupPLL)
    Chip_IOCON_PinMux                        0x0000033d   Thumb Code    50  iocon_17xx_40xx.o(i.Chip_IOCON_PinMux)
    SystemInit                               0x00000371   Thumb Code    50  sysinit_lpc1766stk.o(i.SystemInit)
    _sys_exit                                0x00000431   Thumb Code     2  board_lpc1766stk.o(i._sys_exit)
    main                                     0x00000433   Thumb Code     4  main.o(i.main)
    uxListRemove                             0x00000437   Thumb Code    36  list.o(i.uxListRemove)
    vListInsertEnd                           0x0000045b   Thumb Code    24  list.o(i.vListInsertEnd)
    vTaskSwitchContext                       0x00000475   Thumb Code    72  tasks.o(i.vTaskSwitchContext)
    xPortSysTickHandler                      0x000004c5   Thumb Code    30  port.o(i.xPortSysTickHandler)
    xTaskIncrementTick                       0x000004e9   Thumb Code   188  tasks.o(i.xTaskIncrementTick)
    Region$$Table$$Base                      0x000005bc   Number         0  anon$$obj.o(Region$$Table)
    Region$$Table$$Limit                     0x000005dc   Number         0  anon$$obj.o(Region$$Table)
    pxCurrentTCB                             0x10000000   Data           4  tasks.o(.data)
    __libspace_start                         0x1000013c   Data          96  libspace.o(.bss)
    __temporary_stack_top$libspace           0x1000019c   Data           0  libspace.o(.bss)



==============================================================================

Memory Map of the image

  Image Entry point : 0x000000cd

  Load Region LR_IROM1 (Base: 0x00000000, Size: 0x00000614, Max: 0x00040000, ABSOLUTE)

    Execution Region ER_IROM1 (Base: 0x00000000, Size: 0x000005dc, Max: 0x00040000, ABSOLUTE)

    Base Addr    Size         Type   Attr      Idx    E Section Name        Object

    0x00000000   0x000000cc   Data   RO          215    RESET               keil_freertos_startup_lpc17xx40xx.o
    0x000000cc   0x00000008   Code   RO         2260  * !!!main             c_w.l(__main.o)
    0x000000d4   0x00000034   Code   RO         2481    !!!scatter          c_w.l(__scatter.o)
    0x00000108   0x0000001a   Code   RO         2483    !!handler_copy      c_w.l(__scatter_copy.o)
    0x00000122   0x00000002   PAD
    0x00000124   0x0000001c   Code   RO         2485    !!handler_zi        c_w.l(__scatter_zi.o)
    0x00000140   0x00000002   Code   RO         2423    .ARM.Collect$$libinit$$00000000  c_w.l(libinit.o)
    0x00000142   0x00000000   Code   RO         2306    .ARM.Collect$$libinit$$00000002  c_w.l(libinit2.o)
    0x00000142   0x00000000   Code   RO         2309    .ARM.Collect$$libinit$$00000008  c_w.l(libinit2.o)
    0x00000142   0x00000000   Code   RO         2311    .ARM.Collect$$libinit$$0000000A  c_w.l(libinit2.o)
    0x00000142   0x00000000   Code   RO         2313    .ARM.Collect$$libinit$$0000000C  c_w.l(libinit2.o)
    0x00000142   0x00000000   Code   RO         2316    .ARM.Collect$$libinit$$0000000F  c_w.l(libinit2.o)
    0x00000142   0x00000000   Code   RO         2318    .ARM.Collect$$libinit$$00000011  c_w.l(libinit2.o)
    0x00000142   0x00000000   Code   RO         2320    .ARM.Collect$$libinit$$00000013  c_w.l(libinit2.o)
    0x00000142   0x00000000   Code   RO         2322    .ARM.Collect$$libinit$$00000015  c_w.l(libinit2.o)
    0x00000142   0x00000000   Code   RO         2324    .ARM.Collect$$libinit$$00000017  c_w.l(libinit2.o)
    0x00000142   0x00000000   Code   RO         2326    .ARM.Collect$$libinit$$00000019  c_w.l(libinit2.o)
    0x00000142   0x00000000   Code   RO         2328    .ARM.Collect$$libinit$$0000001B  c_w.l(libinit2.o)
    0x00000142   0x00000000   Code   RO         2330    .ARM.Collect$$libinit$$0000001D  c_w.l(libinit2.o)
    0x00000142   0x00000000   Code   RO         2332    .ARM.Collect$$libinit$$0000001F  c_w.l(libinit2.o)
    0x00000142   0x00000000   Code   RO         2334    .ARM.Collect$$libinit$$00000021  c_w.l(libinit2.o)
    0x00000142   0x00000000   Code   RO         2336    .ARM.Collect$$libinit$$00000023  c_w.l(libinit2.o)
    0x00000142   0x00000000   Code   RO         2340    .ARM.Collect$$libinit$$0000002A  c_w.l(libinit2.o)
    0x00000142   0x00000000   Code   RO         2342    .ARM.Collect$$libinit$$0000002C  c_w.l(libinit2.o)
    0x00000142   0x00000000   Code   RO         2344    .ARM.Collect$$libinit$$0000002E  c_w.l(libinit2.o)
    0x00000142   0x00000000   Code   RO         2346    .ARM.Collect$$libinit$$00000030  c_w.l(libinit2.o)
    0x00000142   0x00000002   Code   RO         2347    .ARM.Collect$$libinit$$00000031  c_w.l(libinit2.o)
    0x00000144   0x00000002   Code   RO         2478    .ARM.Collect$$libshutdown$$00000000  c_w.l(libshutdown.o)
    0x00000146   0x00000000   Code   RO         2438    .ARM.Collect$$libshutdown$$00000003  c_w.l(libshutdown2.o)
    0x00000146   0x00000000   Code   RO         2441    .ARM.Collect$$libshutdown$$00000006  c_w.l(libshutdown2.o)
    0x00000146   0x00000000   Code   RO         2444    .ARM.Collect$$libshutdown$$00000009  c_w.l(libshutdown2.o)
    0x00000146   0x00000000   Code   RO         2446    .ARM.Collect$$libshutdown$$0000000B  c_w.l(libshutdown2.o)
    0x00000146   0x00000000   Code   RO         2449    .ARM.Collect$$libshutdown$$0000000E  c_w.l(libshutdown2.o)
    0x00000146   0x00000002   Code   RO         2450    .ARM.Collect$$libshutdown$$0000000F  c_w.l(libshutdown2.o)
    0x00000148   0x00000000   Code   RO         2264    .ARM.Collect$$rtentry$$00000000  c_w.l(rtentry.o)
    0x00000148   0x00000000   Code   RO         2354    .ARM.Collect$$rtentry$$00000002  c_w.l(rtentry2.o)
    0x00000148   0x00000006   Code   RO         2366    .ARM.Collect$$rtentry$$00000004  c_w.l(rtentry4.o)
    0x0000014e   0x00000000   Code   RO         2356    .ARM.Collect$$rtentry$$00000009  c_w.l(rtentry2.o)
    0x0000014e   0x00000004   Code   RO         2357    .ARM.Collect$$rtentry$$0000000A  c_w.l(rtentry2.o)
    0x00000152   0x00000000   Code   RO         2359    .ARM.Collect$$rtentry$$0000000C  c_w.l(rtentry2.o)
    0x00000152   0x00000008   Code   RO         2360    .ARM.Collect$$rtentry$$0000000D  c_w.l(rtentry2.o)
    0x0000015a   0x00000002   Code   RO         2424    .ARM.Collect$$rtexit$$00000000  c_w.l(rtexit.o)
    0x0000015c   0x00000000   Code   RO         2454    .ARM.Collect$$rtexit$$00000002  c_w.l(rtexit2.o)
    0x0000015c   0x00000004   Code   RO         2455    .ARM.Collect$$rtexit$$00000003  c_w.l(rtexit2.o)
    0x00000160   0x00000006   Code   RO         2456    .ARM.Collect$$rtexit$$00000004  c_w.l(rtexit2.o)
    0x00000166   0x00000002   PAD
    0x00000168   0x0000008a   Code   RO          222    .emb_text           port.o
    0x000001f2   0x00000002   PAD
    0x000001f4   0x00000044   Code   RO          216    .text               keil_freertos_startup_lpc17xx40xx.o
    0x00000238   0x00000006   Code   RO         2258    .text               c_w.l(heapauxi.o)
    0x0000023e   0x00000002   PAD
    0x00000240   0x00000008   Code   RO         2350    .text               c_w.l(libspace.o)
    0x00000248   0x0000004a   Code   RO         2396    .text               c_w.l(sys_stackheap_outer.o)
    0x00000292   0x0000000c   Code   RO         2404    .text               c_w.l(exit.o)
    0x0000029e   0x00000002   PAD
    0x000002a0   0x00000018   Code   RO         1260    i.Chip_Clock_DisablePLL  clock_17xx_40xx.o
    0x000002b8   0x00000018   Code   RO         1262    i.Chip_Clock_EnablePLL  clock_17xx_40xx.o
    0x000002d0   0x00000018   Code   RO         1264    i.Chip_Clock_FeedPLL  clock_17xx_40xx.o
    0x000002e8   0x0000000c   Code   RO         1278    i.Chip_Clock_SetCPUClockDiv  clock_17xx_40xx.o
    0x000002f4   0x00000014   Code   RO         1279    i.Chip_Clock_SetCPUClockSource  clock_17xx_40xx.o
    0x00000308   0x00000014   Code   RO         1281    i.Chip_Clock_SetUSBClockDiv  clock_17xx_40xx.o
    0x0000031c   0x00000020   Code   RO         1282    i.Chip_Clock_SetupPLL  clock_17xx_40xx.o
    0x0000033c   0x00000032   Code   RO         1406    i.Chip_IOCON_PinMux  iocon_17xx_40xx.o
    0x0000036e   0x00000002   PAD
    0x00000370   0x00000044   Code   RO         1165    i.SystemInit        sysinit_lpc1766stk.o
    0x000003b4   0x0000007c   Code   RO         1166    i.SystemSetupClocking  sysinit_lpc1766stk.o
    0x00000430   0x00000002   Code   RO          988    i._sys_exit         board_lpc1766stk.o
    0x00000432   0x00000004   Code   RO            3    i.main              main.o
    0x00000436   0x00000024   Code   RO          414    i.uxListRemove      list.o
    0x0000045a   0x00000018   Code   RO          418    i.vListInsertEnd    list.o
    0x00000472   0x00000002   PAD
    0x00000474   0x00000050   Code   RO          683    i.vTaskSwitchContext  tasks.o
    0x000004c4   0x00000024   Code   RO          232    i.xPortSysTickHandler  port.o
    0x000004e8   0x000000c4   Code   RO          689    i.xTaskIncrementTick  tasks.o
    0x000005ac   0x00000010   Data   RO         1167    .constdata          sysinit_lpc1766stk.o
    0x000005bc   0x00000020   Data   RO         2479    Region$$Table       anon$$obj.o


    Execution Region RW_IRAM1 (Base: 0x10000000, Size: 0x000033a0, Max: 0x00008000, ABSOLUTE)

    Base Addr    Size         Type   Attr      Idx    E Section Name        Object

    0x10000000   0x00000038   Data   RW          695    .data               tasks.o
    0x10000038   0x00000104   Zero   RW          694    .bss                tasks.o
    0x1000013c   0x00000060   Zero   RW         2351    .bss                c_w.l(libspace.o)
    0x1000019c   0x00000004   PAD
    0x100001a0   0x00003000   Zero   RW          214    HEAP                keil_freertos_startup_lpc17xx40xx.o
    0x100031a0   0x00000200   Zero   RW          213    STACK               keil_freertos_startup_lpc17xx40xx.o


==============================================================================

Image component sizes


      Code (inc. data)   RO Data    RW Data    ZI Data      Debug   Object Name

         2          0          0          0          0        472   board_lpc1766stk.o
       156         36          0          0          0       8571   clock_17xx_40xx.o
        50          0          0          0          0        612   iocon_17xx_40xx.o
        68         28        204          0      12800        888   keil_freertos_startup_lpc17xx40xx.o
        60          0          0          0          0       1416   list.o
         4          0          0          0          0      13787   main.o
       174         18          0          0          0       1234   port.o
       192         22         16          0          0       6837   sysinit_lpc1766stk.o
       276         16          0         56        260       5445   tasks.o

    ----------------------------------------------------------------------
       988        120        252         56      13060      39262   Object Totals
         0          0         32          0          0          0   (incl. Generated)
         6          0          0          0          0          0   (incl. Padding)

    ----------------------------------------------------------------------

      Code (inc. data)   RO Data    RW Data    ZI Data      Debug   Library Member Name

         8          0          0          0          0         68   __main.o
        52          8          0          0          0          0   __scatter.o
        26          0          0          0          0          0   __scatter_copy.o
        28          0          0          0          0          0   __scatter_zi.o
        12          0          0          0          0         72   exit.o
         6          0          0          0          0        152   heapauxi.o
         2          0          0          0          0          0   libinit.o
         2          0          0          0          0          0   libinit2.o
         2          0          0          0          0          0   libshutdown.o
         2          0          0          0          0          0   libshutdown2.o
         8          4          0          0         96         68   libspace.o
         0          0          0          0          0          0   rtentry.o
        12          0          0          0          0          0   rtentry2.o
         6          0          0          0          0          0   rtentry4.o
         2          0          0          0          0          0   rtexit.o
        10          0          0          0          0          0   rtexit2.o
        74          0          0          0          0         80   sys_stackheap_outer.o

    ----------------------------------------------------------------------
       260         12          0          0        100        440   Library Totals
         8          0          0          0          4          0   (incl. Padding)

    ----------------------------------------------------------------------

      Code (inc. data)   RO Data    RW Data    ZI Data      Debug   Library Name

       252         12          0          0         96        440   c_w.l

    ----------------------------------------------------------------------
       260         12          0          0        100        440   Library Totals

    ----------------------------------------------------------------------

==============================================================================


      Code (inc. data)   RO Data    RW Data    ZI Data      Debug   

      1248        132        252         56      13160      38766   Grand Totals
      1248        132        252         56      13160      38766   ELF Image Totals
      1248        132        252         56          0          0   ROM Totals

==============================================================================

    Total RO  Size (Code + RO Data)                 1500 (   1.46kB)
    Total RW  Size (RW Data + ZI Data)             13216 (  12.91kB)
    Total ROM Size (Code + RO Data + RW Data)       1556 (   1.52kB)

==============================================================================

