ARM Linker, 5.03 [Build 76] [MDK-ARM Lite]

==============================================================================

Section Cross References

    main.o(i.TIMER0_IRQHandler) refers to board_lpc1766stk.o(i.Board_LED_Set) for Board_LED_Set
    main.o(i.TIMER0_IRQHandler) refers to main.o(.data) for .data
    main.o(i.main) refers to board_lpc1766stk.o(i.Board_Init) for Board_Init
    main.o(i.main) refers to main.o(i.vTIMER0_Init) for vTIMER0_Init
    main.o(i.main) refers to tasks.o(i.xTaskGenericCreate) for xTaskGenericCreate
    main.o(i.main) refers to board_lpc1766stk.o(i.Board_LED_Set) for Board_LED_Set
    main.o(i.main) refers to tasks.o(i.vTaskStartScheduler) for vTaskStartScheduler
    main.o(i.main) refers to main.o(i.vTimerTask) for vTimerTask
    main.o(i.vTIMER0_Init) refers to timer_17xx_40xx.o(i.Chip_TIMER_Init) for Chip_TIMER_Init
    main.o(i.vTIMER0_Init) refers to clock_17xx_40xx.o(i.Chip_Clock_GetPeripheralClockRate) for Chip_Clock_GetPeripheralClockRate
    main.o(i.vTIMER0_Init) refers to timer_001.o(i.IP_TIMER_Reset) for IP_TIMER_Reset
    main.o(i.vTimerTask) refers to board_lpc1766stk.o(i.Board_LED_Set) for Board_LED_Set
    main.o(i.vTimerTask) refers to tasks.o(i.vTaskDelay) for vTaskDelay
    keil_freertos_startup_lpc17xx40xx.o(STACK) refers (Special) to heapauxi.o(.text) for __use_two_region_memory
    keil_freertos_startup_lpc17xx40xx.o(HEAP) refers (Special) to heapauxi.o(.text) for __use_two_region_memory
    keil_freertos_startup_lpc17xx40xx.o(RESET) refers (Special) to heapauxi.o(.text) for __use_two_region_memory
    keil_freertos_startup_lpc17xx40xx.o(RESET) refers to keil_freertos_startup_lpc17xx40xx.o(STACK) for __initial_sp
    keil_freertos_startup_lpc17xx40xx.o(RESET) refers to keil_freertos_startup_lpc17xx40xx.o(.text) for Reset_Handler
    keil_freertos_startup_lpc17xx40xx.o(RESET) refers to port.o(.emb_text) for vPortSVCHandler
    keil_freertos_startup_lpc17xx40xx.o(RESET) refers to port.o(i.xPortSysTickHandler) for xPortSysTickHandler
    keil_freertos_startup_lpc17xx40xx.o(RESET) refers to main.o(i.TIMER0_IRQHandler) for TIMER0_IRQHandler
    keil_freertos_startup_lpc17xx40xx.o(.text) refers (Special) to heapauxi.o(.text) for __use_two_region_memory
    keil_freertos_startup_lpc17xx40xx.o(.text) refers to sysinit_lpc1766stk.o(i.SystemInit) for SystemInit
    keil_freertos_startup_lpc17xx40xx.o(.text) refers to __main.o(!!!main) for __main
    keil_freertos_startup_lpc17xx40xx.o(.text) refers to keil_freertos_startup_lpc17xx40xx.o(HEAP) for Heap_Mem
    keil_freertos_startup_lpc17xx40xx.o(.text) refers to keil_freertos_startup_lpc17xx40xx.o(STACK) for Stack_Mem
    port.o(.emb_text) refers to tasks.o(i.vTaskSwitchContext) for vTaskSwitchContext
    port.o(.emb_text) refers to tasks.o(.data) for pxCurrentTCB
    port.o(i.prvTaskExitError) refers to port.o(.emb_text) for ulPortSetInterruptMask
    port.o(i.pxPortInitialiseStack) refers to port.o(i.prvTaskExitError) for prvTaskExitError
    port.o(i.vPortEnterCritical) refers to port.o(.emb_text) for ulPortSetInterruptMask
    port.o(i.vPortEnterCritical) refers to port.o(.data) for .data
    port.o(i.vPortExitCritical) refers to port.o(.emb_text) for vPortClearInterruptMask
    port.o(i.vPortExitCritical) refers to port.o(.data) for .data
    port.o(i.vPortSetupTimerInterrupt) refers to board_lpc1766stk.o(.data) for SystemCoreClock
    port.o(i.vPortSetupTimerInterrupt) refers to port.o(.data) for .data
    port.o(i.vPortSuppressTicksAndSleep) refers to tasks.o(i.eTaskConfirmSleepModeStatus) for eTaskConfirmSleepModeStatus
    port.o(i.vPortSuppressTicksAndSleep) refers to port.o(i.vPortEnterCritical) for vPortEnterCritical
    port.o(i.vPortSuppressTicksAndSleep) refers to tasks.o(i.vTaskStepTick) for vTaskStepTick
    port.o(i.vPortSuppressTicksAndSleep) refers to port.o(i.vPortExitCritical) for vPortExitCritical
    port.o(i.vPortSuppressTicksAndSleep) refers to port.o(.data) for .data
    port.o(i.xPortStartScheduler) refers to port.o(i.vPortSetupTimerInterrupt) for vPortSetupTimerInterrupt
    port.o(i.xPortStartScheduler) refers to port.o(.emb_text) for __asm___6_port_c_39a90d8d__prvStartFirstTask
    port.o(i.xPortStartScheduler) refers to port.o(.data) for .data
    port.o(i.xPortSysTickHandler) refers to port.o(.emb_text) for ulPortSetInterruptMask
    port.o(i.xPortSysTickHandler) refers to tasks.o(i.xTaskIncrementTick) for xTaskIncrementTick
    croutine.o(i.prvCheckDelayedList) refers to tasks.o(i.xTaskGetTickCount) for xTaskGetTickCount
    croutine.o(i.prvCheckDelayedList) refers to port.o(.emb_text) for ulPortSetInterruptMask
    croutine.o(i.prvCheckDelayedList) refers to list.o(i.uxListRemove) for uxListRemove
    croutine.o(i.prvCheckDelayedList) refers to list.o(i.vListInsertEnd) for vListInsertEnd
    croutine.o(i.prvCheckDelayedList) refers to croutine.o(.data) for .data
    croutine.o(i.prvCheckDelayedList) refers to croutine.o(.bss) for .bss
[...]
    Removing tasks.o(i.xTaskResumeFromISR), (104 bytes).
    Removing heap_3.o(.rev16_text), (4 bytes).
    Removing heap_3.o(.revsh_text), (4 bytes).
    Removing freertoscommonhooks.o(.rev16_text), (4 bytes).
    Removing freertoscommonhooks.o(.revsh_text), (4 bytes).
    Removing freertoscommonhooks.o(i.FreeRTOSDelay), (20 bytes).
    Removing freertoscommonhooks.o(i.vApplicationMallocFailedHook), (52 bytes).
    Removing freertoscommonhooks.o(i.vApplicationStackOverflowHook), (60 bytes).
    Removing freertoscommonhooks.o(i.vApplicationTickHook), (2 bytes).
    Removing board_lpc1766stk.o(.rev16_text), (4 bytes).
    Removing board_lpc1766stk.o(.revsh_text), (4 bytes).
    Removing board_lpc1766stk.o(i.Board_Buttons_Init), (16 bytes).
    Removing board_lpc1766stk.o(i.Board_LED_Test), (36 bytes).
    Removing board_lpc1766stk.o(i.Board_UARTGetChar), (32 bytes).
    Removing board_lpc1766stk.o(i.Board_UARTPutChar), (24 bytes).
    Removing board_lpc1766stk.o(i.Board_UARTPutSTR), (20 bytes).
    Removing board_lpc1766stk.o(i.Board_UART_Init), (2 bytes).
    Removing board_lpc1766stk.o(i.Buttons_GetStatus), (24 bytes).
    Removing board_lpc1766stk.o(i._sys_open), (4 bytes).
    Removing board_lpc1766stk.o(i.ferror), (6 bytes).
    Removing board_lpc1766stk.o(i.fgetc), (4 bytes).
    Removing board_lpc1766stk.o(i.fputc), (12 bytes).
    Removing board_lpc1766stk.o(.data), (4 bytes).
    Removing board_lpc1766stk.o(.data), (4 bytes).
    Removing board_lpc1766stk.o(.data), (4 bytes).
    Removing sysinit_lpc1766stk.o(.rev16_text), (4 bytes).
    Removing sysinit_lpc1766stk.o(.revsh_text), (4 bytes).
    Removing adc_17xx_40xx.o(.rev16_text), (4 bytes).
    Removing adc_17xx_40xx.o(.revsh_text), (4 bytes).
    Removing adc_17xx_40xx.o(i.Chip_ADC_Burst_Cmd), (24 bytes).
    Removing adc_17xx_40xx.o(i.Chip_ADC_Channel_Enable_Cmd), (4 bytes).
    Removing adc_17xx_40xx.o(i.Chip_ADC_DeInit), (16 bytes).
    Removing adc_17xx_40xx.o(i.Chip_ADC_Init), (48 bytes).
    Removing adc_17xx_40xx.o(i.Chip_ADC_Read_Byte), (18 bytes).
    Removing adc_17xx_40xx.o(i.Chip_ADC_Set_SampleRate), (30 bytes).
    Removing adc_17xx_40xx.o(i.Chip_ADC_Set_StartMode), (30 bytes).
    Removing adc_17xx_40xx.o(i.getAdcClkDiv), (30 bytes).
    Removing clock_17xx_40xx.o(.rev16_text), (4 bytes).
    Removing clock_17xx_40xx.o(.revsh_text), (4 bytes).
    Removing clock_17xx_40xx.o(i.Chip_Clock_DisablePeriphClock), (20 bytes).
    Removing clock_17xx_40xx.o(i.Chip_Clock_GetUSBClockDiv), (16 bytes).
    Removing clock_17xx_40xx.o(i.Chip_Clock_GetUSBClockRate), (44 bytes).
    Removing clock_17xx_40xx.o(i.Chip_Clock_GetUSBPllOutClockRate), (40 bytes).
    Removing clock_17xx_40xx.o(i.Chip_Clock_IsPeripheralClockEnabled), (24 bytes).
    Removing clock_17xx_40xx.o(i.Chip_Clock_SetCLKOUTSource), (24 bytes).
    Removing clock_17xx_40xx.o(i.Chip_Clock_SetPCLKDiv), (40 bytes).
    Removing iocon_17xx_40xx.o(.rev16_text), (4 bytes).
    Removing iocon_17xx_40xx.o(.revsh_text), (4 bytes).
    Removing ritimer_17xx_40xx.o(.rev16_text), (4 bytes).
    Removing ritimer_17xx_40xx.o(.revsh_text), (4 bytes).
    Removing ritimer_17xx_40xx.o(i.Chip_RIT_DeInit), (16 bytes).
    Removing ritimer_17xx_40xx.o(i.Chip_RIT_Init), (20 bytes).
    Removing ritimer_17xx_40xx.o(i.Chip_RIT_SetTimerInterval), (34 bytes).
    Removing timer_17xx_40xx.o(.rev16_text), (4 bytes).
    Removing timer_17xx_40xx.o(.revsh_text), (4 bytes).
    Removing timer_17xx_40xx.o(i.Chip_TIMER_DeInit), (14 bytes).
    Removing uart_17xx_40xx.o(.rev16_text), (4 bytes).
    Removing uart_17xx_40xx.o(.revsh_text), (4 bytes).
    Removing uart_17xx_40xx.o(i.Chip_UART_DeInit), (30 bytes).
    Removing uart_17xx_40xx.o(i.Chip_UART_GetABEOStatus), (12 bytes).
    Removing uart_17xx_40xx.o(i.Chip_UART_GetIntStatus), (78 bytes).
    Removing uart_17xx_40xx.o(i.Chip_UART_InitRingBuffer), (28 bytes).
    Removing uart_17xx_40xx.o(i.Chip_UART_IntConfig), (4 bytes).
    Removing uart_17xx_40xx.o(i.Chip_UART_Interrupt_Handler), (268 bytes).
    Removing uart_17xx_40xx.o(i.Chip_UART_Interrupt_Receive), (84 bytes).
    Removing uart_17xx_40xx.o(i.Chip_UART_Interrupt_Transmit), (192 bytes).
    Removing uart_17xx_40xx.o(i.Chip_UART_Send), (4 bytes).
    Removing uart_17xx_40xx.o(.bss), (528 bytes).
    Removing uart_17xx_40xx.o(.data), (2 bytes).
    Removing sysctl_17xx_40xx.o(.rev16_text), (4 bytes).
    Removing sysctl_17xx_40xx.o(.revsh_text), (4 bytes).
    Removing sysctl_17xx_40xx.o(i.Chip_SYSCTL_GetClrSleepFlags), (16 bytes).
    Removing adc_001.o(.rev16_text), (4 bytes).
    Removing adc_001.o(.revsh_text), (4 bytes).
    Removing adc_001.o(i.IP_ADC_DeInit), (12 bytes).
    Removing adc_001.o(i.IP_ADC_EdgeStartConfig), (20 bytes).
    Removing adc_001.o(i.IP_ADC_GetStatus), (40 bytes).
    Removing adc_001.o(i.IP_ADC_Get_Val), (24 bytes).
    Removing adc_001.o(i.IP_ADC_Init), (32 bytes).
    Removing adc_001.o(i.IP_ADC_Int_Enable), (20 bytes).
    Removing adc_001.o(i.IP_ADC_SetBurstMode), (20 bytes).
    Removing adc_001.o(i.IP_ADC_SetChannelNumber), (28 bytes).
    Removing adc_001.o(i.IP_ADC_SetStartMode), (14 bytes).
    Removing atimer_001.o(.rev16_text), (4 bytes).
    Removing atimer_001.o(.revsh_text), (4 bytes).
    Removing atimer_001.o(i.IP_ATIMER_DeInit), (12 bytes).
    Removing gpio_003.o(.rev16_text), (4 bytes).
    Removing gpio_003.o(.revsh_text), (4 bytes).
    Removing gpiogrpint_001.o(.rev16_text), (4 bytes).
    Removing gpiogrpint_001.o(.revsh_text), (4 bytes).
    Removing gpiogrpint_001.o(i.IP_GPIOGP_IntPinAdd), (50 bytes).
    Removing gpioint_001.o(.rev16_text), (4 bytes).
    Removing gpioint_001.o(.revsh_text), (4 bytes).
    Removing gpioint_001.o(i.IP_GPIOINT_IntClear), (14 bytes).
    Removing gpioint_001.o(i.IP_GPIOINT_IntCmd), (30 bytes).
    Removing gpioint_001.o(i.IP_GPIOINT_IntGetStatus), (40 bytes).
    Removing gpiopinint_001.o(.rev16_text), (4 bytes).
    Removing gpiopinint_001.o(.revsh_text), (4 bytes).
    Removing gpiopinint_001.o(i.IP_GPIOPININT_IntCmd), (76 bytes).
    Removing ritimer_001.o(.rev16_text), (4 bytes).
    Removing ritimer_001.o(.revsh_text), (4 bytes).
    Removing ritimer_001.o(i.IP_RIT_DeInit), (4 bytes).
    Removing ritimer_001.o(i.IP_RIT_GetIntStatus), (10 bytes).
    Removing ritimer_001.o(i.IP_RIT_Init), (18 bytes).
    Removing timer_001.o(.rev16_text), (4 bytes).
    Removing timer_001.o(.revsh_text), (4 bytes).
    Removing timer_001.o(i.IP_TIMER_ExtMatchControlSet), (18 bytes).
    Removing timer_001.o(i.IP_TIMER_SetTimerClockSrc), (8 bytes).
    Removing usart_001.o(.rev16_text), (4 bytes).
    Removing usart_001.o(.revsh_text), (4 bytes).
    Removing usart_001.o(i.IP_UART_ABClearIntPending), (8 bytes).
    Removing usart_001.o(i.IP_UART_ABCmd), (56 bytes).
    Removing usart_001.o(i.IP_UART_CheckBusy), (14 bytes).
    Removing usart_001.o(i.IP_UART_DeInit), (6 bytes).
    Removing usart_001.o(i.IP_UART_FIFOConfig), (64 bytes).
    Removing usart_001.o(i.IP_UART_FIFOConfigStructInit), (14 bytes).
    Removing usart_001.o(i.IP_UART_ForceBreak), (10 bytes).
    Removing usart_001.o(i.IP_UART_GetLineStatus), (6 bytes).
    Removing usart_001.o(i.IP_UART_IntConfig), (72 bytes).
    Removing usart_001.o(i.IP_UART_IntGetStatus), (10 bytes).
    Removing usart_001.o(i.IP_UART_Receive), (82 bytes).
    Removing usart_001.o(i.IP_UART_ReceiveByte), (18 bytes).
    Removing usart_001.o(i.IP_UART_Send), (82 bytes).
    Removing usart_001.o(i.IP_UART_SendByte), (16 bytes).
    Removing usart_002.o(.rev16_text), (4 bytes).
    Removing usart_002.o(.revsh_text), (4 bytes).
    Removing usart_002.o(i.IP_UART_Config), (8 bytes).
    Removing usart_002.o(i.IP_UART_IntEnable), (32 bytes).
    Removing mem_tests.o(i.mem_test_address), (60 bytes).
    Removing mem_tests.o(i.mem_test_invaddress), (66 bytes).
    Removing mem_tests.o(i.mem_test_pattern), (72 bytes).
    Removing mem_tests.o(i.mem_test_pattern_seed), (66 bytes).
    Removing mem_tests.o(i.mem_test_walking0), (102 bytes).
    Removing mem_tests.o(i.mem_test_walking1), (94 bytes).
    Removing ring_buffer.o(i.RingBuffer_Init), (24 bytes).
    Removing ring_buffer.o(i.RingBuffer_Insert), (64 bytes).
    Removing ring_buffer.o(i.RingBuffer_InsertMult), (136 bytes).
    Removing ring_buffer.o(i.RingBuffer_IsEmpty), (16 bytes).
    Removing ring_buffer.o(i.RingBuffer_IsFull), (20 bytes).
    Removing ring_buffer.o(i.RingBuffer_Pop), (64 bytes).
    Removing ring_buffer.o(i.RingBuffer_PopMult), (132 bytes).

214 unused section(s) (total 7976 bytes) removed from the image.

==============================================================================

Image Symbol Table

    Local Symbols

    Symbol Name                              Value     Ov Type        Size  Object(Section)

    RESET                                    0x00000000   Section      204  keil_freertos_startup_lpc17xx40xx.o(RESET)
    ../clib/angel/boardlib.s                 0x00000000   Number         0  boardinit2.o ABSOLUTE
    ../clib/angel/boardlib.s                 0x00000000   Number         0  boardinit3.o ABSOLUTE
    ../clib/angel/boardlib.s                 0x00000000   Number         0  boardshut.o ABSOLUTE
    ../clib/angel/boardlib.s                 0x00000000   Number         0  boardinit1.o ABSOLUTE
    ../clib/angel/handlers.s                 0x00000000   Number         0  __scatter_copy.o ABSOLUTE
    ../clib/angel/handlers.s                 0x00000000   Number         0  __scatter_zi.o ABSOLUTE
    ../clib/angel/kernel.s                   0x00000000   Number         0  rtexit.o ABSOLUTE
    ../clib/angel/kernel.s                   0x00000000   Number         0  rtentry2.o ABSOLUTE
    ../clib/angel/kernel.s                   0x00000000   Number         0  rtexit2.o ABSOLUTE
    ../clib/angel/kernel.s                   0x00000000   Number         0  rtentry.o ABSOLUTE
    ../clib/angel/kernel.s                   0x00000000   Number         0  rtentry4.o ABSOLUTE
    ../clib/angel/rt.s                       0x00000000   Number         0  rt_raise.o ABSOLUTE
    ../clib/angel/rt.s                       0x00000000   Number         0  aeabi_ldiv0.o ABSOLUTE
    ../clib/angel/rt.s                       0x00000000   Number         0  rt_heap_descriptor_intlibspace.o ABSOLUTE
    ../clib/angel/rt.s                       0x00000000   Number         0  aeabi_ldiv0_sigfpe.o ABSOLUTE
    ../clib/angel/rt.s                       0x00000000   Number         0  rt_heap_descriptor.o ABSOLUTE
    ../clib/angel/rt.s                       0x00000000   Number         0  rt_div0.o ABSOLUTE
    ../clib/angel/scatter.s                  0x00000000   Number         0  __scatter.o ABSOLUTE
    ../clib/angel/startup.s                  0x00000000   Number         0  __main.o ABSOLUTE
    ../clib/angel/sys.s                      0x00000000   Number         0  mutex_dummy.o ABSOLUTE
    ../clib/angel/sys.s                      0x00000000   Number         0  libspace.o ABSOLUTE
    ../clib/angel/sys.s                      0x00000000   Number         0  sys_stackheap_outer.o ABSOLUTE
    ../clib/angel/sys.s                      0x00000000   Number         0  indicate_semi.o ABSOLUTE
    ../clib/angel/sys.s                      0x00000000   Number         0  use_no_semi.o ABSOLUTE
    ../clib/angel/sysapp.c                   0x00000000   Number         0  sys_wrch.o ABSOLUTE
    ../clib/angel/sysapp.c                   0x00000000   Number         0  sys_command.o ABSOLUTE
    ../clib/armsys.c                         0x00000000   Number         0  _get_argv_nomalloc.o ABSOLUTE
    ../clib/armsys.c                         0x00000000   Number         0  _get_argv.o ABSOLUTE
    ../clib/armsys.c                         0x00000000   Number         0  argv_veneer.o ABSOLUTE
    ../clib/armsys.c                         0x00000000   Number         0  argv_veneer.o ABSOLUTE
    ../clib/armsys.c                         0x00000000   Number         0  no_argv.o ABSOLUTE
    ../clib/heap1.c                          0x00000000   Number         0  h1_extend.o ABSOLUTE
    ../clib/heap1.c                          0x00000000   Number         0  h1_extend_mt.o ABSOLUTE
    ../clib/heap1.c                          0x00000000   Number         0  h1_init.o ABSOLUTE
    ../clib/heap1.c                          0x00000000   Number         0  h1_free_mt.o ABSOLUTE
    ../clib/heap1.c                          0x00000000   Number         0  h1_alloc_mt.o ABSOLUTE
    ../clib/heap1.c                          0x00000000   Number         0  h1_free.o ABSOLUTE
    ../clib/heap1.c                          0x00000000   Number         0  h1_init_mt.o ABSOLUTE
    ../clib/heap1.c                          0x00000000   Number         0  h1_final_mt.o ABSOLUTE
    ../clib/heap1.c                          0x00000000   Number         0  h1_final.o ABSOLUTE
    ../clib/heap1.c                          0x00000000   Number         0  h1_alloc.o ABSOLUTE
    ../clib/heap2.c                          0x00000000   Number         0  heap2mt.o ABSOLUTE
    ../clib/heap2.c                          0x00000000   Number         0  heap2.o ABSOLUTE
    ../clib/heap2.c                          0x00000000   Number         0  fdtree.o ABSOLUTE
    ../clib/heapalloc.c                      0x00000000   Number         0  maybetermalloc1.o ABSOLUTE
    ../clib/heapalloc.c                      0x00000000   Number         0  maybetermalloc1.o ABSOLUTE
    ../clib/heapalloc.c                      0x00000000   Number         0  maybetermalloc2.o ABSOLUTE
    ../clib/heapalloc.c                      0x00000000   Number         0  maybetermalloc2.o ABSOLUTE
    ../clib/heapalloc.c                      0x00000000   Number         0  heapstubs.o ABSOLUTE
    ../clib/heapalloc.c                      0x00000000   Number         0  init_alloc.o ABSOLUTE
    ../clib/heapalloc.c                      0x00000000   Number         0  hguard.o ABSOLUTE
    ../clib/heapalloc.c                      0x00000000   Number         0  free.o ABSOLUTE
    ../clib/heapalloc.c                      0x00000000   Number         0  malloc.o ABSOLUTE
    ../clib/heapalloc.c                      0x00000000   Number         0  term_alloc.o ABSOLUTE
    ../clib/heapalloc.c                      0x00000000   Number         0  hrguard.o ABSOLUTE
    ../clib/heapaux.c                        0x00000000   Number         0  heapauxa.o ABSOLUTE
    ../clib/heapaux.c                        0x00000000   Number         0  heapauxi.o ABSOLUTE
    ../clib/libinit.s                        0x00000000   Number         0  libinit.o ABSOLUTE
    ../clib/libinit.s                        0x00000000   Number         0  libshutdown.o ABSOLUTE
    ../clib/libinit.s                        0x00000000   Number         0  libinit2.o ABSOLUTE
    ../clib/libinit.s                        0x00000000   Number         0  libshutdown2.o ABSOLUTE
    ../clib/longlong.s                       0x00000000   Number         0  lludivv7m.o ABSOLUTE
    ../clib/memcpset.s                       0x00000000   Number         0  aeabi_memset.o ABSOLUTE
    ../clib/memcpset.s                       0x00000000   Number         0  rt_memcpy_v6.o ABSOLUTE
    ../clib/memcpset.s                       0x00000000   Number         0  rt_memclr_w.o ABSOLUTE
    ../clib/memcpset.s                       0x00000000   Number         0  rt_memcpy_w.o ABSOLUTE
    ../clib/memcpset.s                       0x00000000   Number         0  rt_memclr.o ABSOLUTE
    ../clib/printf.c                         0x00000000   Number         0  __printf_wp.o ABSOLUTE
    ../clib/printf.c                         0x00000000   Number         0  __printf_flags_ss_wp.o ABSOLUTE
    ../clib/printf.c                         0x00000000   Number         0  __printf_ss_wp.o ABSOLUTE
    ../clib/printf.c                         0x00000000   Number         0  __printf_flags_wp.o ABSOLUTE
    ../clib/printf.c                         0x00000000   Number         0  __printf_flags_ss.o ABSOLUTE
    ../clib/printf.c                         0x00000000   Number         0  _printf_char_common.o ABSOLUTE
    ../clib/printf.c                         0x00000000   Number         0  __printf_nopercent.o ABSOLUTE
    ../clib/printf.c                         0x00000000   Number         0  __printf_ss.o ABSOLUTE
    ../clib/printf.c                         0x00000000   Number         0  _printf_char_file.o ABSOLUTE
    ../clib/printf.c                         0x00000000   Number         0  _printf_str.o ABSOLUTE
    ../clib/printf.c                         0x00000000   Number         0  __printf_flags.o ABSOLUTE
    ../clib/printf.c                         0x00000000   Number         0  __printf.o ABSOLUTE
    ../clib/printf.c                         0x00000000   Number         0  noretval__2printf.o ABSOLUTE
    ../clib/printf.c                         0x00000000   Number         0  __2printf.o ABSOLUTE
    ../clib/printf.c                         0x00000000   Number         0  _printf_char.o ABSOLUTE
    ../clib/printf_percent.s                 0x00000000   Number         0  _printf_percent.o ABSOLUTE
    ../clib/printf_percent.s                 0x00000000   Number         0  _printf_s.o ABSOLUTE
    ../clib/printf_percent.s                 0x00000000   Number         0  _printf_percent_end.o ABSOLUTE
    ../clib/signal.c                         0x00000000   Number         0  __raise.o ABSOLUTE
    ../clib/signal.c                         0x00000000   Number         0  defsig_abrt_inner.o ABSOLUTE
    ../clib/signal.c                         0x00000000   Number         0  defsig_rtred_inner.o ABSOLUTE
    ../clib/signal.c                         0x00000000   Number         0  defsig_fpe_inner.o ABSOLUTE
    ../clib/signal.c                         0x00000000   Number         0  defsig_stak_inner.o ABSOLUTE
    ../clib/signal.c                         0x00000000   Number         0  defsig_pvfn_inner.o ABSOLUTE
    ../clib/signal.c                         0x00000000   Number         0  defsig_cppl_inner.o ABSOLUTE
    ../clib/signal.c                         0x00000000   Number         0  defsig_segv_inner.o ABSOLUTE
    ../clib/signal.c                         0x00000000   Number         0  defsig_rtmem_inner.o ABSOLUTE
    ../clib/signal.c                         0x00000000   Number         0  defsig_fpe_formal.o ABSOLUTE
    ../clib/signal.c                         0x00000000   Number         0  defsig_fpe_outer.o ABSOLUTE
    ../clib/signal.c                         0x00000000   Number         0  defsig_exit.o ABSOLUTE
    ../clib/signal.c                         0x00000000   Number         0  defsig_other.o ABSOLUTE
    ../clib/signal.c                         0x00000000   Number         0  defsig_general.o ABSOLUTE
    ../clib/signal.c                         0x00000000   Number         0  defsig_rtmem_formal.o ABSOLUTE
    ../clib/signal.c                         0x00000000   Number         0  defsig_rtmem_outer.o ABSOLUTE
    ../clib/signal.s                         0x00000000   Number         0  defsig.o ABSOLUTE
    ../clib/stdlib.c                         0x00000000   Number         0  exit.o ABSOLUTE
    ../fplib/fpinit.s                        0x00000000   Number         0  fpinit.o ABSOLUTE
    ..\\lpcopen\\software\\freertos\\freertos\\Source\\croutine.c 0x00000000   Number         0  croutine.o ABSOLUTE
    ..\\lpcopen\\software\\freertos\\freertos\\Source\\list.c 0x00000000   Number         0  list.o ABSOLUTE
    ..\\lpcopen\\software\\freertos\\freertos\\Source\\portable\\MemMang\\heap_3.c 0x00000000   Number         0  heap_3.o ABSOLUTE
    ..\\lpcopen\\software\\freertos\\freertos\\Source\\portable\\RVDS\\ARM_CM3\\port.c 0x00000000   Number         0  port.o ABSOLUTE
    ..\\lpcopen\\software\\freertos\\freertos\\Source\\queue.c 0x00000000   Number         0  queue.o ABSOLUTE
    ..\\lpcopen\\software\\freertos\\freertos\\Source\\tasks.c 0x00000000   Number         0  tasks.o ABSOLUTE
    ..\\lpcopen\\software\\freertos\\freertos\\Source\\timers.c 0x00000000   Number         0  timers.o ABSOLUTE
    ..\\lpcopen\\software\\freertos\\freertoslpc\\FreeRTOSCommonHooks.c 0x00000000   Number         0  freertoscommonhooks.o ABSOLUTE
    ..\\lpcopen\\software\\freertos\\startup_code\\keil_freertos_startup_lpc17xx40xx.s 0x00000000   Number         0  keil_freertos_startup_lpc17xx40xx.o ABSOLUTE
    ..\\lpcopen\\software\\lpc_core\\lpc_board\\boards_17xx_40xx\\lpc1766stk\\board_LPC1766STK.c 0x00000000   Number         0  board_lpc1766stk.o ABSOLUTE
    ..\\lpcopen\\software\\lpc_core\\lpc_board\\boards_17xx_40xx\\lpc1766stk\\sysinit_LPC1766STK.c 0x00000000   Number         0  sysinit_lpc1766stk.o ABSOLUTE
    ..\\lpcopen\\software\\lpc_core\\lpc_chip\\chip_17xx_40xx\\adc_17xx_40xx.c 0x00000000   Number         0  adc_17xx_40xx.o ABSOLUTE
    ..\\lpcopen\\software\\lpc_core\\lpc_chip\\chip_17xx_40xx\\clock_17xx_40xx.c 0x00000000   Number         0  clock_17xx_40xx.o ABSOLUTE
    ..\\lpcopen\\software\\lpc_core\\lpc_chip\\chip_17xx_40xx\\iocon_17xx_40xx.c 0x00000000   Number         0  iocon_17xx_40xx.o ABSOLUTE
    ..\\lpcopen\\software\\lpc_core\\lpc_chip\\chip_17xx_40xx\\ritimer_17xx_40xx.c 0x00000000   Number         0  ritimer_17xx_40xx.o ABSOLUTE
    ..\\lpcopen\\software\\lpc_core\\lpc_chip\\chip_17xx_40xx\\sysctl_17xx_40xx.c 0x00000000   Number         0  sysctl_17xx_40xx.o ABSOLUTE
    ..\\lpcopen\\software\\lpc_core\\lpc_chip\\chip_17xx_40xx\\timer_17xx_40xx.c 0x00000000   Number         0  timer_17xx_40xx.o ABSOLUTE
    ..\\lpcopen\\software\\lpc_core\\lpc_chip\\chip_17xx_40xx\\uart_17xx_40xx.c 0x00000000   Number         0  uart_17xx_40xx.o ABSOLUTE
    ..\\lpcopen\\software\\lpc_core\\lpc_ip\\adc_001.c 0x00000000   Number         0  adc_001.o ABSOLUTE
    ..\\lpcopen\\software\\lpc_core\\lpc_ip\\atimer_001.c 0x00000000   Number         0  atimer_001.o ABSOLUTE
    ..\\lpcopen\\software\\lpc_core\\lpc_ip\\gpio_003.c 0x00000000   Number         0  gpio_003.o ABSOLUTE
    ..\\lpcopen\\software\\lpc_core\\lpc_ip\\gpiogrpint_001.c 0x00000000   Number         0  gpiogrpint_001.o ABSOLUTE
    ..\\lpcopen\\software\\lpc_core\\lpc_ip\\gpioint_001.c 0x00000000   Number         0  gpioint_001.o ABSOLUTE
    ..\\lpcopen\\software\\lpc_core\\lpc_ip\\gpiopinint_001.c 0x00000000   Number         0  gpiopinint_001.o ABSOLUTE
    ..\\lpcopen\\software\\lpc_core\\lpc_ip\\ritimer_001.c 0x00000000   Number         0  ritimer_001.o ABSOLUTE
    ..\\lpcopen\\software\\lpc_core\\lpc_ip\\timer_001.c 0x00000000   Number         0  timer_001.o ABSOLUTE
    ..\\lpcopen\\software\\lpc_core\\lpc_ip\\usart_001.c 0x00000000   Number         0  usart_001.o ABSOLUTE
    ..\\lpcopen\\software\\lpc_core\\lpc_ip\\usart_002.c 0x00000000   Number         0  usart_002.o ABSOLUTE
    ..\lpcopen\software\freertos\freertos\Source\croutine.c 0x00000000   Number         0  croutine.o ABSOLUTE
    ..\lpcopen\software\freertos\freertos\Source\list.c 0x00000000   Number         0  list.o ABSOLUTE
    ..\lpcopen\software\freertos\freertos\Source\portable\MemMang\heap_3.c 0x00000000   Number         0  heap_3.o ABSOLUTE
    ..\lpcopen\software\freertos\freertos\Source\portable\RVDS\ARM_CM3\port.c 0x00000000   Number         0  port.o ABSOLUTE
    ..\lpcopen\software\freertos\freertos\Source\queue.c 0x00000000   Number         0  queue.o ABSOLUTE
    ..\lpcopen\software\freertos\freertos\Source\tasks.c 0x00000000   Number         0  tasks.o ABSOLUTE
    ..\lpcopen\software\freertos\freertos\Source\timers.c 0x00000000   Number         0  timers.o ABSOLUTE
    ..\lpcopen\software\freertos\freertoslpc\FreeRTOSCommonHooks.c 0x00000000   Number         0  freertoscommonhooks.o ABSOLUTE
    ..\lpcopen\software\lpc_core\lpc_board\boards_17xx_40xx\lpc1766stk\board_LPC1766STK.c 0x00000000   Number         0  board_lpc1766stk.o ABSOLUTE
    ..\lpcopen\software\lpc_core\lpc_board\boards_17xx_40xx\lpc1766stk\sysinit_LPC1766STK.c 0x00000000   Number         0  sysinit_lpc1766stk.o ABSOLUTE
    ..\lpcopen\software\lpc_core\lpc_chip\chip_17xx_40xx\adc_17xx_40xx.c 0x00000000   Number         0  adc_17xx_40xx.o ABSOLUTE
    ..\lpcopen\software\lpc_core\lpc_chip\chip_17xx_40xx\clock_17xx_40xx.c 0x00000000   Number         0  clock_17xx_40xx.o ABSOLUTE
    ..\lpcopen\software\lpc_core\lpc_chip\chip_17xx_40xx\iocon_17xx_40xx.c 0x00000000   Number         0  iocon_17xx_40xx.o ABSOLUTE
    ..\lpcopen\software\lpc_core\lpc_chip\chip_17xx_40xx\ritimer_17xx_40xx.c 0x00000000   Number         0  ritimer_17xx_40xx.o ABSOLUTE
    ..\lpcopen\software\lpc_core\lpc_chip\chip_17xx_40xx\sysctl_17xx_40xx.c 0x00000000   Number         0  sysctl_17xx_40xx.o ABSOLUTE
    ..\lpcopen\software\lpc_core\lpc_chip\chip_17xx_40xx\timer_17xx_40xx.c 0x00000000   Number         0  timer_17xx_40xx.o ABSOLUTE
    ..\lpcopen\software\lpc_core\lpc_chip\chip_17xx_40xx\uart_17xx_40xx.c 0x00000000   Number         0  uart_17xx_40xx.o ABSOLUTE
    ..\lpcopen\software\lpc_core\lpc_chip\chip_common\mem_tests.c 0x00000000   Number         0  mem_tests.o ABSOLUTE
    ..\lpcopen\software\lpc_core\lpc_chip\chip_common\ring_buffer.c 0x00000000   Number         0  ring_buffer.o ABSOLUTE
    ..\lpcopen\software\lpc_core\lpc_ip\adc_001.c 0x00000000   Number         0  adc_001.o ABSOLUTE
    ..\lpcopen\software\lpc_core\lpc_ip\atimer_001.c 0x00000000   Number         0  atimer_001.o ABSOLUTE
    ..\lpcopen\software\lpc_core\lpc_ip\fpu_init.c 0x00000000   Number         0  fpu_init.o ABSOLUTE
    ..\lpcopen\software\lpc_core\lpc_ip\gpio_003.c 0x00000000   Number         0  gpio_003.o ABSOLUTE
    ..\lpcopen\software\lpc_core\lpc_ip\gpiogrpint_001.c 0x00000000   Number         0  gpiogrpint_001.o ABSOLUTE
    ..\lpcopen\software\lpc_core\lpc_ip\gpioint_001.c 0x00000000   Number         0  gpioint_001.o ABSOLUTE
    ..\lpcopen\software\lpc_core\lpc_ip\gpiopinint_001.c 0x00000000   Number         0  gpiopinint_001.o ABSOLUTE
    ..\lpcopen\software\lpc_core\lpc_ip\ritimer_001.c 0x00000000   Number         0  ritimer_001.o ABSOLUTE
    ..\lpcopen\software\lpc_core\lpc_ip\timer_001.c 0x00000000   Number         0  timer_001.o ABSOLUTE
    ..\lpcopen\software\lpc_core\lpc_ip\usart_001.c 0x00000000   Number         0  usart_001.o ABSOLUTE
    ..\lpcopen\software\lpc_core\lpc_ip\usart_002.c 0x00000000   Number         0  usart_002.o ABSOLUTE
    dc.s                                     0x00000000   Number         0  dc.o ABSOLUTE
    src\\main.c                              0x00000000   Number         0  main.o ABSOLUTE
    src\main.c                               0x00000000   Number         0  main.o ABSOLUTE
    !!!main                                  0x000000cc   Section        8  __main.o(!!!main)
    !!!scatter                               0x000000d4   Section       52  __scatter.o(!!!scatter)
    !!handler_copy                           0x00000108   Section       26  __scatter_copy.o(!!handler_copy)
    !!handler_zi                             0x00000124   Section       28  __scatter_zi.o(!!handler_zi)
    .ARM.Collect$$libinit$$00000000          0x00000140   Section        2  libinit.o(.ARM.Collect$$libinit$$00000000)
    .ARM.Collect$$libinit$$00000002          0x00000142   Section        0  libinit2.o(.ARM.Collect$$libinit$$00000002)
    .ARM.Collect$$libinit$$00000003          0x00000142   Section        8  libinit2.o(.ARM.Collect$$libinit$$00000003)
    .ARM.Collect$$libinit$$00000008          0x0000014a   Section        0  libinit2.o(.ARM.Collect$$libinit$$00000008)
    .ARM.Collect$$libinit$$0000000A          0x0000014a   Section        0  libinit2.o(.ARM.Collect$$libinit$$0000000A)
    .ARM.Collect$$libinit$$0000000C          0x0000014a   Section        0  libinit2.o(.ARM.Collect$$libinit$$0000000C)
    .ARM.Collect$$libinit$$0000000F          0x0000014a   Section        0  libinit2.o(.ARM.Collect$$libinit$$0000000F)
    .ARM.Collect$$libinit$$00000011          0x0000014a   Section        0  libinit2.o(.ARM.Collect$$libinit$$00000011)
    .ARM.Collect$$libinit$$00000013          0x0000014a   Section        0  libinit2.o(.ARM.Collect$$libinit$$00000013)
    .ARM.Collect$$libinit$$00000015          0x0000014a   Section        0  libinit2.o(.ARM.Collect$$libinit$$00000015)
    .ARM.Collect$$libinit$$00000017          0x0000014a   Section        0  libinit2.o(.ARM.Collect$$libinit$$00000017)
    .ARM.Collect$$libinit$$00000019          0x0000014a   Section        0  libinit2.o(.ARM.Collect$$libinit$$00000019)
    .ARM.Collect$$libinit$$0000001B          0x0000014a   Section        0  libinit2.o(.ARM.Collect$$libinit$$0000001B)
    .ARM.Collect$$libinit$$0000001D          0x0000014a   Section        0  libinit2.o(.ARM.Collect$$libinit$$0000001D)
    .ARM.Collect$$libinit$$0000001F          0x0000014a   Section        0  libinit2.o(.ARM.Collect$$libinit$$0000001F)
    .ARM.Collect$$libinit$$00000021          0x0000014a   Section        0  libinit2.o(.ARM.Collect$$libinit$$00000021)
    .ARM.Collect$$libinit$$00000023          0x0000014a   Section        0  libinit2.o(.ARM.Collect$$libinit$$00000023)
    .ARM.Collect$$libinit$$0000002A          0x0000014a   Section        0  libinit2.o(.ARM.Collect$$libinit$$0000002A)
    .ARM.Collect$$libinit$$0000002C          0x0000014a   Section        0  libinit2.o(.ARM.Collect$$libinit$$0000002C)
    .ARM.Collect$$libinit$$0000002E          0x0000014a   Section        0  libinit2.o(.ARM.Collect$$libinit$$0000002E)
    .ARM.Collect$$libinit$$00000030          0x0000014a   Section        0  libinit2.o(.ARM.Collect$$libinit$$00000030)
    .ARM.Collect$$libinit$$00000031          0x0000014a   Section        2  libinit2.o(.ARM.Collect$$libinit$$00000031)
    .ARM.Collect$$libshutdown$$00000000      0x0000014c   Section        2  libshutdown.o(.ARM.Collect$$libshutdown$$00000000)
    .ARM.Collect$$libshutdown$$00000003      0x0000014e   Section        0  libshutdown2.o(.ARM.Collect$$libshutdown$$00000003)
    .ARM.Collect$$libshutdown$$00000006      0x0000014e   Section        0  libshutdown2.o(.ARM.Collect$$libshutdown$$00000006)
    .ARM.Collect$$libshutdown$$00000009      0x0000014e   Section        0  libshutdown2.o(.ARM.Collect$$libshutdown$$00000009)
    .ARM.Collect$$libshutdown$$0000000B      0x0000014e   Section        0  libshutdown2.o(.ARM.Collect$$libshutdown$$0000000B)
    .ARM.Collect$$libshutdown$$0000000E      0x0000014e   Section        0  libshutdown2.o(.ARM.Collect$$libshutdown$$0000000E)
    .ARM.Collect$$libshutdown$$0000000F      0x0000014e   Section        2  libshutdown2.o(.ARM.Collect$$libshutdown$$0000000F)
    .ARM.Collect$$rtentry$$00000000          0x00000150   Section        0  rtentry.o(.ARM.Collect$$rtentry$$00000000)
    .ARM.Collect$$rtentry$$00000002          0x00000150   Section        0  rtentry2.o(.ARM.Collect$$rtentry$$00000002)
    .ARM.Collect$$rtentry$$00000004          0x00000150   Section        6  rtentry4.o(.ARM.Collect$$rtentry$$00000004)
    .ARM.Collect$$rtentry$$00000009          0x00000156   Section        0  rtentry2.o(.ARM.Collect$$rtentry$$00000009)
    .ARM.Collect$$rtentry$$0000000A          0x00000156   Section        4  rtentry2.o(.ARM.Collect$$rtentry$$0000000A)
    .ARM.Collect$$rtentry$$0000000C          0x0000015a   Section        0  rtentry2.o(.ARM.Collect$$rtentry$$0000000C)
    .ARM.Collect$$rtentry$$0000000D          0x0000015a   Section        8  rtentry2.o(.ARM.Collect$$rtentry$$0000000D)
    .ARM.Collect$$rtexit$$00000000           0x00000162   Section        2  rtexit.o(.ARM.Collect$$rtexit$$00000000)
    .ARM.Collect$$rtexit$$00000002           0x00000164   Section        0  rtexit2.o(.ARM.Collect$$rtexit$$00000002)
    .ARM.Collect$$rtexit$$00000003           0x00000164   Section        4  rtexit2.o(.ARM.Collect$$rtexit$$00000003)
    .ARM.Collect$$rtexit$$00000004           0x00000168   Section        6  rtexit2.o(.ARM.Collect$$rtexit$$00000004)
    .emb_text                                0x00000170   Section      138  port.o(.emb_text)
    .emb_text                                0x000001fc   Section        0  maybetermalloc1.o(.emb_text)
    .text                                    0x000001fc   Section       68  keil_freertos_startup_lpc17xx40xx.o(.text)
    .text                                    0x00000240   Section        0  h1_alloc.o(.text)
    .text                                    0x0000029e   Section        0  h1_free.o(.text)
    .text                                    0x000002ec   Section      238  lludivv7m.o(.text)
    .text                                    0x000003da   Section       16  aeabi_memset.o(.text)
    .text                                    0x000003ea   Section        0  heapauxi.o(.text)
    .text                                    0x000003f0   Section        8  rt_heap_descriptor_intlibspace.o(.text)
    .text                                    0x000003f8   Section        0  hguard.o(.text)
    .text                                    0x000003fc   Section        0  init_alloc.o(.text)
    .text                                    0x00000486   Section        0  h1_init.o(.text)
    .text                                    0x00000494   Section       68  rt_memclr.o(.text)
    .text                                    0x000004d8   Section        8  libspace.o(.text)
    .text                                    0x000004e0   Section        0  h1_extend.o(.text)
    .text                                    0x00000514   Section        0  defsig_rtmem_outer.o(.text)
    .text                                    0x00000522   Section       78  rt_memclr_w.o(.text)
    .text                                    0x00000570   Section        2  use_no_semi.o(.text)
    .text                                    0x00000572   Section       74  sys_stackheap_outer.o(.text)
    .text                                    0x00000572   Section        0  indicate_semi.o(.text)
    .text                                    0x000005bc   Section        0  exit.o(.text)
    .text                                    0x000005c8   Section        0  defsig_exit.o(.text)
    .text                                    0x000005d4   Section        0  defsig_rtmem_inner.o(.text)
    .text                                    0x00000624   Section        0  defsig_general.o(.text)
    .text                                    0x00000656   Section        0  sys_wrch.o(.text)
    i.Board_Debug_Init                       0x00000664   Section        0  board_lpc1766stk.o(i.Board_Debug_Init)
    i.Board_Init                             0x00000694   Section        0  board_lpc1766stk.o(i.Board_Init)
    i.Board_LED_Set                          0x000006c0   Section        0  board_lpc1766stk.o(i.Board_LED_Set)
    i.Chip_Clock_DisablePLL                  0x000006e8   Section        0  clock_17xx_40xx.o(i.Chip_Clock_DisablePLL)
    i.Chip_Clock_EnablePLL                   0x00000700   Section        0  clock_17xx_40xx.o(i.Chip_Clock_EnablePLL)
    i.Chip_Clock_EnablePeriphClock           0x00000718   Section        0  clock_17xx_40xx.o(i.Chip_Clock_EnablePeriphClock)
    i.Chip_Clock_FeedPLL                     0x0000072c   Section        0  clock_17xx_40xx.o(i.Chip_Clock_FeedPLL)
    Chip_Clock_FeedPLL                       0x0000072d   Thumb Code    18  clock_17xx_40xx.o(i.Chip_Clock_FeedPLL)
    i.Chip_Clock_GetCPUClockDiv              0x00000744   Section        0  clock_17xx_40xx.o(i.Chip_Clock_GetCPUClockDiv)
    i.Chip_Clock_GetCPUClockSource           0x00000754   Section        0  clock_17xx_40xx.o(i.Chip_Clock_GetCPUClockSource)
    i.Chip_Clock_GetMainClockRate            0x00000768   Section        0  clock_17xx_40xx.o(i.Chip_Clock_GetMainClockRate)
    i.Chip_Clock_GetMainPllOutClockRate      0x00000788   Section        0  clock_17xx_40xx.o(i.Chip_Clock_GetMainPllOutClockRate)
    i.Chip_Clock_GetPLCKDiv                  0x000007c0   Section        0  clock_17xx_40xx.o(i.Chip_Clock_GetPLCKDiv)
    i.Chip_Clock_GetPeripheralClockRate      0x00000800   Section        0  clock_17xx_40xx.o(i.Chip_Clock_GetPeripheralClockRate)
    i.Chip_Clock_GetSYSCLKRate               0x00000818   Section        0  clock_17xx_40xx.o(i.Chip_Clock_GetSYSCLKRate)
    i.Chip_Clock_GetSystemClockRate          0x00000848   Section        0  clock_17xx_40xx.o(i.Chip_Clock_GetSystemClockRate)
    i.Chip_Clock_SetCPUClockDiv              0x0000085c   Section        0  clock_17xx_40xx.o(i.Chip_Clock_SetCPUClockDiv)
    i.Chip_Clock_SetCPUClockSource           0x00000868   Section        0  clock_17xx_40xx.o(i.Chip_Clock_SetCPUClockSource)
    i.Chip_Clock_SetUSBClockDiv              0x0000087c   Section        0  clock_17xx_40xx.o(i.Chip_Clock_SetUSBClockDiv)
    i.Chip_Clock_SetupPLL                    0x00000890   Section        0  clock_17xx_40xx.o(i.Chip_Clock_SetupPLL)
    i.Chip_GPIO_WriteDirBit                  0x000008b0   Section        0  board_lpc1766stk.o(i.Chip_GPIO_WriteDirBit)
    Chip_GPIO_WriteDirBit                    0x000008b1   Thumb Code    22  board_lpc1766stk.o(i.Chip_GPIO_WriteDirBit)
    i.Chip_GPIO_WritePortBit                 0x000008c8   Section        0  board_lpc1766stk.o(i.Chip_GPIO_WritePortBit)
    Chip_GPIO_WritePortBit                   0x000008c9   Thumb Code    28  board_lpc1766stk.o(i.Chip_GPIO_WritePortBit)
    i.Chip_IOCON_PinMux                      0x000008e8   Section        0  iocon_17xx_40xx.o(i.Chip_IOCON_PinMux)
    i.Chip_TIMER_Init                        0x0000091a   Section        0  timer_17xx_40xx.o(i.Chip_TIMER_Init)
    i.Chip_Timer_GetClock                    0x00000928   Section        0  timer_17xx_40xx.o(i.Chip_Timer_GetClock)
    Chip_Timer_GetClock                      0x00000929   Thumb Code    34  timer_17xx_40xx.o(i.Chip_Timer_GetClock)
    i.Chip_UART_DetermineClk                 0x00000958   Section        0  uart_17xx_40xx.o(i.Chip_UART_DetermineClk)
    Chip_UART_DetermineClk                   0x00000959   Thumb Code    34  uart_17xx_40xx.o(i.Chip_UART_DetermineClk)
    i.Chip_UART_Get_UARTNum                  0x00000988   Section        0  uart_17xx_40xx.o(i.Chip_UART_Get_UARTNum)
    Chip_UART_Get_UARTNum                    0x00000989   Thumb Code    44  uart_17xx_40xx.o(i.Chip_UART_Get_UARTNum)
    i.Chip_UART_Init                         0x000009c4   Section        0  uart_17xx_40xx.o(i.Chip_UART_Init)
    i.Chip_UART_SetBaud                      0x000009e4   Section        0  uart_17xx_40xx.o(i.Chip_UART_SetBaud)
    i.Chip_UART_TxCmd                        0x00000a28   Section        0  uart_17xx_40xx.o(i.Chip_UART_TxCmd)
    i.IP_TIMER_Reset                         0x00000a40   Section        0  timer_001.o(i.IP_TIMER_Reset)
    i.IP_UART_ConfigData                     0x00000a58   Section        0  usart_001.o(i.IP_UART_ConfigData)
    i.IP_UART_Init                           0x00000a6a   Section        0  usart_001.o(i.IP_UART_Init)
    i.IP_UART_SetBaud                        0x00000ab2   Section        0  usart_001.o(i.IP_UART_SetBaud)
    i.IP_UART_TxCmd                          0x00000bae   Section        0  usart_001.o(i.IP_UART_TxCmd)
    i.SystemCoreClockUpdate                  0x00000bc0   Section        0  board_lpc1766stk.o(i.SystemCoreClockUpdate)
    i.SystemInit                             0x00000bd0   Section        0  sysinit_lpc1766stk.o(i.SystemInit)
    i.SystemSetupClocking                    0x00000c14   Section        0  sysinit_lpc1766stk.o(i.SystemSetupClocking)
    SystemSetupClocking                      0x00000c15   Thumb Code   120  sysinit_lpc1766stk.o(i.SystemSetupClocking)
    i.TIMER0_IRQHandler                      0x00000c90   Section        0  main.o(i.TIMER0_IRQHandler)
    i._sys_exit                              0x00000cc0   Section        0  board_lpc1766stk.o(i._sys_exit)
    i.eTaskConfirmSleepModeStatus            0x00000cc4   Section        0  tasks.o(i.eTaskConfirmSleepModeStatus)
    i.main                                   0x00000cf4   Section        0  main.o(i.main)
    i.prvAddCurrentTaskToDelayedList         0x00000d3c   Section        0  tasks.o(i.prvAddCurrentTaskToDelayedList)
    prvAddCurrentTaskToDelayedList           0x00000d3d   Thumb Code    48  tasks.o(i.prvAddCurrentTaskToDelayedList)
    i.prvCheckTasksWaitingTermination        0x00000d70   Section        0  tasks.o(i.prvCheckTasksWaitingTermination)
    prvCheckTasksWaitingTermination          0x00000d71   Thumb Code    76  tasks.o(i.prvCheckTasksWaitingTermination)
    i.prvGetExpectedIdleTime                 0x00000dc4   Section        0  tasks.o(i.prvGetExpectedIdleTime)
    prvGetExpectedIdleTime                   0x00000dc5   Thumb Code    28  tasks.o(i.prvGetExpectedIdleTime)
    i.prvIdleTask                            0x00000de8   Section        0  tasks.o(i.prvIdleTask)
    prvIdleTask                              0x00000de9   Thumb Code    52  tasks.o(i.prvIdleTask)
    i.prvTaskExitError                       0x00000e20   Section        0  port.o(i.prvTaskExitError)
    prvTaskExitError                         0x00000e21   Thumb Code     6  port.o(i.prvTaskExitError)
    i.pvPortMalloc                           0x00000e26   Section        0  heap_3.o(i.pvPortMalloc)
    i.pxPortInitialiseStack                  0x00000e40   Section        0  port.o(i.pxPortInitialiseStack)
    i.uxListRemove                           0x00000e60   Section        0  list.o(i.uxListRemove)
    i.vApplicationIdleHook                   0x00000e84   Section        0  freertoscommonhooks.o(i.vApplicationIdleHook)
    i.vListInitialise                        0x00000e88   Section        0  list.o(i.vListInitialise)
    i.vListInitialiseItem                    0x00000e9e   Section        0  list.o(i.vListInitialiseItem)
    i.vListInsert                            0x00000ea4   Section        0  list.o(i.vListInsert)
    i.vListInsertEnd                         0x00000ed4   Section        0  list.o(i.vListInsertEnd)
    i.vPortEnterCritical                     0x00000eec   Section        0  port.o(i.vPortEnterCritical)
    i.vPortExitCritical                      0x00000f08   Section        0  port.o(i.vPortExitCritical)
    i.vPortFree                              0x00000f1c   Section        0  heap_3.o(i.vPortFree)
    i.vPortSetupTimerInterrupt               0x00000f38   Section        0  port.o(i.vPortSetupTimerInterrupt)
    i.vPortSuppressTicksAndSleep             0x00000f74   Section        0  port.o(i.vPortSuppressTicksAndSleep)
    i.vPortYield                             0x00001050   Section        0  port.o(i.vPortYield)
    i.vTIMER0_Init                           0x00001068   Section        0  main.o(i.vTIMER0_Init)
    i.vTaskDelay                             0x000010b4   Section        0  tasks.o(i.vTaskDelay)
    i.vTaskStartScheduler                    0x000010e8   Section        0  tasks.o(i.vTaskStartScheduler)
    i.vTaskStepTick                          0x0000112c   Section        0  tasks.o(i.vTaskStepTick)
    i.vTaskSuspendAll                        0x0000113c   Section        0  tasks.o(i.vTaskSuspendAll)
    i.vTaskSwitchContext                     0x0000114c   Section        0  tasks.o(i.vTaskSwitchContext)
    i.vTimerTask                             0x0000119c   Section        0  main.o(i.vTimerTask)
    vTimerTask                               0x0000119d   Thumb Code    22  main.o(i.vTimerTask)
    i.xPortStartScheduler                    0x000011b4   Section        0  port.o(i.xPortStartScheduler)
    i.xPortSysTickHandler                    0x000011e4   Section        0  port.o(i.xPortSysTickHandler)
    i.xTaskGenericCreate                     0x00001208   Section        0  tasks.o(i.xTaskGenericCreate)
    i.xTaskIncrementTick                     0x00001370   Section        0  tasks.o(i.xTaskIncrementTick)
    i.xTaskResumeAll                         0x00001434   Section        0  tasks.o(i.xTaskResumeAll)
    .constdata                               0x000014d0   Section       16  sysinit_lpc1766stk.o(.constdata)
    pinmuxing                                0x000014d0   Data          16  sysinit_lpc1766stk.o(.constdata)
    .data                                    0x10000000   Section        1  main.o(.data)
    .data                                    0x10000004   Section       16  port.o(.data)
    uxCriticalNesting                        0x10000004   Data           4  port.o(.data)
    ulTimerCountsForOneTick                  0x10000008   Data           4  port.o(.data)
    xMaximumPossibleSuppressedTicks          0x1000000c   Data           4  port.o(.data)
    ulStoppedTimerCompensation               0x10000010   Data           4  port.o(.data)
    .data                                    0x10000014   Section       56  tasks.o(.data)
    uxTasksDeleted                           0x10000018   Data           4  tasks.o(.data)
    uxCurrentNumberOfTasks                   0x1000001c   Data           4  tasks.o(.data)
    xTickCount                               0x10000020   Data           4  tasks.o(.data)
    uxTopReadyPriority                       0x10000024   Data           4  tasks.o(.data)
    xSchedulerRunning                        0x10000028   Data           4  tasks.o(.data)
    uxSchedulerSuspended                     0x1000002c   Data           4  tasks.o(.data)
    uxPendedTicks                            0x10000030   Data           4  tasks.o(.data)
    xYieldPending                            0x10000034   Data           4  tasks.o(.data)
    xNumOfOverflows                          0x10000038   Data           4  tasks.o(.data)
    uxTaskNumber                             0x1000003c   Data           4  tasks.o(.data)
    xNextTaskUnblockTime                     0x10000040   Data           4  tasks.o(.data)
    pxDelayedTaskList                        0x10000044   Data           4  tasks.o(.data)
    pxOverflowDelayedTaskList                0x10000048   Data           4  tasks.o(.data)
    .data                                    0x1000004c   Section        4  board_lpc1766stk.o(.data)
    .bss                                     0x10000050   Section      260  tasks.o(.bss)
    pxReadyTasksLists                        0x10000050   Data         160  tasks.o(.bss)
    xDelayedTaskList1                        0x100000f0   Data          20  tasks.o(.bss)
    xDelayedTaskList2                        0x10000104   Data          20  tasks.o(.bss)
    xPendingReadyList                        0x10000118   Data          20  tasks.o(.bss)
    xTasksWaitingTermination                 0x1000012c   Data          20  tasks.o(.bss)
    xSuspendedTaskList                       0x10000140   Data          20  tasks.o(.bss)
    .bss                                     0x10000154   Section       96  libspace.o(.bss)
    HEAP                                     0x100001b8   Section    12288  keil_freertos_startup_lpc17xx40xx.o(HEAP)
    Heap_Mem                                 0x100001b8   Data       12288  keil_freertos_startup_lpc17xx40xx.o(HEAP)
    STACK                                    0x100031b8   Section      512  keil_freertos_startup_lpc17xx40xx.o(STACK)
    Stack_Mem                                0x100031b8   Data         512  keil_freertos_startup_lpc17xx40xx.o(STACK)
    __initial_sp                             0x100033b8   Data           0  keil_freertos_startup_lpc17xx40xx.o(STACK)

    Global Symbols

    Symbol Name                              Value     Ov Type        Size  Object(Section)

    BuildAttributes$$THM_ISAv4$P$D$K$B$S$PE$A:L22UL41UL21$X:L11$S22US41US21$IEEE1$IW$USESV6$~STKCKD$USESV7$~SHL$OTIME$ROPI$EBA8$UX$STANDARDLIB$REQ8$PRES8$EABIv2 0x00000000   Number         0  anon$$obj.o ABSOLUTE
    __ARM_use_no_argv                        0x00000000   Number         0  main.o ABSOLUTE
    __Vectors                                0x00000000   Data           4  keil_freertos_startup_lpc17xx40xx.o(RESET)
    __ARM_exceptions_init                     - Undefined Weak Reference
    __alloca_initialize                       - Undefined Weak Reference
    __cpp_initialize__aeabi_                  - Undefined Weak Reference
    __cxa_finalize                            - Undefined Weak Reference
    __rt_locale                               - Undefined Weak Reference
    __sigvec_lookup                           - Undefined Weak Reference
    __user_heap_extent                        - Undefined Weak Reference
    _atexit_init                              - Undefined Weak Reference
    _call_atexit_fns                          - Undefined Weak Reference
    _clock_init                               - Undefined Weak Reference
    _fp_trap_init                             - Undefined Weak Reference
    _fp_trap_shutdown                         - Undefined Weak Reference
    _get_lc_collate                           - Undefined Weak Reference
    _get_lc_ctype                             - Undefined Weak Reference
    _get_lc_monetary                          - Undefined Weak Reference
    _get_lc_numeric                           - Undefined Weak Reference
    _get_lc_time                              - Undefined Weak Reference
    _getenv_init                              - Undefined Weak Reference
    _handle_redirection                       - Undefined Weak Reference
    _initio                                   - Undefined Weak Reference
    _mutex_acquire                            - Undefined Weak Reference
    _mutex_free                               - Undefined Weak Reference
    _mutex_release                            - Undefined Weak Reference
    _printf_mbtowc                            - Undefined Weak Reference
    _printf_post_padding                      - Undefined Weak Reference
    _printf_pre_padding                       - Undefined Weak Reference
    _rand_init                                - Undefined Weak Reference
    _signal_finish                            - Undefined Weak Reference
    _signal_init                              - Undefined Weak Reference
    _terminateio                              - Undefined Weak Reference
    __main                                   0x000000cd   Thumb Code     8  __main.o(!!!main)
    __scatterload                            0x000000d5   Thumb Code     0  __scatter.o(!!!scatter)
    __scatterload_rt2                        0x000000d5   Thumb Code    44  __scatter.o(!!!scatter)
    __scatterload_rt2_thumb_only             0x000000d5   Thumb Code     0  __scatter.o(!!!scatter)
    __scatterload_null                       0x000000e3   Thumb Code     0  __scatter.o(!!!scatter)
    __scatterload_copy                       0x00000109   Thumb Code    26  __scatter_copy.o(!!handler_copy)
    __scatterload_zeroinit                   0x00000125   Thumb Code    28  __scatter_zi.o(!!handler_zi)
    __rt_lib_init                            0x00000141   Thumb Code     0  libinit.o(.ARM.Collect$$libinit$$00000000)
    __rt_lib_init_fp_1                       0x00000143   Thumb Code     0  libinit2.o(.ARM.Collect$$libinit$$00000002)
    __rt_lib_init_heap_2                     0x00000143   Thumb Code     0  libinit2.o(.ARM.Collect$$libinit$$00000003)
    __rt_lib_init_alloca_1                   0x0000014b   Thumb Code     0  libinit2.o(.ARM.Collect$$libinit$$0000002C)
    __rt_lib_init_argv_1                     0x0000014b   Thumb Code     0  libinit2.o(.ARM.Collect$$libinit$$0000002A)
    __rt_lib_init_atexit_1                   0x0000014b   Thumb Code     0  libinit2.o(.ARM.Collect$$libinit$$00000019)
    __rt_lib_init_clock_1                    0x0000014b   Thumb Code     0  libinit2.o(.ARM.Collect$$libinit$$0000001F)
    __rt_lib_init_cpp_1                      0x0000014b   Thumb Code     0  libinit2.o(.ARM.Collect$$libinit$$00000030)
    __rt_lib_init_exceptions_1               0x0000014b   Thumb Code     0  libinit2.o(.ARM.Collect$$libinit$$0000002E)
    __rt_lib_init_fp_trap_1                  0x0000014b   Thumb Code     0  libinit2.o(.ARM.Collect$$libinit$$0000001D)
    __rt_lib_init_getenv_1                   0x0000014b   Thumb Code     0  libinit2.o(.ARM.Collect$$libinit$$00000021)
    __rt_lib_init_heap_1                     0x0000014b   Thumb Code     0  libinit2.o(.ARM.Collect$$libinit$$00000008)
    __rt_lib_init_lc_collate_1               0x0000014b   Thumb Code     0  libinit2.o(.ARM.Collect$$libinit$$0000000F)
    __rt_lib_init_lc_ctype_1                 0x0000014b   Thumb Code     0  libinit2.o(.ARM.Collect$$libinit$$00000011)
    __rt_lib_init_lc_monetary_1              0x0000014b   Thumb Code     0  libinit2.o(.ARM.Collect$$libinit$$00000013)
    __rt_lib_init_lc_numeric_1               0x0000014b   Thumb Code     0  libinit2.o(.ARM.Collect$$libinit$$00000015)
    __rt_lib_init_lc_time_1                  0x0000014b   Thumb Code     0  libinit2.o(.ARM.Collect$$libinit$$00000017)
    __rt_lib_init_rand_1                     0x0000014b   Thumb Code     0  libinit2.o(.ARM.Collect$$libinit$$0000000C)
    __rt_lib_init_return                     0x0000014b   Thumb Code     0  libinit2.o(.ARM.Collect$$libinit$$00000031)
    __rt_lib_init_signal_1                   0x0000014b   Thumb Code     0  libinit2.o(.ARM.Collect$$libinit$$0000001B)
    __rt_lib_init_stdio_1                    0x0000014b   Thumb Code     0  libinit2.o(.ARM.Collect$$libinit$$00000023)
    __rt_lib_init_user_alloc_1               0x0000014b   Thumb Code     0  libinit2.o(.ARM.Collect$$libinit$$0000000A)
    __rt_lib_shutdown                        0x0000014d   Thumb Code     0  libshutdown.o(.ARM.Collect$$libshutdown$$00000000)
    __rt_lib_shutdown_fp_trap_1              0x0000014f   Thumb Code     0  libshutdown2.o(.ARM.Collect$$libshutdown$$00000006)
    __rt_lib_shutdown_heap_1                 0x0000014f   Thumb Code     0  libshutdown2.o(.ARM.Collect$$libshutdown$$0000000E)
    __rt_lib_shutdown_return                 0x0000014f   Thumb Code     0  libshutdown2.o(.ARM.Collect$$libshutdown$$0000000F)
    __rt_lib_shutdown_signal_1               0x0000014f   Thumb Code     0  libshutdown2.o(.ARM.Collect$$libshutdown$$00000009)
    __rt_lib_shutdown_stdio_1                0x0000014f   Thumb Code     0  libshutdown2.o(.ARM.Collect$$libshutdown$$00000003)
    __rt_lib_shutdown_user_alloc_1           0x0000014f   Thumb Code     0  libshutdown2.o(.ARM.Collect$$libshutdown$$0000000B)
    __rt_entry                               0x00000151   Thumb Code     0  rtentry.o(.ARM.Collect$$rtentry$$00000000)
    __rt_entry_presh_1                       0x00000151   Thumb Code     0  rtentry2.o(.ARM.Collect$$rtentry$$00000002)
    __rt_entry_sh                            0x00000151   Thumb Code     0  rtentry4.o(.ARM.Collect$$rtentry$$00000004)
    __rt_entry_li                            0x00000157   Thumb Code     0  rtentry2.o(.ARM.Collect$$rtentry$$0000000A)
    __rt_entry_postsh_1                      0x00000157   Thumb Code     0  rtentry2.o(.ARM.Collect$$rtentry$$00000009)
    __rt_entry_main                          0x0000015b   Thumb Code     0  rtentry2.o(.ARM.Collect$$rtentry$$0000000D)
    __rt_entry_postli_1                      0x0000015b   Thumb Code     0  rtentry2.o(.ARM.Collect$$rtentry$$0000000C)
    __rt_exit                                0x00000163   Thumb Code     0  rtexit.o(.ARM.Collect$$rtexit$$00000000)
    __rt_exit_ls                             0x00000165   Thumb Code     0  rtexit2.o(.ARM.Collect$$rtexit$$00000003)
    __rt_exit_prels_1                        0x00000165   Thumb Code     0  rtexit2.o(.ARM.Collect$$rtexit$$00000002)
    __rt_exit_exit                           0x00000169   Thumb Code     0  rtexit2.o(.ARM.Collect$$rtexit$$00000004)
    vPortSVCHandler                          0x00000171   Thumb Code    28  port.o(.emb_text)
    __asm___6_port_c_39a90d8d__prvStartFirstTask 0x00000191   Thumb Code    16  port.o(.emb_text)
    xPortPendSVHandler                       0x000001a5   Thumb Code    56  port.o(.emb_text)
    ulPortSetInterruptMask                   0x000001e1   Thumb Code    14  port.o(.emb_text)
    vPortClearInterruptMask                  0x000001ef   Thumb Code     6  port.o(.emb_text)
    vPortGetIPSR                             0x000001f5   Thumb Code     6  port.o(.emb_text)
    Reset_Handler                            0x000001fd   Thumb Code     8  keil_freertos_startup_lpc17xx40xx.o(.text)
    _maybe_terminate_alloc                   0x000001fd   Thumb Code     0  maybetermalloc1.o(.emb_text)
    NMI_Handler                              0x00000205   Thumb Code     2  keil_freertos_startup_lpc17xx40xx.o(.text)
    HardFault_Handler                        0x00000207   Thumb Code     2  keil_freertos_startup_lpc17xx40xx.o(.text)
    MemManage_Handler                        0x00000209   Thumb Code     2  keil_freertos_startup_lpc17xx40xx.o(.text)
    BusFault_Handler                         0x0000020b   Thumb Code     2  keil_freertos_startup_lpc17xx40xx.o(.text)
    UsageFault_Handler                       0x0000020d   Thumb Code     2  keil_freertos_startup_lpc17xx40xx.o(.text)
    SVC_Handler                              0x0000020f   Thumb Code     2  keil_freertos_startup_lpc17xx40xx.o(.text)
    DebugMon_Handler                         0x00000211   Thumb Code     2  keil_freertos_startup_lpc17xx40xx.o(.text)
    PendSV_Handler                           0x00000213   Thumb Code     2  keil_freertos_startup_lpc17xx40xx.o(.text)
    SysTick_Handler                          0x00000215   Thumb Code     2  keil_freertos_startup_lpc17xx40xx.o(.text)
    UnHandled_Vector                         0x00000217   Thumb Code     2  keil_freertos_startup_lpc17xx40xx.o(.text)
    ADC_IRQHandler                           0x00000219   Thumb Code     0  keil_freertos_startup_lpc17xx40xx.o(.text)
    BOD_IRQHandler                           0x00000219   Thumb Code     0  keil_freertos_startup_lpc17xx40xx.o(.text)
    CANActivity_IRQHandler                   0x00000219   Thumb Code     0  keil_freertos_startup_lpc17xx40xx.o(.text)
    CAN_IRQHandler                           0x00000219   Thumb Code     0  keil_freertos_startup_lpc17xx40xx.o(.text)
    DMA_IRQHandler                           0x00000219   Thumb Code     0  keil_freertos_startup_lpc17xx40xx.o(.text)
    EINT0_IRQHandler                         0x00000219   Thumb Code     0  keil_freertos_startup_lpc17xx40xx.o(.text)
    EINT1_IRQHandler                         0x00000219   Thumb Code     0  keil_freertos_startup_lpc17xx40xx.o(.text)
    EINT2_IRQHandler                         0x00000219   Thumb Code     0  keil_freertos_startup_lpc17xx40xx.o(.text)
    EINT3_IRQHandler                         0x00000219   Thumb Code     0  keil_freertos_startup_lpc17xx40xx.o(.text)
    ETH_IRQHandler                           0x00000219   Thumb Code     0  keil_freertos_startup_lpc17xx40xx.o(.text)
    I2C0_IRQHandler                          0x00000219   Thumb Code     0  keil_freertos_startup_lpc17xx40xx.o(.text)
    I2C1_IRQHandler                          0x00000219   Thumb Code     0  keil_freertos_startup_lpc17xx40xx.o(.text)
    I2C2_IRQHandler                          0x00000219   Thumb Code     0  keil_freertos_startup_lpc17xx40xx.o(.text)
    I2S_IRQHandler                           0x00000219   Thumb Code     0  keil_freertos_startup_lpc17xx40xx.o(.text)
    MCPWM_IRQHandler                         0x00000219   Thumb Code     0  keil_freertos_startup_lpc17xx40xx.o(.text)
    PLL0_IRQHandler                          0x00000219   Thumb Code     0  keil_freertos_startup_lpc17xx40xx.o(.text)
    PLL1_IRQHandler                          0x00000219   Thumb Code     0  keil_freertos_startup_lpc17xx40xx.o(.text)
    PWM1_IRQHandler                          0x00000219   Thumb Code     0  keil_freertos_startup_lpc17xx40xx.o(.text)
    QEI_IRQHandler                           0x00000219   Thumb Code     0  keil_freertos_startup_lpc17xx40xx.o(.text)
    RIT_IRQHandler                           0x00000219   Thumb Code     0  keil_freertos_startup_lpc17xx40xx.o(.text)
    RTC_IRQHandler                           0x00000219   Thumb Code     0  keil_freertos_startup_lpc17xx40xx.o(.text)
    SPI_IRQHandler                           0x00000219   Thumb Code     0  keil_freertos_startup_lpc17xx40xx.o(.text)
    SSP0_IRQHandler                          0x00000219   Thumb Code     0  keil_freertos_startup_lpc17xx40xx.o(.text)
    SSP1_IRQHandler                          0x00000219   Thumb Code     0  keil_freertos_startup_lpc17xx40xx.o(.text)
    TIMER1_IRQHandler                        0x00000219   Thumb Code     0  keil_freertos_startup_lpc17xx40xx.o(.text)
    TIMER2_IRQHandler                        0x00000219   Thumb Code     0  keil_freertos_startup_lpc17xx40xx.o(.text)
    TIMER3_IRQHandler                        0x00000219   Thumb Code     0  keil_freertos_startup_lpc17xx40xx.o(.text)
    UART0_IRQHandler                         0x00000219   Thumb Code     0  keil_freertos_startup_lpc17xx40xx.o(.text)
    UART1_IRQHandler                         0x00000219   Thumb Code     0  keil_freertos_startup_lpc17xx40xx.o(.text)
    UART2_IRQHandler                         0x00000219   Thumb Code     0  keil_freertos_startup_lpc17xx40xx.o(.text)
    UART3_IRQHandler                         0x00000219   Thumb Code     0  keil_freertos_startup_lpc17xx40xx.o(.text)
    USBActivity_IRQHandler                   0x00000219   Thumb Code     0  keil_freertos_startup_lpc17xx40xx.o(.text)
    USB_IRQHandler                           0x00000219   Thumb Code     0  keil_freertos_startup_lpc17xx40xx.o(.text)
    WDT_IRQHandler                           0x00000219   Thumb Code     0  keil_freertos_startup_lpc17xx40xx.o(.text)
    __user_initial_stackheap                 0x0000021d   Thumb Code     0  keil_freertos_startup_lpc17xx40xx.o(.text)
    malloc                                   0x00000241   Thumb Code    94  h1_alloc.o(.text)
    free                                     0x0000029f   Thumb Code    78  h1_free.o(.text)
    __aeabi_uldivmod                         0x000002ed   Thumb Code     0  lludivv7m.o(.text)
    _ll_udiv                                 0x000002ed   Thumb Code   238  lludivv7m.o(.text)
    __aeabi_memset                           0x000003db   Thumb Code    16  aeabi_memset.o(.text)
    __use_two_region_memory                  0x000003eb   Thumb Code     2  heapauxi.o(.text)
    __rt_heap_escrow                         0x000003ed   Thumb Code     2  heapauxi.o(.text)
    __rt_heap_expand                         0x000003ef   Thumb Code     2  heapauxi.o(.text)
    __rt_heap_descriptor                     0x000003f1   Thumb Code     8  rt_heap_descriptor_intlibspace.o(.text)
    __use_no_heap                            0x000003f9   Thumb Code     2  hguard.o(.text)
    __heap$guard                             0x000003fb   Thumb Code     2  hguard.o(.text)
    _terminate_user_alloc                    0x000003fd   Thumb Code     2  init_alloc.o(.text)
    _init_user_alloc                         0x000003ff   Thumb Code     2  init_alloc.o(.text)
    __Heap_Full                              0x00000401   Thumb Code    34  init_alloc.o(.text)
    __Heap_Broken                            0x00000423   Thumb Code     6  init_alloc.o(.text)
    _init_alloc                              0x00000429   Thumb Code    94  init_alloc.o(.text)
    __Heap_Initialize                        0x00000487   Thumb Code    10  h1_init.o(.text)
    __Heap_DescSize                          0x00000491   Thumb Code     4  h1_init.o(.text)
    __aeabi_memclr                           0x00000495   Thumb Code     0  rt_memclr.o(.text)
    __rt_memclr                              0x00000495   Thumb Code    68  rt_memclr.o(.text)
    _memset                                  0x00000499   Thumb Code     0  rt_memclr.o(.text)
    __user_libspace                          0x000004d9   Thumb Code     8  libspace.o(.text)
    __user_perproc_libspace                  0x000004d9   Thumb Code     0  libspace.o(.text)
    __user_perthread_libspace                0x000004d9   Thumb Code     0  libspace.o(.text)
    __Heap_ProvideMemory                     0x000004e1   Thumb Code    52  h1_extend.o(.text)
    __rt_SIGRTMEM                            0x00000515   Thumb Code    14  defsig_rtmem_outer.o(.text)
    __aeabi_memclr4                          0x00000523   Thumb Code     0  rt_memclr_w.o(.text)
    __aeabi_memclr8                          0x00000523   Thumb Code     0  rt_memclr_w.o(.text)
    __rt_memclr_w                            0x00000523   Thumb Code    78  rt_memclr_w.o(.text)
    _memset_w                                0x00000527   Thumb Code     0  rt_memclr_w.o(.text)
    __I$use$semihosting                      0x00000571   Thumb Code     0  use_no_semi.o(.text)
    __use_no_semihosting_swi                 0x00000571   Thumb Code     2  use_no_semi.o(.text)
    __semihosting_library_function           0x00000573   Thumb Code     0  indicate_semi.o(.text)
    __user_setup_stackheap                   0x00000573   Thumb Code    74  sys_stackheap_outer.o(.text)
    exit                                     0x000005bd   Thumb Code    12  exit.o(.text)
    __sig_exit                               0x000005c9   Thumb Code    10  defsig_exit.o(.text)
    __rt_SIGRTMEM_inner                      0x000005d5   Thumb Code    22  defsig_rtmem_inner.o(.text)
    __default_signal_display                 0x00000625   Thumb Code    50  defsig_general.o(.text)
    _ttywrch                                 0x00000657   Thumb Code    14  sys_wrch.o(.text)
    Board_Debug_Init                         0x00000665   Thumb Code    44  board_lpc1766stk.o(i.Board_Debug_Init)
    Board_Init                               0x00000695   Thumb Code    40  board_lpc1766stk.o(i.Board_Init)
    Board_LED_Set                            0x000006c1   Thumb Code    36  board_lpc1766stk.o(i.Board_LED_Set)
    Chip_Clock_DisablePLL                    0x000006e9   Thumb Code    18  clock_17xx_40xx.o(i.Chip_Clock_DisablePLL)
    Chip_Clock_EnablePLL                     0x00000701   Thumb Code    18  clock_17xx_40xx.o(i.Chip_Clock_EnablePLL)
    Chip_Clock_EnablePeriphClock             0x00000719   Thumb Code    14  clock_17xx_40xx.o(i.Chip_Clock_EnablePeriphClock)
    Chip_Clock_GetCPUClockDiv                0x00000745   Thumb Code    10  clock_17xx_40xx.o(i.Chip_Clock_GetCPUClockDiv)
    Chip_Clock_GetCPUClockSource             0x00000755   Thumb Code    16  clock_17xx_40xx.o(i.Chip_Clock_GetCPUClockSource)
    Chip_Clock_GetMainClockRate              0x00000769   Thumb Code    32  clock_17xx_40xx.o(i.Chip_Clock_GetMainClockRate)
    Chip_Clock_GetMainPllOutClockRate        0x00000789   Thumb Code    50  clock_17xx_40xx.o(i.Chip_Clock_GetMainPllOutClockRate)
    Chip_Clock_GetPLCKDiv                    0x000007c1   Thumb Code    60  clock_17xx_40xx.o(i.Chip_Clock_GetPLCKDiv)
    Chip_Clock_GetPeripheralClockRate        0x00000801   Thumb Code    22  clock_17xx_40xx.o(i.Chip_Clock_GetPeripheralClockRate)
    Chip_Clock_GetSYSCLKRate                 0x00000819   Thumb Code    36  clock_17xx_40xx.o(i.Chip_Clock_GetSYSCLKRate)
    Chip_Clock_GetSystemClockRate            0x00000849   Thumb Code    18  clock_17xx_40xx.o(i.Chip_Clock_GetSystemClockRate)
    Chip_Clock_SetCPUClockDiv                0x0000085d   Thumb Code     6  clock_17xx_40xx.o(i.Chip_Clock_SetCPUClockDiv)
    Chip_Clock_SetCPUClockSource             0x00000869   Thumb Code    20  clock_17xx_40xx.o(i.Chip_Clock_SetCPUClockSource)
    Chip_Clock_SetUSBClockDiv                0x0000087d   Thumb Code    14  clock_17xx_40xx.o(i.Chip_Clock_SetUSBClockDiv)
    Chip_Clock_SetupPLL                      0x00000891   Thumb Code    26  clock_17xx_40xx.o(i.Chip_Clock_SetupPLL)
    Chip_IOCON_PinMux                        0x000008e9   Thumb Code    50  iocon_17xx_40xx.o(i.Chip_IOCON_PinMux)
    Chip_TIMER_Init                          0x0000091b   Thumb Code    14  timer_17xx_40xx.o(i.Chip_TIMER_Init)
    Chip_UART_Init                           0x000009c5   Thumb Code    32  uart_17xx_40xx.o(i.Chip_UART_Init)
    Chip_UART_SetBaud                        0x000009e5   Thumb Code    56  uart_17xx_40xx.o(i.Chip_UART_SetBaud)
    Chip_UART_TxCmd                          0x00000a29   Thumb Code    24  uart_17xx_40xx.o(i.Chip_UART_TxCmd)
    IP_TIMER_Reset                           0x00000a41   Thumb Code    24  timer_001.o(i.IP_TIMER_Reset)
    IP_UART_ConfigData                       0x00000a59   Thumb Code    18  usart_001.o(i.IP_UART_ConfigData)
    IP_UART_Init                             0x00000a6b   Thumb Code    72  usart_001.o(i.IP_UART_Init)
    IP_UART_SetBaud                          0x00000ab3   Thumb Code   252  usart_001.o(i.IP_UART_SetBaud)
    IP_UART_TxCmd                            0x00000baf   Thumb Code    16  usart_001.o(i.IP_UART_TxCmd)
    SystemCoreClockUpdate                    0x00000bc1   Thumb Code    12  board_lpc1766stk.o(i.SystemCoreClockUpdate)
    SystemInit                               0x00000bd1   Thumb Code    50  sysinit_lpc1766stk.o(i.SystemInit)
    TIMER0_IRQHandler                        0x00000c91   Thumb Code    44  main.o(i.TIMER0_IRQHandler)
    _sys_exit                                0x00000cc1   Thumb Code     2  board_lpc1766stk.o(i._sys_exit)
    eTaskConfirmSleepModeStatus              0x00000cc5   Thumb Code    38  tasks.o(i.eTaskConfirmSleepModeStatus)
    main                                     0x00000cf5   Thumb Code    56  main.o(i.main)
    pvPortMalloc                             0x00000e27   Thumb Code    24  heap_3.o(i.pvPortMalloc)
    pxPortInitialiseStack                    0x00000e41   Thumb Code    28  port.o(i.pxPortInitialiseStack)
    uxListRemove                             0x00000e61   Thumb Code    36  list.o(i.uxListRemove)
    vApplicationIdleHook                     0x00000e85   Thumb Code     4  freertoscommonhooks.o(i.vApplicationIdleHook)
    vListInitialise                          0x00000e89   Thumb Code    22  list.o(i.vListInitialise)
    vListInitialiseItem                      0x00000e9f   Thumb Code     6  list.o(i.vListInitialiseItem)
    vListInsert                              0x00000ea5   Thumb Code    48  list.o(i.vListInsert)
    vListInsertEnd                           0x00000ed5   Thumb Code    24  list.o(i.vListInsertEnd)
    vPortEnterCritical                       0x00000eed   Thumb Code    24  port.o(i.vPortEnterCritical)
    vPortExitCritical                        0x00000f09   Thumb Code    16  port.o(i.vPortExitCritical)
    vPortFree                                0x00000f1d   Thumb Code    26  heap_3.o(i.vPortFree)
    vPortSetupTimerInterrupt                 0x00000f39   Thumb Code    52  port.o(i.vPortSetupTimerInterrupt)
    vPortSuppressTicksAndSleep               0x00000f75   Thumb Code   214  port.o(i.vPortSuppressTicksAndSleep)
    vPortYield                               0x00001051   Thumb Code    18  port.o(i.vPortYield)
    vTIMER0_Init                             0x00001069   Thumb Code    72  main.o(i.vTIMER0_Init)
    vTaskDelay                               0x000010b5   Thumb Code    48  tasks.o(i.vTaskDelay)
    vTaskStartScheduler                      0x000010e9   Thumb Code    50  tasks.o(i.vTaskStartScheduler)
    vTaskStepTick                            0x0000112d   Thumb Code    10  tasks.o(i.vTaskStepTick)
    vTaskSuspendAll                          0x0000113d   Thumb Code    10  tasks.o(i.vTaskSuspendAll)
    vTaskSwitchContext                       0x0000114d   Thumb Code    72  tasks.o(i.vTaskSwitchContext)
    xPortStartScheduler                      0x000011b5   Thumb Code    38  port.o(i.xPortStartScheduler)
    xPortSysTickHandler                      0x000011e5   Thumb Code    30  port.o(i.xPortSysTickHandler)
    xTaskGenericCreate                       0x00001209   Thumb Code   352  tasks.o(i.xTaskGenericCreate)
    xTaskIncrementTick                       0x00001371   Thumb Code   188  tasks.o(i.xTaskIncrementTick)
    xTaskResumeAll                           0x00001435   Thumb Code   148  tasks.o(i.xTaskResumeAll)
    Region$$Table$$Base                      0x000014e0   Number         0  anon$$obj.o(Region$$Table)
    Region$$Table$$Limit                     0x00001500   Number         0  anon$$obj.o(Region$$Table)
    ucTemoin                                 0x10000000   Data           1  main.o(.data)
    pxCurrentTCB                             0x10000014   Data           4  tasks.o(.data)
    SystemCoreClock                          0x1000004c   Data           4  board_lpc1766stk.o(.data)
    __libspace_start                         0x10000154   Data          96  libspace.o(.bss)
    __temporary_stack_top$libspace           0x100001b4   Data           0  libspace.o(.bss)



==============================================================================

Memory Map of the image

  Image Entry point : 0x000000cd

  Load Region LR_IROM1 (Base: 0x00000000, Size: 0x00001550, Max: 0x00040000, ABSOLUTE)

    Execution Region ER_IROM1 (Base: 0x00000000, Size: 0x00001500, Max: 0x00040000, ABSOLUTE)

    Base Addr    Size         Type   Attr      Idx    E Section Name        Object

    0x00000000   0x000000cc   Data   RO          235    RESET               keil_freertos_startup_lpc17xx40xx.o
    0x000000cc   0x00000008   Code   RO         2332  * !!!main             c_w.l(__main.o)
    0x000000d4   0x00000034   Code   RO         2553    !!!scatter          c_w.l(__scatter.o)
    0x00000108   0x0000001a   Code   RO         2555    !!handler_copy      c_w.l(__scatter_copy.o)
    0x00000122   0x00000002   PAD
    0x00000124   0x0000001c   Code   RO         2557    !!handler_zi        c_w.l(__scatter_zi.o)
    0x00000140   0x00000002   Code   RO         2495    .ARM.Collect$$libinit$$00000000  c_w.l(libinit.o)
    0x00000142   0x00000000   Code   RO         2378    .ARM.Collect$$libinit$$00000002  c_w.l(libinit2.o)
    0x00000142   0x00000008   Code   RO         2379    .ARM.Collect$$libinit$$00000003  c_w.l(libinit2.o)
    0x0000014a   0x00000000   Code   RO         2381    .ARM.Collect$$libinit$$00000008  c_w.l(libinit2.o)
    0x0000014a   0x00000000   Code   RO         2383    .ARM.Collect$$libinit$$0000000A  c_w.l(libinit2.o)
    0x0000014a   0x00000000   Code   RO         2385    .ARM.Collect$$libinit$$0000000C  c_w.l(libinit2.o)
    0x0000014a   0x00000000   Code   RO         2388    .ARM.Collect$$libinit$$0000000F  c_w.l(libinit2.o)
    0x0000014a   0x00000000   Code   RO         2390    .ARM.Collect$$libinit$$00000011  c_w.l(libinit2.o)
    0x0000014a   0x00000000   Code   RO         2392    .ARM.Collect$$libinit$$00000013  c_w.l(libinit2.o)
    0x0000014a   0x00000000   Code   RO         2394    .ARM.Collect$$libinit$$00000015  c_w.l(libinit2.o)
    0x0000014a   0x00000000   Code   RO         2396    .ARM.Collect$$libinit$$00000017  c_w.l(libinit2.o)
    0x0000014a   0x00000000   Code   RO         2398    .ARM.Collect$$libinit$$00000019  c_w.l(libinit2.o)
    0x0000014a   0x00000000   Code   RO         2400    .ARM.Collect$$libinit$$0000001B  c_w.l(libinit2.o)
    0x0000014a   0x00000000   Code   RO         2402    .ARM.Collect$$libinit$$0000001D  c_w.l(libinit2.o)
    0x0000014a   0x00000000   Code   RO         2404    .ARM.Collect$$libinit$$0000001F  c_w.l(libinit2.o)
    0x0000014a   0x00000000   Code   RO         2406    .ARM.Collect$$libinit$$00000021  c_w.l(libinit2.o)
    0x0000014a   0x00000000   Code   RO         2408    .ARM.Collect$$libinit$$00000023  c_w.l(libinit2.o)
    0x0000014a   0x00000000   Code   RO         2412    .ARM.Collect$$libinit$$0000002A  c_w.l(libinit2.o)
    0x0000014a   0x00000000   Code   RO         2414    .ARM.Collect$$libinit$$0000002C  c_w.l(libinit2.o)
    0x0000014a   0x00000000   Code   RO         2416    .ARM.Collect$$libinit$$0000002E  c_w.l(libinit2.o)
    0x0000014a   0x00000000   Code   RO         2418    .ARM.Collect$$libinit$$00000030  c_w.l(libinit2.o)
    0x0000014a   0x00000002   Code   RO         2419    .ARM.Collect$$libinit$$00000031  c_w.l(libinit2.o)
    0x0000014c   0x00000002   Code   RO         2550    .ARM.Collect$$libshutdown$$00000000  c_w.l(libshutdown.o)
    0x0000014e   0x00000000   Code   RO         2510    .ARM.Collect$$libshutdown$$00000003  c_w.l(libshutdown2.o)
    0x0000014e   0x00000000   Code   RO         2513    .ARM.Collect$$libshutdown$$00000006  c_w.l(libshutdown2.o)
    0x0000014e   0x00000000   Code   RO         2516    .ARM.Collect$$libshutdown$$00000009  c_w.l(libshutdown2.o)
    0x0000014e   0x00000000   Code   RO         2518    .ARM.Collect$$libshutdown$$0000000B  c_w.l(libshutdown2.o)
    0x0000014e   0x00000000   Code   RO         2521    .ARM.Collect$$libshutdown$$0000000E  c_w.l(libshutdown2.o)
    0x0000014e   0x00000002   Code   RO         2522    .ARM.Collect$$libshutdown$$0000000F  c_w.l(libshutdown2.o)
    0x00000150   0x00000000   Code   RO         2336    .ARM.Collect$$rtentry$$00000000  c_w.l(rtentry.o)
    0x00000150   0x00000000   Code   RO         2426    .ARM.Collect$$rtentry$$00000002  c_w.l(rtentry2.o)
    0x00000150   0x00000006   Code   RO         2438    .ARM.Collect$$rtentry$$00000004  c_w.l(rtentry4.o)
    0x00000156   0x00000000   Code   RO         2428    .ARM.Collect$$rtentry$$00000009  c_w.l(rtentry2.o)
    0x00000156   0x00000004   Code   RO         2429    .ARM.Collect$$rtentry$$0000000A  c_w.l(rtentry2.o)
    0x0000015a   0x00000000   Code   RO         2431    .ARM.Collect$$rtentry$$0000000C  c_w.l(rtentry2.o)
    0x0000015a   0x00000008   Code   RO         2432    .ARM.Collect$$rtentry$$0000000D  c_w.l(rtentry2.o)
    0x00000162   0x00000002   Code   RO         2496    .ARM.Collect$$rtexit$$00000000  c_w.l(rtexit.o)
    0x00000164   0x00000000   Code   RO         2526    .ARM.Collect$$rtexit$$00000002  c_w.l(rtexit2.o)
    0x00000164   0x00000004   Code   RO         2527    .ARM.Collect$$rtexit$$00000003  c_w.l(rtexit2.o)
    0x00000168   0x00000006   Code   RO         2528    .ARM.Collect$$rtexit$$00000004  c_w.l(rtexit2.o)
    0x0000016e   0x00000002   PAD
    0x00000170   0x0000008a   Code   RO          242    .emb_text           port.o
    0x000001fa   0x00000002   PAD
    0x000001fc   0x00000000   Code   RO         2444    .emb_text           c_w.l(maybetermalloc1.o)
    0x000001fc   0x00000044   Code   RO          236    .text               keil_freertos_startup_lpc17xx40xx.o
    0x00000240   0x0000005e   Code   RO         2236    .text               c_w.l(h1_alloc.o)
    0x0000029e   0x0000004e   Code   RO         2238    .text               c_w.l(h1_free.o)
    0x000002ec   0x000000ee   Code   RO         2294    .text               c_w.l(lludivv7m.o)
    0x000003da   0x00000010   Code   RO         2328    .text               c_w.l(aeabi_memset.o)
    0x000003ea   0x00000006   Code   RO         2330    .text               c_w.l(heapauxi.o)
    0x000003f0   0x00000008   Code   RO         2344    .text               c_w.l(rt_heap_descriptor_intlibspace.o)
    0x000003f8   0x00000004   Code   RO         2346    .text               c_w.l(hguard.o)
    0x000003fc   0x0000008a   Code   RO         2348    .text               c_w.l(init_alloc.o)
    0x00000486   0x0000000e   Code   RO         2352    .text               c_w.l(h1_init.o)
    0x00000494   0x00000044   Code   RO         2373    .text               c_w.l(rt_memclr.o)
    0x000004d8   0x00000008   Code   RO         2422    .text               c_w.l(libspace.o)
    0x000004e0   0x00000034   Code   RO         2446    .text               c_w.l(h1_extend.o)
    0x00000514   0x0000000e   Code   RO         2452    .text               c_w.l(defsig_rtmem_outer.o)
    0x00000522   0x0000004e   Code   RO         2456    .text               c_w.l(rt_memclr_w.o)
    0x00000570   0x00000002   Code   RO         2465    .text               c_w.l(use_no_semi.o)
    0x00000572   0x00000000   Code   RO         2467    .text               c_w.l(indicate_semi.o)
    0x00000572   0x0000004a   Code   RO         2468    .text               c_w.l(sys_stackheap_outer.o)
    0x000005bc   0x0000000c   Code   RO         2476    .text               c_w.l(exit.o)
    0x000005c8   0x0000000a   Code   RO         2478    .text               c_w.l(defsig_exit.o)
    0x000005d2   0x00000002   PAD
    0x000005d4   0x00000050   Code   RO         2484    .text               c_w.l(defsig_rtmem_inner.o)
    0x00000624   0x00000032   Code   RO         2504    .text               c_w.l(defsig_general.o)
    0x00000656   0x0000000e   Code   RO         2523    .text               c_w.l(sys_wrch.o)
    0x00000664   0x00000030   Code   RO         1003    i.Board_Debug_Init  board_lpc1766stk.o
    0x00000694   0x0000002c   Code   RO         1004    i.Board_Init        board_lpc1766stk.o
    0x000006c0   0x00000028   Code   RO         1005    i.Board_LED_Set     board_lpc1766stk.o
    0x000006e8   0x00000018   Code   RO         1332    i.Chip_Clock_DisablePLL  clock_17xx_40xx.o
    0x00000700   0x00000018   Code   RO         1334    i.Chip_Clock_EnablePLL  clock_17xx_40xx.o
    0x00000718   0x00000014   Code   RO         1335    i.Chip_Clock_EnablePeriphClock  clock_17xx_40xx.o
    0x0000072c   0x00000018   Code   RO         1336    i.Chip_Clock_FeedPLL  clock_17xx_40xx.o
    0x00000744   0x00000010   Code   RO         1337    i.Chip_Clock_GetCPUClockDiv  clock_17xx_40xx.o
    0x00000754   0x00000014   Code   RO         1338    i.Chip_Clock_GetCPUClockSource  clock_17xx_40xx.o
    0x00000768   0x00000020   Code   RO         1339    i.Chip_Clock_GetMainClockRate  clock_17xx_40xx.o
    0x00000788   0x00000038   Code   RO         1340    i.Chip_Clock_GetMainPllOutClockRate  clock_17xx_40xx.o
    0x000007c0   0x00000040   Code   RO         1341    i.Chip_Clock_GetPLCKDiv  clock_17xx_40xx.o
    0x00000800   0x00000016   Code   RO         1342    i.Chip_Clock_GetPeripheralClockRate  clock_17xx_40xx.o
    0x00000816   0x00000002   PAD
    0x00000818   0x00000030   Code   RO         1343    i.Chip_Clock_GetSYSCLKRate  clock_17xx_40xx.o
    0x00000848   0x00000012   Code   RO         1344    i.Chip_Clock_GetSystemClockRate  clock_17xx_40xx.o
    0x0000085a   0x00000002   PAD
    0x0000085c   0x0000000c   Code   RO         1350    i.Chip_Clock_SetCPUClockDiv  clock_17xx_40xx.o
    0x00000868   0x00000014   Code   RO         1351    i.Chip_Clock_SetCPUClockSource  clock_17xx_40xx.o
    0x0000087c   0x00000014   Code   RO         1353    i.Chip_Clock_SetUSBClockDiv  clock_17xx_40xx.o
    0x00000890   0x00000020   Code   RO         1354    i.Chip_Clock_SetupPLL  clock_17xx_40xx.o
    0x000008b0   0x00000016   Code   RO         1012    i.Chip_GPIO_WriteDirBit  board_lpc1766stk.o
    0x000008c6   0x00000002   PAD
    0x000008c8   0x00000020   Code   RO         1013    i.Chip_GPIO_WritePortBit  board_lpc1766stk.o
    0x000008e8   0x00000032   Code   RO         1478    i.Chip_IOCON_PinMux  iocon_17xx_40xx.o
    0x0000091a   0x0000000e   Code   RO         1579    i.Chip_TIMER_Init   timer_17xx_40xx.o
    0x00000928   0x00000030   Code   RO         1580    i.Chip_Timer_GetClock  timer_17xx_40xx.o
    0x00000958   0x00000030   Code   RO         1610    i.Chip_UART_DetermineClk  uart_17xx_40xx.o
    0x00000988   0x0000003c   Code   RO         1613    i.Chip_UART_Get_UARTNum  uart_17xx_40xx.o
    0x000009c4   0x00000020   Code   RO         1614    i.Chip_UART_Init    uart_17xx_40xx.o
    0x000009e4   0x00000044   Code   RO         1621    i.Chip_UART_SetBaud  uart_17xx_40xx.o
    0x00000a28   0x00000018   Code   RO         1622    i.Chip_UART_TxCmd   uart_17xx_40xx.o
    0x00000a40   0x00000018   Code   RO         1955    i.IP_TIMER_Reset    timer_001.o
    0x00000a58   0x00000012   Code   RO         1989    i.IP_UART_ConfigData  usart_001.o
    0x00000a6a   0x00000048   Code   RO         1995    i.IP_UART_Init      usart_001.o
    0x00000ab2   0x000000fc   Code   RO         2002    i.IP_UART_SetBaud   usart_001.o
    0x00000bae   0x00000010   Code   RO         2003    i.IP_UART_TxCmd     usart_001.o
    0x00000bbe   0x00000002   PAD
    0x00000bc0   0x00000010   Code   RO         1014    i.SystemCoreClockUpdate  board_lpc1766stk.o
    0x00000bd0   0x00000044   Code   RO         1192    i.SystemInit        sysinit_lpc1766stk.o
    0x00000c14   0x0000007c   Code   RO         1193    i.SystemSetupClocking  sysinit_lpc1766stk.o
    0x00000c90   0x00000030   Code   RO            3    i.TIMER0_IRQHandler  main.o
    0x00000cc0   0x00000002   Code   RO         1015    i._sys_exit         board_lpc1766stk.o
    0x00000cc2   0x00000002   PAD
    0x00000cc4   0x00000030   Code   RO          682    i.eTaskConfirmSleepModeStatus  tasks.o
    0x00000cf4   0x00000048   Code   RO            4    i.main              main.o
    0x00000d3c   0x00000034   Code   RO          683    i.prvAddCurrentTaskToDelayedList  tasks.o
    0x00000d70   0x00000054   Code   RO          684    i.prvCheckTasksWaitingTermination  tasks.o
    0x00000dc4   0x00000024   Code   RO          685    i.prvGetExpectedIdleTime  tasks.o
    0x00000de8   0x00000038   Code   RO          686    i.prvIdleTask       tasks.o
    0x00000e20   0x00000006   Code   RO          243    i.prvTaskExitError  port.o
    0x00000e26   0x00000018   Code   RO          929    i.pvPortMalloc      heap_3.o
    0x00000e3e   0x00000002   PAD
    0x00000e40   0x00000020   Code   RO          244    i.pxPortInitialiseStack  port.o
    0x00000e60   0x00000024   Code   RO          441    i.uxListRemove      list.o
    0x00000e84   0x00000004   Code   RO          956    i.vApplicationIdleHook  freertoscommonhooks.o
    0x00000e88   0x00000016   Code   RO          442    i.vListInitialise   list.o
    0x00000e9e   0x00000006   Code   RO          443    i.vListInitialiseItem  list.o
    0x00000ea4   0x00000030   Code   RO          444    i.vListInsert       list.o
    0x00000ed4   0x00000018   Code   RO          445    i.vListInsertEnd    list.o
    0x00000eec   0x0000001c   Code   RO          246    i.vPortEnterCritical  port.o
    0x00000f08   0x00000014   Code   RO          247    i.vPortExitCritical  port.o
    0x00000f1c   0x0000001a   Code   RO          930    i.vPortFree         heap_3.o
    0x00000f36   0x00000002   PAD
    0x00000f38   0x0000003c   Code   RO          248    i.vPortSetupTimerInterrupt  port.o
    0x00000f74   0x000000dc   Code   RO          249    i.vPortSuppressTicksAndSleep  port.o
    0x00001050   0x00000018   Code   RO          250    i.vPortYield        port.o
    0x00001068   0x0000004c   Code   RO            5    i.vTIMER0_Init      main.o
    0x000010b4   0x00000034   Code   RO          694    i.vTaskDelay        tasks.o
    0x000010e8   0x00000044   Code   RO          706    i.vTaskStartScheduler  tasks.o
    0x0000112c   0x00000010   Code   RO          707    i.vTaskStepTick     tasks.o
    0x0000113c   0x00000010   Code   RO          709    i.vTaskSuspendAll   tasks.o
    0x0000114c   0x00000050   Code   RO          710    i.vTaskSwitchContext  tasks.o
    0x0000119c   0x00000016   Code   RO            6    i.vTimerTask        main.o
    0x000011b2   0x00000002   PAD
    0x000011b4   0x00000030   Code   RO          251    i.xPortStartScheduler  port.o
    0x000011e4   0x00000024   Code   RO          252    i.xPortSysTickHandler  port.o
    0x00001208   0x00000168   Code   RO          712    i.xTaskGenericCreate  tasks.o
    0x00001370   0x000000c4   Code   RO          716    i.xTaskIncrementTick  tasks.o
    0x00001434   0x0000009c   Code   RO          719    i.xTaskResumeAll    tasks.o
    0x000014d0   0x00000010   Data   RO         1194    .constdata          sysinit_lpc1766stk.o
    0x000014e0   0x00000020   Data   RO         2551    Region$$Table       anon$$obj.o


    Execution Region RW_IRAM1 (Base: 0x10000000, Size: 0x000033b8, Max: 0x00008000, ABSOLUTE)

    Base Addr    Size         Type   Attr      Idx    E Section Name        Object

    0x10000000   0x00000001   Data   RW            7    .data               main.o
    0x10000001   0x00000003   PAD
    0x10000004   0x00000010   Data   RW          253    .data               port.o
    0x10000014   0x00000038   Data   RW          722    .data               tasks.o
    0x1000004c   0x00000004   Data   RW         1023    .data               board_lpc1766stk.o
    0x10000050   0x00000104   Zero   RW          721    .bss                tasks.o
    0x10000154   0x00000060   Zero   RW         2423    .bss                c_w.l(libspace.o)
    0x100001b4   0x00000004   PAD
    0x100001b8   0x00003000   Zero   RW          234    HEAP                keil_freertos_startup_lpc17xx40xx.o
    0x100031b8   0x00000200   Zero   RW          233    STACK               keil_freertos_startup_lpc17xx40xx.o


==============================================================================

Image component sizes


      Code (inc. data)   RO Data    RW Data    ZI Data      Debug   Object Name

       204         20          0          4          0      14278   board_lpc1766stk.o
       452         74          0          0          0      13366   clock_17xx_40xx.o
         4          0          0          0          0        447   freertoscommonhooks.o
        50          0          0          0          0       1087   heap_3.o
        50          0          0          0          0        608   iocon_17xx_40xx.o
        68         28        204          0      12800        884   keil_freertos_startup_lpc17xx40xx.o
       136          0          0          0          0       4166   list.o
       218         24          0          1          0     110744   main.o
       612         60          0         16          0      10716   port.o
       192         22         16          0          0      11473   sysinit_lpc1766stk.o
      1220        100          0         56        260      11968   tasks.o
        24          0          0          0          0        449   timer_001.o
        62         14          0          0          0       1470   timer_17xx_40xx.o
       232         42          0          0          0       3399   uart_17xx_40xx.o
       358          0          0          0          0       3059   usart_001.o

    ----------------------------------------------------------------------
      3900        384        252         80      13060     188114   Object Totals
         0          0         32          0          0          0   (incl. Generated)
        18          0          0          3          0          0   (incl. Padding)

    ----------------------------------------------------------------------

      Code (inc. data)   RO Data    RW Data    ZI Data      Debug   Library Member Name

         8          0          0          0          0         68   __main.o
        52          8          0          0          0          0   __scatter.o
        26          0          0          0          0          0   __scatter_copy.o
        28          0          0          0          0          0   __scatter_zi.o
        16          0          0          0          0         68   aeabi_memset.o
        10          0          0          0          0         68   defsig_exit.o
        50          0          0          0          0         88   defsig_general.o
        80         58          0          0          0         76   defsig_rtmem_inner.o
        14          0          0          0          0         80   defsig_rtmem_outer.o
        12          0          0          0          0         72   exit.o
        94          0          0          0          0         80   h1_alloc.o
        52          0          0          0          0         68   h1_extend.o
        78          0          0          0          0         80   h1_free.o
        14          0          0          0          0         84   h1_init.o
         6          0          0          0          0        152   heapauxi.o
         4          0          0          0          0        136   hguard.o
         0          0          0          0          0          0   indicate_semi.o
       138          0          0          0          0        168   init_alloc.o
         2          0          0          0          0          0   libinit.o
        10          0          0          0          0          0   libinit2.o
         2          0          0          0          0          0   libshutdown.o
         2          0          0          0          0          0   libshutdown2.o
         8          4          0          0         96         68   libspace.o
       238          0          0          0          0        100   lludivv7m.o
         0          0          0          0          0          0   maybetermalloc1.o
         8          4          0          0          0         68   rt_heap_descriptor_intlibspace.o
        68          0          0          0          0         68   rt_memclr.o
        78          0          0          0          0         80   rt_memclr_w.o
         0          0          0          0          0          0   rtentry.o
        12          0          0          0          0          0   rtentry2.o
         6          0          0          0          0          0   rtentry4.o
         2          0          0          0          0          0   rtexit.o
        10          0          0          0          0          0   rtexit2.o
        74          0          0          0          0         80   sys_stackheap_outer.o
        14          0          0          0          0         76   sys_wrch.o
         2          0          0          0          0         68   use_no_semi.o

    ----------------------------------------------------------------------
      1224         74          0          0        100       1896   Library Totals
         6          0          0          0          4          0   (incl. Padding)

    ----------------------------------------------------------------------

      Code (inc. data)   RO Data    RW Data    ZI Data      Debug   Library Name

      1218         74          0          0         96       1896   c_w.l

    ----------------------------------------------------------------------
      1224         74          0          0        100       1896   Library Totals

    ----------------------------------------------------------------------

==============================================================================


      Code (inc. data)   RO Data    RW Data    ZI Data      Debug   

      5124        458        252         80      13160     185330   Grand Totals
      5124        458        252         80      13160     185330   ELF Image Totals
      5124        458        252         80          0          0   ROM Totals

==============================================================================

    Total RO  Size (Code + RO Data)                 5376 (   5.25kB)
    Total RW  Size (RW Data + ZI Data)             13240 (  12.93kB)
    Total ROM Size (Code + RO Data + RW Data)       5456 (   5.33kB)

==============================================================================

